SYS - 설치시 설정
SYSTEM - MANAGER
SCOTT - TIGER

cmd창에서 SQLPLUS -> 비밀번호 작성 -> 연결 가능
SQLPLUS SYSTEM/1234 -> 한번에 연결

SQL 명령어(명령문 끝에 세미콜론 무조건 사용)
GRANT    CREATE
SELECT
INSERT

SQL PLUS 명령어(명령문 끝에 세미콜론 써도 안써도 무방)
SHOW        HELP
CONNECT
EXIT
RUN - 마지막에 쓴 SQL명령문 실행
DESCRIBE - 테이블의 이름과 형태를 보여줌
LIST - 마지막에 쓴 SQL명령문 보여줌(버퍼에 남아있는)
DEL - 버퍼에 남아있는 것을 지움

*SELECT의 기능 (tuple 단위의 연산)
PROJECTION - 열 단위로 테이블을 출력하는 것
SELECTION - 행 단위로 뽑아내고 싶은 것을 출력
JOIN -  
WHERE - 조건을 만족하는 행이 반환됨
 SELECT FROM WHERE 순서로
문자형이나 날짜는 작은 따옴표로 묶음
별칭 사용 X
ORDER BY -

*SELECT 구문
(1) FROM 테이블명
(2) [WHERE 검색조건] - 수식을 좌변에 쓰면 검색 속도가 느려짐, 즉 수식은 우변에 넣거나 합치기 EX) salary + 100 > 5000 -> salary > 4900
(3) [GROUP BY column | 표현식]
(4) [HAVING 검색 조건]
(5) SELECT [DISTINCT] {* | column명 | 표현식 [별칭]}
(6) [ORDER BY {속성} [ASC | DESC]];

NVL(A, B) : A를 B 값으로 대체해라

연결 연산자
연산자의  좌우에 있는 컬럼이 결합되어 단일 컬럼으로 출력
컬럼 사이사이에 || 기호 사용
문자열 literal 을 사용하는 경우 'literal'사용

컬럼 별칭
결과를 표시할 때 일반적으로 선택한 컬럼의 이름을 HEADING으로 사용
속성 별칭 / 속성 "별칭" / 속성 as 별칭 / 속성 as "별칭"
(따옴표는 띄어쓰기 있을 때)

중복행 제거
SELECT DISTINCT { * | column명 | 표현식[별칭]}

--------------
ROWNUM

ROWID
테이블 내의 특정한 행을 유일하게 구별하게 하는 값
데이터 타입은 ROWID
ROWID의 구성 : object|file#|block#|block 내의 위치

같지 않다 : <> != ^=

between a and b
업무 IN (list,list,list)
LIKE - % 0개/1개 이상의 문자와 대응 , _ 한개의 문자와 대응
_c% : 
%b%
IS NULL - NULL 값을 가진 데이터 출력


SQL> CONN SYSTEM
Enter password:
Connected.
SQL> CREATE USER
  2
SQL> CREATE USER DBTEST IDENTIFIED BY dbgood
  2  DEFAULT TABLESPACE users
  3  TEMPORARY TABLESPACE temp;

User created.

SQL> CONN DBTEST
Enter password:
ERROR:
ORA-01017: invalid username/password; logon denied


Warning: You are no longer connected to ORACLE.
SQL> SHOW USER
USER is ""
SQL> CONN SYSTEM
Enter password:
Connected.
SQL> GRANT CONNECT, RESOURCE TO DBTEST;

Grant succeeded.

SQL> CONN DBTEST
Enter password:
Connected.
SQL> SHOW USER
USER is "DBTEST"
SQL> CREATE TABLE carTable(id INT, data VARCHAR2(20));

Table created.

SQL> SELECT * FROM carTable;

no rows selected

SQL> INSERT INTO carTable VALUES(1000, "GRANDEUR");
INSERT INTO carTable VALUES(1000, "GRANDEUR")
                                  *
ERROR at line 1:
ORA-00984: column not allowed here


SQL> INSERT INTO carTable VALUES(1000, 'GRANDEUR');

1 row created.

SQL> SELECT * FROM carTable;

        ID DATA
---------- ----------------------------------------
      1000 GRANDEUR

SQL> INSERT INTO carTable VALUES(1000, 'SM6');

1 row created.

SQL> INSERT INTO carTable VALUES(1000, 'K5');

1 row created.

SQL> SELECT * FROM carTable;

        ID DATA
---------- ----------------------------------------
      1000 GRANDEUR
      1000 SM6
      1000 K5

SQL> HELP

 HELP
 ----

 Accesses this command line help system. Enter HELP INDEX or ? INDEX
 for a list of topics.

 You can view SQL*Plus resources at
     http://www.oracle.com/technology/tech/sql_plus/
 and the Oracle Database Library at
     http://www.oracle.com/technology/documentation/

 HELP|? [topic]


SQL> HELP INDEX

Enter Help [topic] for help.

 @             COPY         PAUSE                    SHUTDOWN
 @@            DEFINE       PRINT                    SPOOL
 /             DEL          PROMPT                   SQLPLUS
 ACCEPT        DESCRIBE     QUIT                     START
 APPEND        DISCONNECT   RECOVER                  STARTUP
 ARCHIVE LOG   EDIT         REMARK                   STORE
 ATTRIBUTE     EXECUTE      REPFOOTER                TIMING
 BREAK         EXIT         REPHEADER                TTITLE
 BTITLE        GET          RESERVED WORDS (SQL)     UNDEFINE
 CHANGE        HELP         RESERVED WORDS (PL/SQL)  VARIABLE
 CLEAR         HOST         RUN                      WHENEVER OSERROR
 COLUMN        INPUT        SAVE                     WHENEVER SQLERROR
 COMPUTE       LIST         SET                      XQUERY
 CONNECT       PASSWORD     SHOW


SQL> HELP RUN

 RUN
 ---

 Lists and executes the most recently executed SQL command or
 PL/SQL block which is stored in the SQL buffer. The buffer has
 no command history list and does not record SQL*Plus commands.

 R[UN]


SQL> RUN
  1* SELECT * FROM carTable

        ID DATA
---------- ----------------------------------------
      1000 GRANDEUR
      1000 SM6
      1000 K5

SQL> R
  1* SELECT * FROM carTable

        ID DATA
---------- ----------------------------------------
      1000 GRANDEUR
      1000 SM6
      1000 K5

SQL> HELP SELECT
SP2-0172: No HELP matching this topic was found.
SQL> HELP DESCRIBE

 DESCRIBE
 --------

 Lists the column definitions for a table, view, or synonym,
 or the specifications for a function or procedure.

 DESC[RIBE] {[schema.]object[@connect_identifier]}


SQL> DESCRIBE carTable
 Name                                      Null?    Type
 ----------------------------------------- -------- ----------------------------
 ID                                                 NUMBER(38)
 DATA                                               VARCHAR2(20)

SQL> LIST
  1* SELECT * FROM carTable
SQL> /

        ID DATA
---------- ----------------------------------------
      1000 GRANDEUR
      1000 SM6
      1000 K5

SQL> APPEND
SP2-0004: Nothing to append.
SQL> APPEND  ORDER BY data
  1* SELECT * FROM carTable ORDER BY data
SQL> L
  1* SELECT * FROM carTable ORDER BY data
SQL> /

        ID DATA
---------- ----------------------------------------
      1000 GRANDEUR
      1000 K5
      1000 SM6

SQL> DEL
SQL> l
SP2-0223: No lines in SQL buffer.
SQL> L
SP2-0223: No lines in SQL buffer.
SQL> CONN HR/1234
ERROR:
ORA-28000: the account is locked


Warning: You are no longer connected to ORACLE.
SQL> SHOW USER
USER is ""
SQL> CONN SYSTEM
Enter password:
Connected.
SQL> SHOW USER
USER is "SYSTEM"
SQL> ALTER USER HR ACCOUNT UNLOCK IDENTIFIED BY 1234;

User altered.

SQL> CONN HR/1234
Connected.
SQL> SHOW USER
USER is "HR"
SQL> SELECT * FROM tab;

TNAME                                                        TABTYPE
------------------------------------------------------------ --------------
 CLUSTERID
----------
COUNTRIES                                                    TABLE


DEPARTMENTS                                                  TABLE


EMPLOYEES                                                    TABLE



TNAME                                                        TABTYPE
------------------------------------------------------------ --------------
 CLUSTERID
----------
EMP_DETAILS_VIEW                                             VIEW


JOBS                                                         TABLE


JOB_HISTORY                                                  TABLE



TNAME                                                        TABTYPE
------------------------------------------------------------ --------------
 CLUSTERID
----------
LOCATIONS                                                    TABLE


REGIONS                                                      TABLE



8 rows selected.

SQL> DESCRIBE LOCATIONS
 Name                                      Null?    Type
 ----------------------------------------- -------- ----------------------------
 LOCATION_ID                               NOT NULL NUMBER(4)
 STREET_ADDRESS                                     VARCHAR2(40)
 POSTAL_CODE                                        VARCHAR2(12)
 CITY                                      NOT NULL VARCHAR2(30)
 STATE_PROVINCE                                     VARCHAR2(25)
 COUNTRY_ID                                         CHAR(2)


3/15
SQL> HELP SET

 SET
 ---

 Sets a system variable to alter the SQL*Plus environment settings
 for your current session. For example, to:
     -   set the display width for data
     -   customize HTML formatting
     -   enable or disable printing of column headings
     -   set the number of lines per page

 SET system_variable value

 where system_variable and value represent one of the following clauses:

   APPI[NFO]{OFF|ON|text}                   NEWP[AGE] {1|n|NONE}
   ARRAY[SIZE] {15|n}                       NULL text
   AUTO[COMMIT] {OFF|ON|IMM[EDIATE]|n}      NUMF[ORMAT] format
   AUTOP[RINT] {OFF|ON}                     NUM[WIDTH] {10|n}
   AUTORECOVERY {OFF|ON}                    PAGES[IZE] {14|n}
   AUTOT[RACE] {OFF|ON|TRACE[ONLY]}         PAU[SE] {OFF|ON|text}
     [EXP[LAIN]] [STAT[ISTICS]]             RECSEP {WR[APPED]|EA[CH]|OFF}
   BLO[CKTERMINATOR] {.|c|ON|OFF}           RECSEPCHAR {_|c}
   CMDS[EP] {;|c|OFF|ON}                    SERVEROUT[PUT] {ON|OFF}
   COLSEP {_|text}                            [SIZE {n | UNLIMITED}]
   CON[CAT] {.|c|ON|OFF}                      [FOR[MAT]  {WRA[PPED] |
   COPYC[OMMIT] {0|n}                          WOR[D_WRAPPED] |
   COPYTYPECHECK {ON|OFF}                      TRU[NCATED]}]
   DEF[INE] {&|c|ON|OFF}                    SHIFT[INOUT] {VIS[IBLE] |
   DESCRIBE [DEPTH {1|n|ALL}]                 INV[ISIBLE]}
     [LINENUM {OFF|ON}] [INDENT {OFF|ON}]   SHOW[MODE] {OFF|ON}
   ECHO {OFF|ON}                            SQLBL[ANKLINES] {OFF|ON}
   EDITF[ILE] file_name[.ext]               SQLC[ASE] {MIX[ED] |
   EMB[EDDED] {OFF|ON}                        LO[WER] | UP[PER]}
   ERRORL[OGGING] {ON|OFF}                  SQLCO[NTINUE] {> | text}
     [TABLE [schema.]tablename]             SQLN[UMBER] {ON|OFF}
     [TRUNCATE] [IDENTIFIER identifier]     SQLPLUSCOMPAT[IBILITY] {x.y[.z]}
   ESC[APE] {\|c|OFF|ON}                    SQLPRE[FIX] {#|c}
   ESCCHAR {@|?|%|$|OFF}                    SQLP[ROMPT] {SQL>|text}
   EXITC[OMMIT] {ON|OFF}                    SQLT[ERMINATOR] {;|c|ON|OFF}
   FEED[BACK] {6|n|ON|OFF}                  SUF[FIX] {SQL|text}
   FLAGGER {OFF|ENTRY|INTERMED[IATE]|FULL}  TAB {ON|OFF}
   FLU[SH] {ON|OFF}                         TERM[OUT] {ON|OFF}
   HEA[DING] {ON|OFF}                       TI[ME] {OFF|ON}
   HEADS[EP] {||c|ON|OFF}                   TIMI[NG] {OFF|ON}
   INSTANCE [instance_path|LOCAL]           TRIM[OUT] {ON|OFF}
   LIN[ESIZE] {80|n}                        TRIMS[POOL] {OFF|ON}
   LOBOF[FSET] {1|n}                        UND[ERLINE] {-|c|ON|OFF}
   LOGSOURCE [pathname]                     VER[IFY] {ON|OFF}
   LONG {80|n}                              WRA[P] {ON|OFF}
   LONGC[HUNKSIZE] {80|n}                   XQUERY {BASEURI text|
   MARK[UP] HTML [OFF|ON]                     ORDERING{UNORDERED|
     [HEAD text] [BODY text] [TABLE text]              ORDERED|DEFAULT}|
     [ENTMAP {ON|OFF}]                        NODE{BYVALUE|BYREFERENCE|
     [SPOOL {OFF|ON}]                              DEFAULT}|
     [PRE[FORMAT] {OFF|ON}]                   CONTEXT text}


SQL> SET LIN 200
SQL> SELECT * FROM tab;

TNAME                                                        TABTYPE         CLUSTERID
------------------------------------------------------------ -------------- ----------
COUNTRIES                                                    TABLE
DEPARTMENTS                                                  TABLE
EMPLOYEES                                                    TABLE
EMP_DETAILS_VIEW                                             VIEW
JOBS                                                         TABLE
JOB_HISTORY                                                  TABLE
LOCATIONS                                                    TABLE
REGIONS                                                      TABLE

8 rows selected.

SQL> R
  1* SELECT * FROM tab

TNAME                                                        TABTYPE         CLUSTERID
------------------------------------------------------------ -------------- ----------
COUNTRIES                                                    TABLE
DEPARTMENTS                                                  TABLE
EMPLOYEES                                                    TABLE
EMP_DETAILS_VIEW                                             VIEW
JOBS                                                         TABLE
JOB_HISTORY                                                  TABLE
LOCATIONS                                                    TABLE
REGIONS                                                      TABLE

8 rows selected.

SQL> HELP INDEX

Enter Help [topic] for help.

 @             COPY         PAUSE                    SHUTDOWN
 @@            DEFINE       PRINT                    SPOOL
 /             DEL          PROMPT                   SQLPLUS
 ACCEPT        DESCRIBE     QUIT                     START
 APPEND        DISCONNECT   RECOVER                  STARTUP
 ARCHIVE LOG   EDIT         REMARK                   STORE
 ATTRIBUTE     EXECUTE      REPFOOTER                TIMING
 BREAK         EXIT         REPHEADER                TTITLE
 BTITLE        GET          RESERVED WORDS (SQL)     UNDEFINE
 CHANGE        HELP         RESERVED WORDS (PL/SQL)  VARIABLE
 CLEAR         HOST         RUN                      WHENEVER OSERROR
 COLUMN        INPUT        SAVE                     WHENEVER SQLERROR
 COMPUTE       LIST         SET                      XQUERY
 CONNECT       PASSWORD     SHOW


SQL> SAVE D:\DB\sqlbuffer.sql
Created file D:\DB\sqlbuffer.sql
SQL> SPOOL D:\DB\sqlspool
SQL> SELECT * FROM jobs;

JOB_ID               JOB_TITLE                                                              MIN_SALARY MAX_SALARY
-------------------- ---------------------------------------------------------------------- ---------- ----------
AD_PRES              President                                                                   20080      40000
AD_VP                Administration Vice President                                               15000      30000
AD_ASST              Administration Assistant                                                     3000       6000
FI_MGR               Finance Manager                                                              8200      16000
FI_ACCOUNT           Accountant                                                                   4200       9000
AC_MGR               Accounting Manager                                                           8200      16000
AC_ACCOUNT           Public Accountant                                                            4200       9000
SA_MAN               Sales Manager                                                               10000      20080
SA_REP               Sales Representative                                                         6000      12008
PU_MAN               Purchasing Manager                                                           8000      15000
PU_CLERK             Purchasing Clerk                                                             2500       5500

JOB_ID               JOB_TITLE                                                              MIN_SALARY MAX_SALARY
-------------------- ---------------------------------------------------------------------- ---------- ----------
ST_MAN               Stock Manager                                                                5500       8500
ST_CLERK             Stock Clerk                                                                  2008       5000
SH_CLERK             Shipping Clerk                                                               2500       5500
IT_PROG              Programmer                                                                   4000      10000
MK_MAN               Marketing Manager                                                            9000      15000
MK_REP               Marketing Representative                                                     4000       9000
HR_REP               Human Resources Representative                                               4000       9000
PR_REP               Public Relations Representative                                              4500      10500

19 rows selected.

SQL> SELECT COUNT(*) FROM tab;

  COUNT(*)
----------
         8

SQL> SPOOL OFF
SQL> HOST
Microsoft Windows [Version 10.0.17134.472]
(c) 2018 Microsoft Corporation. All rights reserved.

C:\oraclexe\app\oracle\product\11.2.0\server\BIN>D:

D:\>CD DB

D:\DB>DIR
 D 드라이브의 볼륨: Data Disk
 볼륨 일련 번호: E61F-C80A

 D:\DB 디렉터리

2019-03-15  오전 09:37    <DIR>          .
2019-03-15  오전 09:37    <DIR>          ..
2019-03-15  오전 09:33                22 sqlbuffer.sql
2019-03-15  오전 09:38             5,357 sqlspool.LST
               2개 파일               5,379 바이트
               2개 디렉터리  999,981,936,640 바이트 남음

D:\DB>TYPE sqlspool.LST
SQL> SELECT * FROM jobs;

JOB_ID               JOB_TITLE                                                              MIN_SALARY MAX_SALARY       
-------------------- ---------------------------------------------------------------------- ---------- ----------       
AD_PRES              President                                                                   20080      40000       
AD_VP                Administration Vice President                                               15000      30000       
AD_ASST              Administration Assistant                                                     3000       6000       
FI_MGR               Finance Manager                                                              8200      16000       
FI_ACCOUNT           Accountant                                                                   4200       9000       
AC_MGR               Accounting Manager                                                           8200      16000       
AC_ACCOUNT           Public Accountant                                                            4200       9000       
SA_MAN               Sales Manager                                                               10000      20080       
SA_REP               Sales Representative                                                         6000      12008       
PU_MAN               Purchasing Manager                                                           8000      15000       
PU_CLERK             Purchasing Clerk                                                             2500       5500       

JOB_ID               JOB_TITLE                                                              MIN_SALARY MAX_SALARY       
-------------------- ---------------------------------------------------------------------- ---------- ----------       
ST_MAN               Stock Manager                                                                5500       8500       
ST_CLERK             Stock Clerk                                                                  2008       5000       
SH_CLERK             Shipping Clerk                                                               2500       5500       
IT_PROG              Programmer                                                                   4000      10000       
MK_MAN               Marketing Manager                                                            9000      15000       
MK_REP               Marketing Representative                                                     4000       9000       
HR_REP               Human Resources Representative                                               4000       9000       
PR_REP               Public Relations Representative                                              4500      10500       

19 rows selected.

SQL> SELECT COUNT(*) FROM tab;

  COUNT(*)                                                                                                              
----------                                                                                                              
         8                                                                                                              

SQL> SPOOL OFF

D:\DB>NOTEPAD

D:\DB>NOTEPAD SQLSPOOL.LST

D:\DB>EXIT

SQL> CONN HR/1234

SQL> CONN HR/1234
Connected.
SQL> DESC employees
 Name                                      Null?    Type
 ----------------------------------------- -------- ----------------------------
 EMPLOYEE_ID                               NOT NULL NUMBER(6)
 FIRST_NAME                                         VARCHAR2(20)
 LAST_NAME                                 NOT NULL VARCHAR2(25)
 EMAIL                                     NOT NULL VARCHAR2(25)
 PHONE_NUMBER                                       VARCHAR2(20)
 HIRE_DATE                                 NOT NULL DATE
 JOB_ID                                    NOT NULL VARCHAR2(10)
 SALARY                                             NUMBER(8,2)
 COMMISSION_PCT                                     NUMBER(2,2)
 MANAGER_ID                                         NUMBER(6)
 DEPARTMENT_ID                                      NUMBER(4)

SQL> SET LIN 1000
SQL> show tables
SP2-0158: unknown SHOW option "tables"
SQL> show table
SP2-0158: unknown SHOW option "table"
SQL> DESCRIBE tab
 Name



                                                                                   Null?    Type
 ----------------------------------------------------------------------------------------------------------------------------------------------------------------------------------------------------------------------------------------------------------------------------------------------------------------------------------------------------------------------------------------------------------------------------------------------------------------------------------------------------------------------------------------------------------------------------------------------------------------- -------- ------------------------------------------------------------------------------------------------------------------------------------------------------------------------------------------------------------------------------------------------------------------------------------------------------------------------------------------------------------------------------------------------------------
 TNAME



                                                                                   NOT NULL VARCHAR2(30)
 TABTYPE



                                                                                            VARCHAR2(7)
 CLUSTERID



                                                                                            NUMBER

SQL> SELECT employee_id, first_name, last_name, salary, job_id FROM employees;

EMPLOYEE_ID FIRST_NAME                               LAST_NAME                                           SALARY JOB_ID
----------- ---------------------------------------- -------------------------------------------------- ---------- --------------------
        100 Steven                                   King                                                    24000 AD_PRES
        101 Neena                                    Kochhar                                                 17000 AD_VP
        102 Lex                                      De Haan                                                 17000 AD_VP
        103 Alexander                                Hunold                                                   9000 IT_PROG
        104 Bruce                                    Ernst                                                    6000 IT_PROG
        105 David                                    Austin                                                   4800 IT_PROG
        106 Valli                                    Pataballa                                                4800 IT_PROG
        107 Diana                                    Lorentz                                                  4200 IT_PROG
        108 Nancy                                    Greenberg                                               12008 FI_MGR
        109 Daniel                                   Faviet                                                   9000 FI_ACCOUNT
        110 John                                     Chen                                                     8200 FI_ACCOUNT

EMPLOYEE_ID FIRST_NAME                               LAST_NAME                                           SALARY JOB_ID
----------- ---------------------------------------- -------------------------------------------------- ---------- --------------------
        111 Ismael                                   Sciarra                                                  7700 FI_ACCOUNT
        112 Jose Manuel                              Urman                                                    7800 FI_ACCOUNT
        113 Luis                                     Popp                                                     6900 FI_ACCOUNT
        114 Den                                      Raphaely                                                11000 PU_MAN
        115 Alexander                                Khoo                                                     3100 PU_CLERK
        116 Shelli                                   Baida                                                    2900 PU_CLERK
        117 Sigal                                    Tobias                                                   2800 PU_CLERK
        118 Guy                                      Himuro                                                   2600 PU_CLERK
        119 Karen                                    Colmenares                                               2500 PU_CLERK
        120 Matthew                                  Weiss                                                    8000 ST_MAN
        121 Adam                                     Fripp                                                    8200 ST_MAN

EMPLOYEE_ID FIRST_NAME                               LAST_NAME                                           SALARY JOB_ID
----------- ---------------------------------------- -------------------------------------------------- ---------- --------------------
        122 Payam                                    Kaufling                                                 7900 ST_MAN
        123 Shanta                                   Vollman                                                  6500 ST_MAN
        124 Kevin                                    Mourgos                                                  5800 ST_MAN
        125 Julia                                    Nayer                                                    3200 ST_CLERK
        126 Irene                                    Mikkilineni                                              2700 ST_CLERK
        127 James                                    Landry                                                   2400 ST_CLERK
        128 Steven                                   Markle                                                   2200 ST_CLERK
        129 Laura                                    Bissot                                                   3300 ST_CLERK
        130 Mozhe                                    Atkinson                                                 2800 ST_CLERK
        131 James                                    Marlow                                                   2500 ST_CLERK
        132 TJ                                       Olson                                                    2100 ST_CLERK

EMPLOYEE_ID FIRST_NAME                               LAST_NAME                                           SALARY JOB_ID
----------- ---------------------------------------- -------------------------------------------------- ---------- --------------------
        133 Jason                                    Mallin                                                   3300 ST_CLERK
        134 Michael                                  Rogers                                                   2900 ST_CLERK
        135 Ki                                       Gee                                                      2400 ST_CLERK
        136 Hazel                                    Philtanker                                               2200 ST_CLERK
        137 Renske                                   Ladwig                                                   3600 ST_CLERK
        138 Stephen                                  Stiles                                                   3200 ST_CLERK
        139 John                                     Seo                                                      2700 ST_CLERK
        140 Joshua                                   Patel                                                    2500 ST_CLERK
        141 Trenna                                   Rajs                                                     3500 ST_CLERK
        142 Curtis                                   Davies                                                   3100 ST_CLERK
        143 Randall                                  Matos                                                    2600 ST_CLERK

EMPLOYEE_ID FIRST_NAME                               LAST_NAME                                           SALARY JOB_ID
----------- ---------------------------------------- -------------------------------------------------- ---------- --------------------
        144 Peter                                    Vargas                                                   2500 ST_CLERK
        145 John                                     Russell                                                 14000 SA_MAN
        146 Karen                                    Partners                                                13500 SA_MAN
        147 Alberto                                  Errazuriz                                               12000 SA_MAN
        148 Gerald                                   Cambrault                                               11000 SA_MAN
        149 Eleni                                    Zlotkey                                                 10500 SA_MAN
        150 Peter                                    Tucker                                                  10000 SA_REP
        151 David                                    Bernstein                                                9500 SA_REP
        152 Peter                                    Hall                                                     9000 SA_REP
        153 Christopher                              Olsen                                                    8000 SA_REP
        154 Nanette                                  Cambrault                                                7500 SA_REP

EMPLOYEE_ID FIRST_NAME                               LAST_NAME                                           SALARY JOB_ID
----------- ---------------------------------------- -------------------------------------------------- ---------- --------------------
        155 Oliver                                   Tuvault                                                  7000 SA_REP
        156 Janette                                  King                                                    10000 SA_REP
        157 Patrick                                  Sully                                                    9500 SA_REP
        158 Allan                                    McEwen                                                   9000 SA_REP
        159 Lindsey                                  Smith                                                    8000 SA_REP
        160 Louise                                   Doran                                                    7500 SA_REP
        161 Sarath                                   Sewall                                                   7000 SA_REP
        162 Clara                                    Vishney                                                 10500 SA_REP
        163 Danielle                                 Greene                                                   9500 SA_REP
        164 Mattea                                   Marvins                                                  7200 SA_REP
        165 David                                    Lee                                                      6800 SA_REP

EMPLOYEE_ID FIRST_NAME                               LAST_NAME                                           SALARY JOB_ID
----------- ---------------------------------------- -------------------------------------------------- ---------- --------------------
        166 Sundar                                   Ande                                                     6400 SA_REP
        167 Amit                                     Banda                                                    6200 SA_REP
        168 Lisa                                     Ozer                                                    11500 SA_REP
        169 Harrison                                 Bloom                                                   10000 SA_REP
        170 Tayler                                   Fox                                                      9600 SA_REP
        171 William                                  Smith                                                    7400 SA_REP
        172 Elizabeth                                Bates                                                    7300 SA_REP
        173 Sundita                                  Kumar                                                    6100 SA_REP
        174 Ellen                                    Abel                                                    11000 SA_REP
        175 Alyssa                                   Hutton                                                   8800 SA_REP
        176 Jonathon                                 Taylor                                                   8600 SA_REP

EMPLOYEE_ID FIRST_NAME                               LAST_NAME                                           SALARY JOB_ID
----------- ---------------------------------------- -------------------------------------------------- ---------- --------------------
        177 Jack                                     Livingston                                               8400 SA_REP
        178 Kimberely                                Grant                                                    7000 SA_REP
        179 Charles                                  Johnson                                                  6200 SA_REP
        180 Winston                                  Taylor                                                   3200 SH_CLERK
        181 Jean                                     Fleaur                                                   3100 SH_CLERK
        182 Martha                                   Sullivan                                                 2500 SH_CLERK
        183 Girard                                   Geoni                                                    2800 SH_CLERK
        184 Nandita                                  Sarchand                                                 4200 SH_CLERK
        185 Alexis                                   Bull                                                     4100 SH_CLERK
        186 Julia                                    Dellinger                                                3400 SH_CLERK
        187 Anthony                                  Cabrio                                                   3000 SH_CLERK

EMPLOYEE_ID FIRST_NAME                               LAST_NAME                                           SALARY JOB_ID
----------- ---------------------------------------- -------------------------------------------------- ---------- --------------------
        188 Kelly                                    Chung                                                    3800 SH_CLERK
        189 Jennifer                                 Dilly                                                    3600 SH_CLERK
        190 Timothy                                  Gates                                                    2900 SH_CLERK
        191 Randall                                  Perkins                                                  2500 SH_CLERK
        192 Sarah                                    Bell                                                     4000 SH_CLERK
        193 Britney                                  Everett                                                  3900 SH_CLERK
        194 Samuel                                   McCain                                                   3200 SH_CLERK
        195 Vance                                    Jones                                                    2800 SH_CLERK
        196 Alana                                    Walsh                                                    3100 SH_CLERK
        197 Kevin                                    Feeney                                                   3000 SH_CLERK
        198 Donald                                   OConnell                                                 2600 SH_CLERK

EMPLOYEE_ID FIRST_NAME                               LAST_NAME                                           SALARY JOB_ID
----------- ---------------------------------------- -------------------------------------------------- ---------- --------------------
        199 Douglas                                  Grant                                                    2600 SH_CLERK
        200 Jennifer                                 Whalen                                                   4400 AD_ASST
        201 Michael                                  Hartstein                                               13000 MK_MAN
        202 Pat                                      Fay                                                      6000 MK_REP
        203 Susan                                    Mavris                                                   6500 HR_REP
        204 Hermann                                  Baer                                                    10000 PR_REP
        205 Shelley                                  Higgins                                                 12008 AC_MGR
        206 William                                  Gietz                                                    8300 AC_ACCOUNT

107 rows selected.

SQL> SELECT employee_id, first_name, last_name, salary, salary+300 FROM employees;

EMPLOYEE_ID FIRST_NAME                               LAST_NAME                                           SALARY SALARY+300
----------- ---------------------------------------- -------------------------------------------------- ---------- ----------
        100 Steven                                   King                                                    24000
24300
        101 Neena                                    Kochhar                                                 17000
17300
        102 Lex                                      De Haan                                                 17000
17300
        103 Alexander                                Hunold                                                   9000
 9300
        104 Bruce                                    Ernst                                                    6000
 6300
        105 David                                    Austin                                                   4800
 5100
        106 Valli                                    Pataballa                                                4800
 5100
        107 Diana                                    Lorentz                                                  4200
 4500
        108 Nancy                                    Greenberg                                               12008
12308
        109 Daniel                                   Faviet                                                   9000
 9300
        110 John                                     Chen                                                     8200
 8500

EMPLOYEE_ID FIRST_NAME                               LAST_NAME                                           SALARY SALARY+300
----------- ---------------------------------------- -------------------------------------------------- ---------- ----------
        111 Ismael                                   Sciarra                                                  7700
 8000
        112 Jose Manuel                              Urman                                                    7800
 8100
        113 Luis                                     Popp                                                     6900
 7200
        114 Den                                      Raphaely                                                11000
11300
        115 Alexander                                Khoo                                                     3100
 3400
        116 Shelli                                   Baida                                                    2900
 3200
        117 Sigal                                    Tobias                                                   2800
 3100
        118 Guy                                      Himuro                                                   2600
 2900
        119 Karen                                    Colmenares                                               2500
 2800
        120 Matthew                                  Weiss                                                    8000
 8300
        121 Adam                                     Fripp                                                    8200
 8500

EMPLOYEE_ID FIRST_NAME                               LAST_NAME                                           SALARY SALARY+300
----------- ---------------------------------------- -------------------------------------------------- ---------- ----------
        122 Payam                                    Kaufling                                                 7900
 8200
        123 Shanta                                   Vollman                                                  6500
 6800
        124 Kevin                                    Mourgos                                                  5800
 6100
        125 Julia                                    Nayer                                                    3200
 3500
        126 Irene                                    Mikkilineni                                              2700
 3000
        127 James                                    Landry                                                   2400
 2700
        128 Steven                                   Markle                                                   2200
 2500
        129 Laura                                    Bissot                                                   3300
 3600
        130 Mozhe                                    Atkinson                                                 2800
 3100
        131 James                                    Marlow                                                   2500
 2800
        132 TJ                                       Olson                                                    2100
 2400

EMPLOYEE_ID FIRST_NAME                               LAST_NAME                                           SALARY SALARY+300
----------- ---------------------------------------- -------------------------------------------------- ---------- ----------
        133 Jason                                    Mallin                                                   3300
 3600
        134 Michael                                  Rogers                                                   2900
 3200
        135 Ki                                       Gee                                                      2400
 2700
        136 Hazel                                    Philtanker                                               2200
 2500
        137 Renske                                   Ladwig                                                   3600
 3900
        138 Stephen                                  Stiles                                                   3200
 3500
        139 John                                     Seo                                                      2700
 3000
        140 Joshua                                   Patel                                                    2500
 2800
        141 Trenna                                   Rajs                                                     3500
 3800
        142 Curtis                                   Davies                                                   3100
 3400
        143 Randall                                  Matos                                                    2600
 2900

EMPLOYEE_ID FIRST_NAME                               LAST_NAME                                           SALARY SALARY+300
----------- ---------------------------------------- -------------------------------------------------- ---------- ----------
        144 Peter                                    Vargas                                                   2500
 2800
        145 John                                     Russell                                                 14000
14300
        146 Karen                                    Partners                                                13500
13800
        147 Alberto                                  Errazuriz                                               12000
12300
        148 Gerald                                   Cambrault                                               11000
11300
        149 Eleni                                    Zlotkey                                                 10500
10800
        150 Peter                                    Tucker                                                  10000
10300
        151 David                                    Bernstein                                                9500
 9800
        152 Peter                                    Hall                                                     9000
 9300
        153 Christopher                              Olsen                                                    8000
 8300
        154 Nanette                                  Cambrault                                                7500
 7800

EMPLOYEE_ID FIRST_NAME                               LAST_NAME                                           SALARY SALARY+300
----------- ---------------------------------------- -------------------------------------------------- ---------- ----------
        155 Oliver                                   Tuvault                                                  7000
 7300
        156 Janette                                  King                                                    10000
10300
        157 Patrick                                  Sully                                                    9500
 9800
        158 Allan                                    McEwen                                                   9000
 9300
        159 Lindsey                                  Smith                                                    8000
 8300
        160 Louise                                   Doran                                                    7500
 7800
        161 Sarath                                   Sewall                                                   7000
 7300
        162 Clara                                    Vishney                                                 10500
10800
        163 Danielle                                 Greene                                                   9500
 9800
        164 Mattea                                   Marvins                                                  7200
 7500
        165 David                                    Lee                                                      6800
 7100

EMPLOYEE_ID FIRST_NAME                               LAST_NAME                                           SALARY SALARY+300
----------- ---------------------------------------- -------------------------------------------------- ---------- ----------
        166 Sundar                                   Ande                                                     6400
 6700
        167 Amit                                     Banda                                                    6200
 6500
        168 Lisa                                     Ozer                                                    11500
11800
        169 Harrison                                 Bloom                                                   10000
10300
        170 Tayler                                   Fox                                                      9600
 9900
        171 William                                  Smith                                                    7400
 7700
        172 Elizabeth                                Bates                                                    7300
 7600
        173 Sundita                                  Kumar                                                    6100
 6400
        174 Ellen                                    Abel                                                    11000
11300
        175 Alyssa                                   Hutton                                                   8800
 9100
        176 Jonathon                                 Taylor                                                   8600
 8900

EMPLOYEE_ID FIRST_NAME                               LAST_NAME                                           SALARY SALARY+300
----------- ---------------------------------------- -------------------------------------------------- ---------- ----------
        177 Jack                                     Livingston                                               8400
 8700
        178 Kimberely                                Grant                                                    7000
 7300
        179 Charles                                  Johnson                                                  6200
 6500
        180 Winston                                  Taylor                                                   3200
 3500
        181 Jean                                     Fleaur                                                   3100
 3400
        182 Martha                                   Sullivan                                                 2500
 2800
        183 Girard                                   Geoni                                                    2800
 3100
        184 Nandita                                  Sarchand                                                 4200
 4500
        185 Alexis                                   Bull                                                     4100
 4400
        186 Julia                                    Dellinger                                                3400
 3700
        187 Anthony                                  Cabrio                                                   3000
 3300

EMPLOYEE_ID FIRST_NAME                               LAST_NAME                                           SALARY SALARY+300
----------- ---------------------------------------- -------------------------------------------------- ---------- ----------
        188 Kelly                                    Chung                                                    3800
 4100
        189 Jennifer                                 Dilly                                                    3600
 3900
        190 Timothy                                  Gates                                                    2900
 3200
        191 Randall                                  Perkins                                                  2500
 2800
        192 Sarah                                    Bell                                                     4000
 4300
        193 Britney                                  Everett                                                  3900
 4200
        194 Samuel                                   McCain                                                   3200
 3500
        195 Vance                                    Jones                                                    2800
 3100
        196 Alana                                    Walsh                                                    3100
 3400
        197 Kevin                                    Feeney                                                   3000
 3300
        198 Donald                                   OConnell                                                 2600
 2900

EMPLOYEE_ID FIRST_NAME                               LAST_NAME                                           SALARY SALARY+300
----------- ---------------------------------------- -------------------------------------------------- ---------- ----------
        199 Douglas                                  Grant                                                    2600
 2900
        200 Jennifer                                 Whalen                                                   4400
 4700
        201 Michael                                  Hartstein                                               13000
13300
        202 Pat                                      Fay                                                      6000
 6300
        203 Susan                                    Mavris                                                   6500
 6800
        204 Hermann                                  Baer                                                    10000
10300
        205 Shelley                                  Higgins                                                 12008
12308
        206 William                                  Gietz                                                    8300
 8600

107 rows selected.

SQL> SELECT employee_id, first_name, last_name, salary,2*salary+100 FROM employees;

EMPLOYEE_ID FIRST_NAME                               LAST_NAME                                           SALARY 2*SALARY+100
----------- ---------------------------------------- -------------------------------------------------- ---------- ------------
        100 Steven                                   King                                                    24000
  48100
        101 Neena                                    Kochhar                                                 17000
  34100
        102 Lex                                      De Haan                                                 17000
  34100
        103 Alexander                                Hunold                                                   9000
  18100
        104 Bruce                                    Ernst                                                    6000
  12100
        105 David                                    Austin                                                   4800
   9700
        106 Valli                                    Pataballa                                                4800
   9700
        107 Diana                                    Lorentz                                                  4200
   8500
        108 Nancy                                    Greenberg                                               12008
  24116
        109 Daniel                                   Faviet                                                   9000
  18100
        110 John                                     Chen                                                     8200
  16500

EMPLOYEE_ID FIRST_NAME                               LAST_NAME                                           SALARY 2*SALARY+100
----------- ---------------------------------------- -------------------------------------------------- ---------- ------------
        111 Ismael                                   Sciarra                                                  7700
  15500
        112 Jose Manuel                              Urman                                                    7800
  15700
        113 Luis                                     Popp                                                     6900
  13900
        114 Den                                      Raphaely                                                11000
  22100
        115 Alexander                                Khoo                                                     3100
   6300
        116 Shelli                                   Baida                                                    2900
   5900
        117 Sigal                                    Tobias                                                   2800
   5700
        118 Guy                                      Himuro                                                   2600
   5300
        119 Karen                                    Colmenares                                               2500
   5100
        120 Matthew                                  Weiss                                                    8000
  16100
        121 Adam                                     Fripp                                                    8200
  16500

EMPLOYEE_ID FIRST_NAME                               LAST_NAME                                           SALARY 2*SALARY+100
----------- ---------------------------------------- -------------------------------------------------- ---------- ------------
        122 Payam                                    Kaufling                                                 7900
  15900
        123 Shanta                                   Vollman                                                  6500
  13100
        124 Kevin                                    Mourgos                                                  5800
  11700
        125 Julia                                    Nayer                                                    3200
   6500
        126 Irene                                    Mikkilineni                                              2700
   5500
        127 James                                    Landry                                                   2400
   4900
        128 Steven                                   Markle                                                   2200
   4500
        129 Laura                                    Bissot                                                   3300
   6700
        130 Mozhe                                    Atkinson                                                 2800
   5700
        131 James                                    Marlow                                                   2500
   5100
        132 TJ                                       Olson                                                    2100
   4300

EMPLOYEE_ID FIRST_NAME                               LAST_NAME                                           SALARY 2*SALARY+100
----------- ---------------------------------------- -------------------------------------------------- ---------- ------------
        133 Jason                                    Mallin                                                   3300
   6700
        134 Michael                                  Rogers                                                   2900
   5900
        135 Ki                                       Gee                                                      2400
   4900
        136 Hazel                                    Philtanker                                               2200
   4500
        137 Renske                                   Ladwig                                                   3600
   7300
        138 Stephen                                  Stiles                                                   3200
   6500
        139 John                                     Seo                                                      2700
   5500
        140 Joshua                                   Patel                                                    2500
   5100
        141 Trenna                                   Rajs                                                     3500
   7100
        142 Curtis                                   Davies                                                   3100
   6300
        143 Randall                                  Matos                                                    2600
   5300

EMPLOYEE_ID FIRST_NAME                               LAST_NAME                                           SALARY 2*SALARY+100
----------- ---------------------------------------- -------------------------------------------------- ---------- ------------
        144 Peter                                    Vargas                                                   2500
   5100
        145 John                                     Russell                                                 14000
  28100
        146 Karen                                    Partners                                                13500
  27100
        147 Alberto                                  Errazuriz                                               12000
  24100
        148 Gerald                                   Cambrault                                               11000
  22100
        149 Eleni                                    Zlotkey                                                 10500
  21100
        150 Peter                                    Tucker                                                  10000
  20100
        151 David                                    Bernstein                                                9500
  19100
        152 Peter                                    Hall                                                     9000
  18100
        153 Christopher                              Olsen                                                    8000
  16100
        154 Nanette                                  Cambrault                                                7500
  15100

EMPLOYEE_ID FIRST_NAME                               LAST_NAME                                           SALARY 2*SALARY+100
----------- ---------------------------------------- -------------------------------------------------- ---------- ------------
        155 Oliver                                   Tuvault                                                  7000
  14100
        156 Janette                                  King                                                    10000
  20100
        157 Patrick                                  Sully                                                    9500
  19100
        158 Allan                                    McEwen                                                   9000
  18100
        159 Lindsey                                  Smith                                                    8000
  16100
        160 Louise                                   Doran                                                    7500
  15100
        161 Sarath                                   Sewall                                                   7000
  14100
        162 Clara                                    Vishney                                                 10500
  21100
        163 Danielle                                 Greene                                                   9500
  19100
        164 Mattea                                   Marvins                                                  7200
  14500
        165 David                                    Lee                                                      6800
  13700

EMPLOYEE_ID FIRST_NAME                               LAST_NAME                                           SALARY 2*SALARY+100
----------- ---------------------------------------- -------------------------------------------------- ---------- ------------
        166 Sundar                                   Ande                                                     6400
  12900
        167 Amit                                     Banda                                                    6200
  12500
        168 Lisa                                     Ozer                                                    11500
  23100
        169 Harrison                                 Bloom                                                   10000
  20100
        170 Tayler                                   Fox                                                      9600
  19300
        171 William                                  Smith                                                    7400
  14900
        172 Elizabeth                                Bates                                                    7300
  14700
        173 Sundita                                  Kumar                                                    6100
  12300
        174 Ellen                                    Abel                                                    11000
  22100
        175 Alyssa                                   Hutton                                                   8800
  17700
        176 Jonathon                                 Taylor                                                   8600
  17300

EMPLOYEE_ID FIRST_NAME                               LAST_NAME                                           SALARY 2*SALARY+100
----------- ---------------------------------------- -------------------------------------------------- ---------- ------------
        177 Jack                                     Livingston                                               8400
  16900
        178 Kimberely                                Grant                                                    7000
  14100
        179 Charles                                  Johnson                                                  6200
  12500
        180 Winston                                  Taylor                                                   3200
   6500
        181 Jean                                     Fleaur                                                   3100
   6300
        182 Martha                                   Sullivan                                                 2500
   5100
        183 Girard                                   Geoni                                                    2800
   5700
        184 Nandita                                  Sarchand                                                 4200
   8500
        185 Alexis                                   Bull                                                     4100
   8300
        186 Julia                                    Dellinger                                                3400
   6900
        187 Anthony                                  Cabrio                                                   3000
   6100

EMPLOYEE_ID FIRST_NAME                               LAST_NAME                                           SALARY 2*SALARY+100
----------- ---------------------------------------- -------------------------------------------------- ---------- ------------
        188 Kelly                                    Chung                                                    3800
   7700
        189 Jennifer                                 Dilly                                                    3600
   7300
        190 Timothy                                  Gates                                                    2900
   5900
        191 Randall                                  Perkins                                                  2500
   5100
        192 Sarah                                    Bell                                                     4000
   8100
        193 Britney                                  Everett                                                  3900
   7900
        194 Samuel                                   McCain                                                   3200
   6500
        195 Vance                                    Jones                                                    2800
   5700
        196 Alana                                    Walsh                                                    3100
   6300
        197 Kevin                                    Feeney                                                   3000
   6100
        198 Donald                                   OConnell                                                 2600
   5300

EMPLOYEE_ID FIRST_NAME                               LAST_NAME                                           SALARY 2*SALARY+100
----------- ---------------------------------------- -------------------------------------------------- ---------- ------------
        199 Douglas                                  Grant                                                    2600
   5300
        200 Jennifer                                 Whalen                                                   4400
   8900
        201 Michael                                  Hartstein                                               13000
  26100
        202 Pat                                      Fay                                                      6000
  12100
        203 Susan                                    Mavris                                                   6500
  13100
        204 Hermann                                  Baer                                                    10000
  20100
        205 Shelley                                  Higgins                                                 12008
  24116
        206 William                                  Gietz                                                    8300
  16700

107 rows selected.

SQL> SELECT employee_id, first_name, last_name, salary,2*(salary+100) FROM employees;

EMPLOYEE_ID FIRST_NAME                               LAST_NAME                                           SALARY 2*(SALARY+100)
----------- ---------------------------------------- -------------------------------------------------- ---------- --------------
        100 Steven                                   King                                                    24000
    48200
        101 Neena                                    Kochhar                                                 17000
    34200
        102 Lex                                      De Haan                                                 17000
    34200
        103 Alexander                                Hunold                                                   9000
    18200
        104 Bruce                                    Ernst                                                    6000
    12200
        105 David                                    Austin                                                   4800
     9800
        106 Valli                                    Pataballa                                                4800
     9800
        107 Diana                                    Lorentz                                                  4200
     8600
        108 Nancy                                    Greenberg                                               12008
    24216
        109 Daniel                                   Faviet                                                   9000
    18200
        110 John                                     Chen                                                     8200
    16600

EMPLOYEE_ID FIRST_NAME                               LAST_NAME                                           SALARY 2*(SALARY+100)
----------- ---------------------------------------- -------------------------------------------------- ---------- --------------
        111 Ismael                                   Sciarra                                                  7700
    15600
        112 Jose Manuel                              Urman                                                    7800
    15800
        113 Luis                                     Popp                                                     6900
    14000
        114 Den                                      Raphaely                                                11000
    22200
        115 Alexander                                Khoo                                                     3100
     6400
        116 Shelli                                   Baida                                                    2900
     6000
        117 Sigal                                    Tobias                                                   2800
     5800
        118 Guy                                      Himuro                                                   2600
     5400
        119 Karen                                    Colmenares                                               2500
     5200
        120 Matthew                                  Weiss                                                    8000
    16200
        121 Adam                                     Fripp                                                    8200
    16600

EMPLOYEE_ID FIRST_NAME                               LAST_NAME                                           SALARY 2*(SALARY+100)
----------- ---------------------------------------- -------------------------------------------------- ---------- --------------
        122 Payam                                    Kaufling                                                 7900
    16000
        123 Shanta                                   Vollman                                                  6500
    13200
        124 Kevin                                    Mourgos                                                  5800
    11800
        125 Julia                                    Nayer                                                    3200
     6600
        126 Irene                                    Mikkilineni                                              2700
     5600
        127 James                                    Landry                                                   2400
     5000
        128 Steven                                   Markle                                                   2200
     4600
        129 Laura                                    Bissot                                                   3300
     6800
        130 Mozhe                                    Atkinson                                                 2800
     5800
        131 James                                    Marlow                                                   2500
     5200
        132 TJ                                       Olson                                                    2100
     4400

EMPLOYEE_ID FIRST_NAME                               LAST_NAME                                           SALARY 2*(SALARY+100)
----------- ---------------------------------------- -------------------------------------------------- ---------- --------------
        133 Jason                                    Mallin                                                   3300
     6800
        134 Michael                                  Rogers                                                   2900
     6000
        135 Ki                                       Gee                                                      2400
     5000
        136 Hazel                                    Philtanker                                               2200
     4600
        137 Renske                                   Ladwig                                                   3600
     7400
        138 Stephen                                  Stiles                                                   3200
     6600
        139 John                                     Seo                                                      2700
     5600
        140 Joshua                                   Patel                                                    2500
     5200
        141 Trenna                                   Rajs                                                     3500
     7200
        142 Curtis                                   Davies                                                   3100
     6400
        143 Randall                                  Matos                                                    2600
     5400

EMPLOYEE_ID FIRST_NAME                               LAST_NAME                                           SALARY 2*(SALARY+100)
----------- ---------------------------------------- -------------------------------------------------- ---------- --------------
        144 Peter                                    Vargas                                                   2500
     5200
        145 John                                     Russell                                                 14000
    28200
        146 Karen                                    Partners                                                13500
    27200
        147 Alberto                                  Errazuriz                                               12000
    24200
        148 Gerald                                   Cambrault                                               11000
    22200
        149 Eleni                                    Zlotkey                                                 10500
    21200
        150 Peter                                    Tucker                                                  10000
    20200
        151 David                                    Bernstein                                                9500
    19200
        152 Peter                                    Hall                                                     9000
    18200
        153 Christopher                              Olsen                                                    8000
    16200
        154 Nanette                                  Cambrault                                                7500
    15200

EMPLOYEE_ID FIRST_NAME                               LAST_NAME                                           SALARY 2*(SALARY+100)
----------- ---------------------------------------- -------------------------------------------------- ---------- --------------
        155 Oliver                                   Tuvault                                                  7000
    14200
        156 Janette                                  King                                                    10000
    20200
        157 Patrick                                  Sully                                                    9500
    19200
        158 Allan                                    McEwen                                                   9000
    18200
        159 Lindsey                                  Smith                                                    8000
    16200
        160 Louise                                   Doran                                                    7500
    15200
        161 Sarath                                   Sewall                                                   7000
    14200
        162 Clara                                    Vishney                                                 10500
    21200
        163 Danielle                                 Greene                                                   9500
    19200
        164 Mattea                                   Marvins                                                  7200
    14600
        165 David                                    Lee                                                      6800
    13800

EMPLOYEE_ID FIRST_NAME                               LAST_NAME                                           SALARY 2*(SALARY+100)
----------- ---------------------------------------- -------------------------------------------------- ---------- --------------
        166 Sundar                                   Ande                                                     6400
    13000
        167 Amit                                     Banda                                                    6200
    12600
        168 Lisa                                     Ozer                                                    11500
    23200
        169 Harrison                                 Bloom                                                   10000
    20200
        170 Tayler                                   Fox                                                      9600
    19400
        171 William                                  Smith                                                    7400
    15000
        172 Elizabeth                                Bates                                                    7300
    14800
        173 Sundita                                  Kumar                                                    6100
    12400
        174 Ellen                                    Abel                                                    11000
    22200
        175 Alyssa                                   Hutton                                                   8800
    17800
        176 Jonathon                                 Taylor                                                   8600
    17400

EMPLOYEE_ID FIRST_NAME                               LAST_NAME                                           SALARY 2*(SALARY+100)
----------- ---------------------------------------- -------------------------------------------------- ---------- --------------
        177 Jack                                     Livingston                                               8400
    17000
        178 Kimberely                                Grant                                                    7000
    14200
        179 Charles                                  Johnson                                                  6200
    12600
        180 Winston                                  Taylor                                                   3200
     6600
        181 Jean                                     Fleaur                                                   3100
     6400
        182 Martha                                   Sullivan                                                 2500
     5200
        183 Girard                                   Geoni                                                    2800
     5800
        184 Nandita                                  Sarchand                                                 4200
     8600
        185 Alexis                                   Bull                                                     4100
     8400
        186 Julia                                    Dellinger                                                3400
     7000
        187 Anthony                                  Cabrio                                                   3000
     6200

EMPLOYEE_ID FIRST_NAME                               LAST_NAME                                           SALARY 2*(SALARY+100)
----------- ---------------------------------------- -------------------------------------------------- ---------- --------------
        188 Kelly                                    Chung                                                    3800
     7800
        189 Jennifer                                 Dilly                                                    3600
     7400
        190 Timothy                                  Gates                                                    2900
     6000
        191 Randall                                  Perkins                                                  2500
     5200
        192 Sarah                                    Bell                                                     4000
     8200
        193 Britney                                  Everett                                                  3900
     8000
        194 Samuel                                   McCain                                                   3200
     6600
        195 Vance                                    Jones                                                    2800
     5800
        196 Alana                                    Walsh                                                    3100
     6400
        197 Kevin                                    Feeney                                                   3000
     6200
        198 Donald                                   OConnell                                                 2600
     5400

EMPLOYEE_ID FIRST_NAME                               LAST_NAME                                           SALARY 2*(SALARY+100)
----------- ---------------------------------------- -------------------------------------------------- ---------- --------------
        199 Douglas                                  Grant                                                    2600
     5400
        200 Jennifer                                 Whalen                                                   4400
     9000
        201 Michael                                  Hartstein                                               13000
    26200
        202 Pat                                      Fay                                                      6000
    12200
        203 Susan                                    Mavris                                                   6500
    13200
        204 Hermann                                  Baer                                                    10000
    20200
        205 Shelley                                  Higgins                                                 12008
    24216
        206 William                                  Gietz                                                    8300
    16800

107 rows selected.

SQL> desc employees NUMBER(4)
Usage: DESCRIBE [schema.]object[@db_link]
SQL> insert into employees values(207, 'JHON', 'AUSTIN', 'AUSTINMAIL', '515.123.9999', '02/06/07', 'SH_CLERK', null, null, 124, 50);

1 row created.

SQL> select * from employees;

EMPLOYEE_ID FIRST_NAME                               LAST_NAME                                       EMAIL
                                   PHONE_NUMBER                             HIRE_DAT JOB_ID               SALARY COMMISSION_PCT MANAGER_ID DEPARTMENT_ID
----------- ---------------------------------------- -------------------------------------------------- -------------------------------------------------- ---------------------------------------- -------- -------------------- ---------- -------------- ---------- -------------
        207 JHON                                     AUSTIN                                             AUSTINMAIL
                                   515.123.9999                             02/06/07 SH_CLERK
           124            50
        100 Steven                                   King                                               SKING
                                   515.123.4567                             03/06/17 AD_PRES               24000
                                  90
        101 Neena                                    Kochhar                                            NKOCHHAR
                                   515.123.4568                             05/09/21 AD_VP                 17000
                   100            90
        102 Lex                                      De Haan                                            LDEHAAN
                                   515.123.4569                             01/01/13 AD_VP                 17000
                   100            90
        103 Alexander                                Hunold                                             AHUNOLD
                                   590.423.4567                             06/01/03 IT_PROG            9000
           102            60
        104 Bruce                                    Ernst                                              BERNST
                                   590.423.4568                             07/05/21 IT_PROG            6000
           103            60
        105 David                                    Austin                                             DAUSTIN
                                   590.423.4569                             05/06/25 IT_PROG            4800
           103            60
        106 Valli                                    Pataballa                                          VPATABAL
                                   590.423.4560                             06/02/05 IT_PROG            4800
           103            60
        107 Diana                                    Lorentz                                            DLORENTZ
                                   590.423.5567                             07/02/07 IT_PROG            4200
           103            60
        108 Nancy                                    Greenberg                                          NGREENBE
                                   515.124.4569                             02/08/17 FI_MGR                12008
                   101           100
        109 Daniel                                   Faviet                                             DFAVIET
                                   515.124.4169                             02/08/16 FI_ACCOUNT         9000
           108           100

EMPLOYEE_ID FIRST_NAME                               LAST_NAME                                       EMAIL
                                   PHONE_NUMBER                             HIRE_DAT JOB_ID               SALARY COMMISSION_PCT MANAGER_ID DEPARTMENT_ID
----------- ---------------------------------------- -------------------------------------------------- -------------------------------------------------- ---------------------------------------- -------- -------------------- ---------- -------------- ---------- -------------
        110 John                                     Chen                                               JCHEN
                                   515.124.4269                             05/09/28 FI_ACCOUNT         8200
           108           100
        111 Ismael                                   Sciarra                                            ISCIARRA
                                   515.124.4369                             05/09/30 FI_ACCOUNT         7700
           108           100
        112 Jose Manuel                              Urman                                              JMURMAN
                                   515.124.4469                             06/03/07 FI_ACCOUNT         7800
           108           100
        113 Luis                                     Popp                                               LPOPP
                                   515.124.4567                             07/12/07 FI_ACCOUNT         6900
           108           100
        114 Den                                      Raphaely                                           DRAPHEAL
                                   515.127.4561                             02/12/07 PU_MAN                11000
                   100            30
        115 Alexander                                Khoo                                               AKHOO
                                   515.127.4562                             03/05/18 PU_CLERK           3100
           114            30
        116 Shelli                                   Baida                                              SBAIDA
                                   515.127.4563                             05/12/24 PU_CLERK           2900
           114            30
        117 Sigal                                    Tobias                                             STOBIAS
                                   515.127.4564                             05/07/24 PU_CLERK           2800
           114            30
        118 Guy                                      Himuro                                             GHIMURO
                                   515.127.4565                             06/11/15 PU_CLERK           2600
           114            30
        119 Karen                                    Colmenares                                         KCOLMENA
                                   515.127.4566                             07/08/10 PU_CLERK           2500
           114            30
        120 Matthew                                  Weiss                                              MWEISS
                                   650.123.1234                             04/07/18 ST_MAN             8000
           100            50

EMPLOYEE_ID FIRST_NAME                               LAST_NAME                                       EMAIL
                                   PHONE_NUMBER                             HIRE_DAT JOB_ID               SALARY COMMISSION_PCT MANAGER_ID DEPARTMENT_ID
----------- ---------------------------------------- -------------------------------------------------- -------------------------------------------------- ---------------------------------------- -------- -------------------- ---------- -------------- ---------- -------------
        121 Adam                                     Fripp                                              AFRIPP
                                   650.123.2234                             05/04/10 ST_MAN             8200
           100            50
        122 Payam                                    Kaufling                                           PKAUFLIN
                                   650.123.3234                             03/05/01 ST_MAN             7900
           100            50
        123 Shanta                                   Vollman                                            SVOLLMAN
                                   650.123.4234                             05/10/10 ST_MAN             6500
           100            50
        124 Kevin                                    Mourgos                                            KMOURGOS
                                   650.123.5234                             07/11/16 ST_MAN             5800
           100            50
        125 Julia                                    Nayer                                              JNAYER
                                   650.124.1214                             05/07/16 ST_CLERK           3200
           120            50
        126 Irene                                    Mikkilineni                                        IMIKKILI
                                   650.124.1224                             06/09/28 ST_CLERK           2700
           120            50
        127 James                                    Landry                                             JLANDRY
                                   650.124.1334                             07/01/14 ST_CLERK           2400
           120            50
        128 Steven                                   Markle                                             SMARKLE
                                   650.124.1434                             08/03/08 ST_CLERK           2200
           120            50
        129 Laura                                    Bissot                                             LBISSOT
                                   650.124.5234                             05/08/20 ST_CLERK           3300
           121            50
        130 Mozhe                                    Atkinson                                           MATKINSO
                                   650.124.6234                             05/10/30 ST_CLERK           2800
           121            50
        131 James                                    Marlow                                             JAMRLOW
                                   650.124.7234                             05/02/16 ST_CLERK           2500
           121            50

EMPLOYEE_ID FIRST_NAME                               LAST_NAME                                       EMAIL
                                   PHONE_NUMBER                             HIRE_DAT JOB_ID               SALARY COMMISSION_PCT MANAGER_ID DEPARTMENT_ID
----------- ---------------------------------------- -------------------------------------------------- -------------------------------------------------- ---------------------------------------- -------- -------------------- ---------- -------------- ---------- -------------
        132 TJ                                       Olson                                              TJOLSON
                                   650.124.8234                             07/04/10 ST_CLERK           2100
           121            50
        133 Jason                                    Mallin                                             JMALLIN
                                   650.127.1934                             04/06/14 ST_CLERK           3300
           122            50
        134 Michael                                  Rogers                                             MROGERS
                                   650.127.1834                             06/08/26 ST_CLERK           2900
           122            50
        135 Ki                                       Gee                                                KGEE
                                   650.127.1734                             07/12/12 ST_CLERK           2400
           122            50
        136 Hazel                                    Philtanker                                         HPHILTAN
                                   650.127.1634                             08/02/06 ST_CLERK           2200
           122            50
        137 Renske                                   Ladwig                                             RLADWIG
                                   650.121.1234                             03/07/14 ST_CLERK           3600
           123            50
        138 Stephen                                  Stiles                                             SSTILES
                                   650.121.2034                             05/10/26 ST_CLERK           3200
           123            50
        139 John                                     Seo                                                JSEO
                                   650.121.2019                             06/02/12 ST_CLERK           2700
           123            50
        140 Joshua                                   Patel                                              JPATEL
                                   650.121.1834                             06/04/06 ST_CLERK           2500
           123            50
        141 Trenna                                   Rajs                                               TRAJS
                                   650.121.8009                             03/10/17 ST_CLERK           3500
           124            50
        142 Curtis                                   Davies                                             CDAVIES
                                   650.121.2994                             05/01/29 ST_CLERK           3100
           124            50

EMPLOYEE_ID FIRST_NAME                               LAST_NAME                                       EMAIL
                                   PHONE_NUMBER                             HIRE_DAT JOB_ID               SALARY COMMISSION_PCT MANAGER_ID DEPARTMENT_ID
----------- ---------------------------------------- -------------------------------------------------- -------------------------------------------------- ---------------------------------------- -------- -------------------- ---------- -------------- ---------- -------------
        143 Randall                                  Matos                                              RMATOS
                                   650.121.2874                             06/03/15 ST_CLERK           2600
           124            50
        144 Peter                                    Vargas                                             PVARGAS
                                   650.121.2004                             06/07/09 ST_CLERK           2500
           124            50
        145 John                                     Russell                                            JRUSSEL
                                   011.44.1344.429268                       04/10/01 SA_MAN                14000
         .4        100            80
        146 Karen                                    Partners                                           KPARTNER
                                   011.44.1344.467268                       05/01/05 SA_MAN                13500
         .3        100            80
        147 Alberto                                  Errazuriz                                          AERRAZUR
                                   011.44.1344.429278                       05/03/10 SA_MAN                12000
         .3        100            80
        148 Gerald                                   Cambrault                                          GCAMBRAU
                                   011.44.1344.619268                       07/10/15 SA_MAN                11000
         .3        100            80
        149 Eleni                                    Zlotkey                                            EZLOTKEY
                                   011.44.1344.429018                       08/01/29 SA_MAN                10500
         .2        100            80
        150 Peter                                    Tucker                                             PTUCKER
                                   011.44.1344.129268                       05/01/30 SA_REP                10000
         .3        145            80
        151 David                                    Bernstein                                          DBERNSTE
                                   011.44.1344.345268                       05/03/24 SA_REP             9500
.25        145            80
        152 Peter                                    Hall                                               PHALL
                                   011.44.1344.478968                       05/08/20 SA_REP             9000
.25        145            80
        153 Christopher                              Olsen                                              COLSEN
                                   011.44.1344.498718                       06/03/30 SA_REP             8000
 .2        145            80

EMPLOYEE_ID FIRST_NAME                               LAST_NAME                                       EMAIL
                                   PHONE_NUMBER                             HIRE_DAT JOB_ID               SALARY COMMISSION_PCT MANAGER_ID DEPARTMENT_ID
----------- ---------------------------------------- -------------------------------------------------- -------------------------------------------------- ---------------------------------------- -------- -------------------- ---------- -------------- ---------- -------------
        154 Nanette                                  Cambrault                                          NCAMBRAU
                                   011.44.1344.987668                       06/12/09 SA_REP             7500
 .2        145            80
        155 Oliver                                   Tuvault                                            OTUVAULT
                                   011.44.1344.486508                       07/11/23 SA_REP             7000
.15        145            80
        156 Janette                                  King                                               JKING
                                   011.44.1345.429268                       04/01/30 SA_REP                10000
        .35        146            80
        157 Patrick                                  Sully                                              PSULLY
                                   011.44.1345.929268                       04/03/04 SA_REP             9500
.35        146            80
        158 Allan                                    McEwen                                             AMCEWEN
                                   011.44.1345.829268                       04/08/01 SA_REP             9000
.35        146            80
        159 Lindsey                                  Smith                                              LSMITH
                                   011.44.1345.729268                       05/03/10 SA_REP             8000
 .3        146            80
        160 Louise                                   Doran                                              LDORAN
                                   011.44.1345.629268                       05/12/15 SA_REP             7500
 .3        146            80
        161 Sarath                                   Sewall                                             SSEWALL
                                   011.44.1345.529268                       06/11/03 SA_REP             7000
.25        146            80
        162 Clara                                    Vishney                                            CVISHNEY
                                   011.44.1346.129268                       05/11/11 SA_REP                10500
        .25        147            80
        163 Danielle                                 Greene                                             DGREENE
                                   011.44.1346.229268                       07/03/19 SA_REP             9500
.15        147            80
        164 Mattea                                   Marvins                                            MMARVINS
                                   011.44.1346.329268                       08/01/24 SA_REP             7200
 .1        147            80

EMPLOYEE_ID FIRST_NAME                               LAST_NAME                                       EMAIL
                                   PHONE_NUMBER                             HIRE_DAT JOB_ID               SALARY COMMISSION_PCT MANAGER_ID DEPARTMENT_ID
----------- ---------------------------------------- -------------------------------------------------- -------------------------------------------------- ---------------------------------------- -------- -------------------- ---------- -------------- ---------- -------------
        165 David                                    Lee                                                DLEE
                                   011.44.1346.529268                       08/02/23 SA_REP             6800
 .1        147            80
        166 Sundar                                   Ande                                               SANDE
                                   011.44.1346.629268                       08/03/24 SA_REP             6400
 .1        147            80
        167 Amit                                     Banda                                              ABANDA
                                   011.44.1346.729268                       08/04/21 SA_REP             6200
 .1        147            80
        168 Lisa                                     Ozer                                               LOZER
                                   011.44.1343.929268                       05/03/11 SA_REP                11500
        .25        148            80
        169 Harrison                                 Bloom                                              HBLOOM
                                   011.44.1343.829268                       06/03/23 SA_REP                10000
         .2        148            80
        170 Tayler                                   Fox                                                TFOX
                                   011.44.1343.729268                       06/01/24 SA_REP             9600
 .2        148            80
        171 William                                  Smith                                              WSMITH
                                   011.44.1343.629268                       07/02/23 SA_REP             7400
.15        148            80
        172 Elizabeth                                Bates                                              EBATES
                                   011.44.1343.529268                       07/03/24 SA_REP             7300
.15        148            80
        173 Sundita                                  Kumar                                              SKUMAR
                                   011.44.1343.329268                       08/04/21 SA_REP             6100
 .1        148            80
        174 Ellen                                    Abel                                               EABEL
                                   011.44.1644.429267                       04/05/11 SA_REP                11000
         .3        149            80
        175 Alyssa                                   Hutton                                             AHUTTON
                                   011.44.1644.429266                       05/03/19 SA_REP             8800
.25        149            80

EMPLOYEE_ID FIRST_NAME                               LAST_NAME                                       EMAIL
                                   PHONE_NUMBER                             HIRE_DAT JOB_ID               SALARY COMMISSION_PCT MANAGER_ID DEPARTMENT_ID
----------- ---------------------------------------- -------------------------------------------------- -------------------------------------------------- ---------------------------------------- -------- -------------------- ---------- -------------- ---------- -------------
        176 Jonathon                                 Taylor                                             JTAYLOR
                                   011.44.1644.429265                       06/03/24 SA_REP             8600
 .2        149            80
        177 Jack                                     Livingston                                         JLIVINGS
                                   011.44.1644.429264                       06/04/23 SA_REP             8400
 .2        149            80
        178 Kimberely                                Grant                                              KGRANT
                                   011.44.1644.429263                       07/05/24 SA_REP             7000
.15        149
        179 Charles                                  Johnson                                            CJOHNSON
                                   011.44.1644.429262                       08/01/04 SA_REP             6200
 .1        149            80
        180 Winston                                  Taylor                                             WTAYLOR
                                   650.507.9876                             06/01/24 SH_CLERK           3200
           120            50
        181 Jean                                     Fleaur                                             JFLEAUR
                                   650.507.9877                             06/02/23 SH_CLERK           3100
           120            50
        182 Martha                                   Sullivan                                           MSULLIVA
                                   650.507.9878                             07/06/21 SH_CLERK           2500
           120            50
        183 Girard                                   Geoni                                              GGEONI
                                   650.507.9879                             08/02/03 SH_CLERK           2800
           120            50
        184 Nandita                                  Sarchand                                           NSARCHAN
                                   650.509.1876                             04/01/27 SH_CLERK           4200
           121            50
        185 Alexis                                   Bull                                               ABULL
                                   650.509.2876                             05/02/20 SH_CLERK           4100
           121            50
        186 Julia                                    Dellinger                                          JDELLING
                                   650.509.3876                             06/06/24 SH_CLERK           3400
           121            50

EMPLOYEE_ID FIRST_NAME                               LAST_NAME                                       EMAIL
                                   PHONE_NUMBER                             HIRE_DAT JOB_ID               SALARY COMMISSION_PCT MANAGER_ID DEPARTMENT_ID
----------- ---------------------------------------- -------------------------------------------------- -------------------------------------------------- ---------------------------------------- -------- -------------------- ---------- -------------- ---------- -------------
        187 Anthony                                  Cabrio                                             ACABRIO
                                   650.509.4876                             07/02/07 SH_CLERK           3000
           121            50
        188 Kelly                                    Chung                                              KCHUNG
                                   650.505.1876                             05/06/14 SH_CLERK           3800
           122            50
        189 Jennifer                                 Dilly                                              JDILLY
                                   650.505.2876                             05/08/13 SH_CLERK           3600
           122            50
        190 Timothy                                  Gates                                              TGATES
                                   650.505.3876                             06/07/11 SH_CLERK           2900
           122            50
        191 Randall                                  Perkins                                            RPERKINS
                                   650.505.4876                             07/12/19 SH_CLERK           2500
           122            50
        192 Sarah                                    Bell                                               SBELL
                                   650.501.1876                             04/02/04 SH_CLERK           4000
           123            50
        193 Britney                                  Everett                                            BEVERETT
                                   650.501.2876                             05/03/03 SH_CLERK           3900
           123            50
        194 Samuel                                   McCain                                             SMCCAIN
                                   650.501.3876                             06/07/01 SH_CLERK           3200
           123            50
        195 Vance                                    Jones                                              VJONES
                                   650.501.4876                             07/03/17 SH_CLERK           2800
           123            50
        196 Alana                                    Walsh                                              AWALSH
                                   650.507.9811                             06/04/24 SH_CLERK           3100
           124            50
        197 Kevin                                    Feeney                                             KFEENEY
                                   650.507.9822                             06/05/23 SH_CLERK           3000
           124            50

EMPLOYEE_ID FIRST_NAME                               LAST_NAME                                       EMAIL
                                   PHONE_NUMBER                             HIRE_DAT JOB_ID               SALARY COMMISSION_PCT MANAGER_ID DEPARTMENT_ID
----------- ---------------------------------------- -------------------------------------------------- -------------------------------------------------- ---------------------------------------- -------- -------------------- ---------- -------------- ---------- -------------
        198 Donald                                   OConnell                                           DOCONNEL
                                   650.507.9833                             07/06/21 SH_CLERK           2600
           124            50
        199 Douglas                                  Grant                                              DGRANT
                                   650.507.9844                             08/01/13 SH_CLERK           2600
           124            50
        200 Jennifer                                 Whalen                                             JWHALEN
                                   515.123.4444                             03/09/17 AD_ASST            4400
           101            10
        201 Michael                                  Hartstein                                          MHARTSTE
                                   515.123.5555                             04/02/17 MK_MAN                13000
                   100            20
        202 Pat                                      Fay                                                PFAY
                                   603.123.6666                             05/08/17 MK_REP             6000
           201            20
        203 Susan                                    Mavris                                             SMAVRIS
                                   515.123.7777                             02/06/07 HR_REP             6500
           101            40
        204 Hermann                                  Baer                                               HBAER
                                   515.123.8888                             02/06/07 PR_REP                10000
                   101            70
        205 Shelley                                  Higgins                                            SHIGGINS
                                   515.123.8080                             02/06/07 AC_MGR                12008
                   101           110
        206 William                                  Gietz                                              WGIETZ
                                   515.123.8181                             02/06/07 AC_ACCOUNT         8300
           205           110

108 rows selected.

SQL> SET LIN 1000
SQL> select * from employees;

EMPLOYEE_ID FIRST_NAME                               LAST_NAME                                       EMAIL                                                 PHONE_NUMBER                             HIRE_DAT JOB_ID                   SALARY COMMISSION_PCT MANAGER_ID DEPARTMENT_ID
----------- ---------------------------------------- -------------------------------------------------- -------------------------------------------------- ---------------------------------------- -------- -------------------- ---------- -------------- ---------- -------------
        207 JHON                                     AUSTIN                                             AUSTINMAIL                                         515.123.9999                             02/06/07 SH_CLERK
                   124            50
        100 Steven                                   King                                               SKING                                              515.123.4567                             03/06/17 AD_PRES                   24000
                                  90
        101 Neena                                    Kochhar                                            NKOCHHAR                                           515.123.4568                             05/09/21 AD_VP                     17000
                   100            90
        102 Lex                                      De Haan                                            LDEHAAN                                            515.123.4569                             01/01/13 AD_VP                     17000
                   100            90
        103 Alexander                                Hunold                                             AHUNOLD                                            590.423.4567                             06/01/03 IT_PROG                    9000
                   102            60
        104 Bruce                                    Ernst                                              BERNST                                             590.423.4568                             07/05/21 IT_PROG                    6000
                   103            60
        105 David                                    Austin                                             DAUSTIN                                            590.423.4569                             05/06/25 IT_PROG                    4800
                   103            60
        106 Valli                                    Pataballa                                          VPATABAL                                           590.423.4560                             06/02/05 IT_PROG                    4800
                   103            60
        107 Diana                                    Lorentz                                            DLORENTZ                                           590.423.5567                             07/02/07 IT_PROG                    4200
                   103            60
        108 Nancy                                    Greenberg                                          NGREENBE                                           515.124.4569                             02/08/17 FI_MGR                    12008
                   101           100
        109 Daniel                                   Faviet                                             DFAVIET                                            515.124.4169                             02/08/16 FI_ACCOUNT                 9000
                   108           100

EMPLOYEE_ID FIRST_NAME                               LAST_NAME                                       EMAIL                                                 PHONE_NUMBER                             HIRE_DAT JOB_ID                   SALARY COMMISSION_PCT MANAGER_ID DEPARTMENT_ID
----------- ---------------------------------------- -------------------------------------------------- -------------------------------------------------- ---------------------------------------- -------- -------------------- ---------- -------------- ---------- -------------
        110 John                                     Chen                                               JCHEN                                              515.124.4269                             05/09/28 FI_ACCOUNT                 8200
                   108           100
        111 Ismael                                   Sciarra                                            ISCIARRA                                           515.124.4369                             05/09/30 FI_ACCOUNT                 7700
                   108           100
        112 Jose Manuel                              Urman                                              JMURMAN                                            515.124.4469                             06/03/07 FI_ACCOUNT                 7800
                   108           100
        113 Luis                                     Popp                                               LPOPP                                              515.124.4567                             07/12/07 FI_ACCOUNT                 6900
                   108           100
        114 Den                                      Raphaely                                           DRAPHEAL                                           515.127.4561                             02/12/07 PU_MAN                    11000
                   100            30
        115 Alexander                                Khoo                                               AKHOO                                              515.127.4562                             03/05/18 PU_CLERK                   3100
                   114            30
        116 Shelli                                   Baida                                              SBAIDA                                             515.127.4563                             05/12/24 PU_CLERK                   2900
                   114            30
        117 Sigal                                    Tobias                                             STOBIAS                                            515.127.4564                             05/07/24 PU_CLERK                   2800
                   114            30
        118 Guy                                      Himuro                                             GHIMURO                                            515.127.4565                             06/11/15 PU_CLERK                   2600
                   114            30
        119 Karen                                    Colmenares                                         KCOLMENA                                           515.127.4566                             07/08/10 PU_CLERK                   2500
                   114            30
        120 Matthew                                  Weiss                                              MWEISS                                             650.123.1234                             04/07/18 ST_MAN                     8000
                   100            50

EMPLOYEE_ID FIRST_NAME                               LAST_NAME                                       EMAIL                                                 PHONE_NUMBER                             HIRE_DAT JOB_ID                   SALARY COMMISSION_PCT MANAGER_ID DEPARTMENT_ID
----------- ---------------------------------------- -------------------------------------------------- -------------------------------------------------- ---------------------------------------- -------- -------------------- ---------- -------------- ---------- -------------
        121 Adam                                     Fripp                                              AFRIPP                                             650.123.2234                             05/04/10 ST_MAN                     8200
                   100            50
        122 Payam                                    Kaufling                                           PKAUFLIN                                           650.123.3234                             03/05/01 ST_MAN                     7900
                   100            50
        123 Shanta                                   Vollman                                            SVOLLMAN                                           650.123.4234                             05/10/10 ST_MAN                     6500
                   100            50
        124 Kevin                                    Mourgos                                            KMOURGOS                                           650.123.5234                             07/11/16 ST_MAN                     5800
                   100            50
        125 Julia                                    Nayer                                              JNAYER                                             650.124.1214                             05/07/16 ST_CLERK                   3200
                   120            50
        126 Irene                                    Mikkilineni                                        IMIKKILI                                           650.124.1224                             06/09/28 ST_CLERK                   2700
                   120            50
        127 James                                    Landry                                             JLANDRY                                            650.124.1334                             07/01/14 ST_CLERK                   2400
                   120            50
        128 Steven                                   Markle                                             SMARKLE                                            650.124.1434                             08/03/08 ST_CLERK                   2200
                   120            50
        129 Laura                                    Bissot                                             LBISSOT                                            650.124.5234                             05/08/20 ST_CLERK                   3300
                   121            50
        130 Mozhe                                    Atkinson                                           MATKINSO                                           650.124.6234                             05/10/30 ST_CLERK                   2800
                   121            50
        131 James                                    Marlow                                             JAMRLOW                                            650.124.7234                             05/02/16 ST_CLERK                   2500
                   121            50

EMPLOYEE_ID FIRST_NAME                               LAST_NAME                                       EMAIL                                                 PHONE_NUMBER                             HIRE_DAT JOB_ID                   SALARY COMMISSION_PCT MANAGER_ID DEPARTMENT_ID
----------- ---------------------------------------- -------------------------------------------------- -------------------------------------------------- ---------------------------------------- -------- -------------------- ---------- -------------- ---------- -------------
        132 TJ                                       Olson                                              TJOLSON                                            650.124.8234                             07/04/10 ST_CLERK                   2100
                   121            50
        133 Jason                                    Mallin                                             JMALLIN                                            650.127.1934                             04/06/14 ST_CLERK                   3300
                   122            50
        134 Michael                                  Rogers                                             MROGERS                                            650.127.1834                             06/08/26 ST_CLERK                   2900
                   122            50
        135 Ki                                       Gee                                                KGEE                                               650.127.1734                             07/12/12 ST_CLERK                   2400
                   122            50
        136 Hazel                                    Philtanker                                         HPHILTAN                                           650.127.1634                             08/02/06 ST_CLERK                   2200
                   122            50
        137 Renske                                   Ladwig                                             RLADWIG                                            650.121.1234                             03/07/14 ST_CLERK                   3600
                   123            50
        138 Stephen                                  Stiles                                             SSTILES                                            650.121.2034                             05/10/26 ST_CLERK                   3200
                   123            50
        139 John                                     Seo                                                JSEO                                               650.121.2019                             06/02/12 ST_CLERK                   2700
                   123            50
        140 Joshua                                   Patel                                              JPATEL                                             650.121.1834                             06/04/06 ST_CLERK                   2500
                   123            50
        141 Trenna                                   Rajs                                               TRAJS                                              650.121.8009                             03/10/17 ST_CLERK                   3500
                   124            50
        142 Curtis                                   Davies                                             CDAVIES                                            650.121.2994                             05/01/29 ST_CLERK                   3100
                   124            50

EMPLOYEE_ID FIRST_NAME                               LAST_NAME                                       EMAIL                                                 PHONE_NUMBER                             HIRE_DAT JOB_ID                   SALARY COMMISSION_PCT MANAGER_ID DEPARTMENT_ID
----------- ---------------------------------------- -------------------------------------------------- -------------------------------------------------- ---------------------------------------- -------- -------------------- ---------- -------------- ---------- -------------
        143 Randall                                  Matos                                              RMATOS                                             650.121.2874                             06/03/15 ST_CLERK                   2600
                   124            50
        144 Peter                                    Vargas                                             PVARGAS                                            650.121.2004                             06/07/09 ST_CLERK                   2500
                   124            50
        145 John                                     Russell                                            JRUSSEL                                            011.44.1344.429268                       04/10/01 SA_MAN                    14000
         .4        100            80
        146 Karen                                    Partners                                           KPARTNER                                           011.44.1344.467268                       05/01/05 SA_MAN                    13500
         .3        100            80
        147 Alberto                                  Errazuriz                                          AERRAZUR                                           011.44.1344.429278                       05/03/10 SA_MAN                    12000
         .3        100            80
        148 Gerald                                   Cambrault                                          GCAMBRAU                                           011.44.1344.619268                       07/10/15 SA_MAN                    11000
         .3        100            80
        149 Eleni                                    Zlotkey                                            EZLOTKEY                                           011.44.1344.429018                       08/01/29 SA_MAN                    10500
         .2        100            80
        150 Peter                                    Tucker                                             PTUCKER                                            011.44.1344.129268                       05/01/30 SA_REP                    10000
         .3        145            80
        151 David                                    Bernstein                                          DBERNSTE                                           011.44.1344.345268                       05/03/24 SA_REP                     9500
        .25        145            80
        152 Peter                                    Hall                                               PHALL                                              011.44.1344.478968                       05/08/20 SA_REP                     9000
        .25        145            80
        153 Christopher                              Olsen                                              COLSEN                                             011.44.1344.498718                       06/03/30 SA_REP                     8000
         .2        145            80

EMPLOYEE_ID FIRST_NAME                               LAST_NAME                                       EMAIL                                                 PHONE_NUMBER                             HIRE_DAT JOB_ID                   SALARY COMMISSION_PCT MANAGER_ID DEPARTMENT_ID
----------- ---------------------------------------- -------------------------------------------------- -------------------------------------------------- ---------------------------------------- -------- -------------------- ---------- -------------- ---------- -------------
        154 Nanette                                  Cambrault                                          NCAMBRAU                                           011.44.1344.987668                       06/12/09 SA_REP                     7500
         .2        145            80
        155 Oliver                                   Tuvault                                            OTUVAULT                                           011.44.1344.486508                       07/11/23 SA_REP                     7000
        .15        145            80
        156 Janette                                  King                                               JKING                                              011.44.1345.429268                       04/01/30 SA_REP                    10000
        .35        146            80
        157 Patrick                                  Sully                                              PSULLY                                             011.44.1345.929268                       04/03/04 SA_REP                     9500
        .35        146            80
        158 Allan                                    McEwen                                             AMCEWEN                                            011.44.1345.829268                       04/08/01 SA_REP                     9000
        .35        146            80
        159 Lindsey                                  Smith                                              LSMITH                                             011.44.1345.729268                       05/03/10 SA_REP                     8000
         .3        146            80
        160 Louise                                   Doran                                              LDORAN                                             011.44.1345.629268                       05/12/15 SA_REP                     7500
         .3        146            80
        161 Sarath                                   Sewall                                             SSEWALL                                            011.44.1345.529268                       06/11/03 SA_REP                     7000
        .25        146            80
        162 Clara                                    Vishney                                            CVISHNEY                                           011.44.1346.129268                       05/11/11 SA_REP                    10500
        .25        147            80
        163 Danielle                                 Greene                                             DGREENE                                            011.44.1346.229268                       07/03/19 SA_REP                     9500
        .15        147            80
        164 Mattea                                   Marvins                                            MMARVINS                                           011.44.1346.329268                       08/01/24 SA_REP                     7200
         .1        147            80

EMPLOYEE_ID FIRST_NAME                               LAST_NAME                                       EMAIL                                                 PHONE_NUMBER                             HIRE_DAT JOB_ID                   SALARY COMMISSION_PCT MANAGER_ID DEPARTMENT_ID
----------- ---------------------------------------- -------------------------------------------------- -------------------------------------------------- ---------------------------------------- -------- -------------------- ---------- -------------- ---------- -------------
        165 David                                    Lee                                                DLEE                                               011.44.1346.529268                       08/02/23 SA_REP                     6800
         .1        147            80
        166 Sundar                                   Ande                                               SANDE                                              011.44.1346.629268                       08/03/24 SA_REP                     6400
         .1        147            80
        167 Amit                                     Banda                                              ABANDA                                             011.44.1346.729268                       08/04/21 SA_REP                     6200
         .1        147            80
        168 Lisa                                     Ozer                                               LOZER                                              011.44.1343.929268                       05/03/11 SA_REP                    11500
        .25        148            80
        169 Harrison                                 Bloom                                              HBLOOM                                             011.44.1343.829268                       06/03/23 SA_REP                    10000
         .2        148            80
        170 Tayler                                   Fox                                                TFOX                                               011.44.1343.729268                       06/01/24 SA_REP                     9600
         .2        148            80
        171 William                                  Smith                                              WSMITH                                             011.44.1343.629268                       07/02/23 SA_REP                     7400
        .15        148            80
        172 Elizabeth                                Bates                                              EBATES                                             011.44.1343.529268                       07/03/24 SA_REP                     7300
        .15        148            80
        173 Sundita                                  Kumar                                              SKUMAR                                             011.44.1343.329268                       08/04/21 SA_REP                     6100
         .1        148            80
        174 Ellen                                    Abel                                               EABEL                                              011.44.1644.429267                       04/05/11 SA_REP                    11000
         .3        149            80
        175 Alyssa                                   Hutton                                             AHUTTON                                            011.44.1644.429266                       05/03/19 SA_REP                     8800
        .25        149            80

EMPLOYEE_ID FIRST_NAME                               LAST_NAME                                       EMAIL                                                 PHONE_NUMBER                             HIRE_DAT JOB_ID                   SALARY COMMISSION_PCT MANAGER_ID DEPARTMENT_ID
----------- ---------------------------------------- -------------------------------------------------- -------------------------------------------------- ---------------------------------------- -------- -------------------- ---------- -------------- ---------- -------------
        176 Jonathon                                 Taylor                                             JTAYLOR                                            011.44.1644.429265                       06/03/24 SA_REP                     8600
         .2        149            80
        177 Jack                                     Livingston                                         JLIVINGS                                           011.44.1644.429264                       06/04/23 SA_REP                     8400
         .2        149            80
        178 Kimberely                                Grant                                              KGRANT                                             011.44.1644.429263                       07/05/24 SA_REP                     7000
        .15        149
        179 Charles                                  Johnson                                            CJOHNSON                                           011.44.1644.429262                       08/01/04 SA_REP                     6200
         .1        149            80
        180 Winston                                  Taylor                                             WTAYLOR                                            650.507.9876                             06/01/24 SH_CLERK                   3200
                   120            50
        181 Jean                                     Fleaur                                             JFLEAUR                                            650.507.9877                             06/02/23 SH_CLERK                   3100
                   120            50
        182 Martha                                   Sullivan                                           MSULLIVA                                           650.507.9878                             07/06/21 SH_CLERK                   2500
                   120            50
        183 Girard                                   Geoni                                              GGEONI                                             650.507.9879                             08/02/03 SH_CLERK                   2800
                   120            50
        184 Nandita                                  Sarchand                                           NSARCHAN                                           650.509.1876                             04/01/27 SH_CLERK                   4200
                   121            50
        185 Alexis                                   Bull                                               ABULL                                              650.509.2876                             05/02/20 SH_CLERK                   4100
                   121            50
        186 Julia                                    Dellinger                                          JDELLING                                           650.509.3876                             06/06/24 SH_CLERK                   3400
                   121            50

EMPLOYEE_ID FIRST_NAME                               LAST_NAME                                       EMAIL                                                 PHONE_NUMBER                             HIRE_DAT JOB_ID                   SALARY COMMISSION_PCT MANAGER_ID DEPARTMENT_ID
----------- ---------------------------------------- -------------------------------------------------- -------------------------------------------------- ---------------------------------------- -------- -------------------- ---------- -------------- ---------- -------------
        187 Anthony                                  Cabrio                                             ACABRIO                                            650.509.4876                             07/02/07 SH_CLERK                   3000
                   121            50
        188 Kelly                                    Chung                                              KCHUNG                                             650.505.1876                             05/06/14 SH_CLERK                   3800
                   122            50
        189 Jennifer                                 Dilly                                              JDILLY                                             650.505.2876                             05/08/13 SH_CLERK                   3600
                   122            50
        190 Timothy                                  Gates                                              TGATES                                             650.505.3876                             06/07/11 SH_CLERK                   2900
                   122            50
        191 Randall                                  Perkins                                            RPERKINS                                           650.505.4876                             07/12/19 SH_CLERK                   2500
                   122            50
        192 Sarah                                    Bell                                               SBELL                                              650.501.1876                             04/02/04 SH_CLERK                   4000
                   123            50
        193 Britney                                  Everett                                            BEVERETT                                           650.501.2876                             05/03/03 SH_CLERK                   3900
                   123            50
        194 Samuel                                   McCain                                             SMCCAIN                                            650.501.3876                             06/07/01 SH_CLERK                   3200
                   123            50
        195 Vance                                    Jones                                              VJONES                                             650.501.4876                             07/03/17 SH_CLERK                   2800
                   123            50
        196 Alana                                    Walsh                                              AWALSH                                             650.507.9811                             06/04/24 SH_CLERK                   3100
                   124            50
        197 Kevin                                    Feeney                                             KFEENEY                                            650.507.9822                             06/05/23 SH_CLERK                   3000
                   124            50

EMPLOYEE_ID FIRST_NAME                               LAST_NAME                                       EMAIL                                                 PHONE_NUMBER                             HIRE_DAT JOB_ID                   SALARY COMMISSION_PCT MANAGER_ID DEPARTMENT_ID
----------- ---------------------------------------- -------------------------------------------------- -------------------------------------------------- ---------------------------------------- -------- -------------------- ---------- -------------- ---------- -------------
        198 Donald                                   OConnell                                           DOCONNEL                                           650.507.9833                             07/06/21 SH_CLERK                   2600
                   124            50
        199 Douglas                                  Grant                                              DGRANT                                             650.507.9844                             08/01/13 SH_CLERK                   2600
                   124            50
        200 Jennifer                                 Whalen                                             JWHALEN                                            515.123.4444                             03/09/17 AD_ASST                    4400
                   101            10
        201 Michael                                  Hartstein                                          MHARTSTE                                           515.123.5555                             04/02/17 MK_MAN                    13000
                   100            20
        202 Pat                                      Fay                                                PFAY                                               603.123.6666                             05/08/17 MK_REP                     6000
                   201            20
        203 Susan                                    Mavris                                             SMAVRIS                                            515.123.7777                             02/06/07 HR_REP                     6500
                   101            40
        204 Hermann                                  Baer                                               HBAER                                              515.123.8888                             02/06/07 PR_REP                    10000
                   101            70
        205 Shelley                                  Higgins                                            SHIGGINS                                           515.123.8080                             02/06/07 AC_MGR                    12008
                   101           110
        206 William                                  Gietz                                              WGIETZ                                             515.123.8181                             02/06/07 AC_ACCOUNT                 8300
                   205           110

108 rows selected.

SQL> SELECT employee_id, first_name, salary, salary+300 from employees;

EMPLOYEE_ID FIRST_NAME                                   SALARY SALARY+300
----------- ---------------------------------------- ---------- ----------
        207 JHON
        100 Steven                                        24000      24300
        101 Neena                                         17000      17300
        102 Lex                                           17000      17300
        103 Alexander                                      9000       9300
        104 Bruce                                          6000       6300
        105 David                                          4800       5100
        106 Valli                                          4800       5100
        107 Diana                                          4200       4500
        108 Nancy                                         12008      12308
        109 Daniel                                         9000       9300

EMPLOYEE_ID FIRST_NAME                                   SALARY SALARY+300
----------- ---------------------------------------- ---------- ----------
        110 John                                           8200       8500
        111 Ismael                                         7700       8000
        112 Jose Manuel                                    7800       8100
        113 Luis                                           6900       7200
        114 Den                                           11000      11300
        115 Alexander                                      3100       3400
        116 Shelli                                         2900       3200
        117 Sigal                                          2800       3100
        118 Guy                                            2600       2900
        119 Karen                                          2500       2800
        120 Matthew                                        8000       8300

EMPLOYEE_ID FIRST_NAME                                   SALARY SALARY+300
----------- ---------------------------------------- ---------- ----------
        121 Adam                                           8200       8500
        122 Payam                                          7900       8200
        123 Shanta                                         6500       6800
        124 Kevin                                          5800       6100
        125 Julia                                          3200       3500
        126 Irene                                          2700       3000
        127 James                                          2400       2700
        128 Steven                                         2200       2500
        129 Laura                                          3300       3600
        130 Mozhe                                          2800       3100
        131 James                                          2500       2800

EMPLOYEE_ID FIRST_NAME                                   SALARY SALARY+300
----------- ---------------------------------------- ---------- ----------
        132 TJ                                             2100       2400
        133 Jason                                          3300       3600
        134 Michael                                        2900       3200
        135 Ki                                             2400       2700
        136 Hazel                                          2200       2500
        137 Renske                                         3600       3900
        138 Stephen                                        3200       3500
        139 John                                           2700       3000
        140 Joshua                                         2500       2800
        141 Trenna                                         3500       3800
        142 Curtis                                         3100       3400

EMPLOYEE_ID FIRST_NAME                                   SALARY SALARY+300
----------- ---------------------------------------- ---------- ----------
        143 Randall                                        2600       2900
        144 Peter                                          2500       2800
        145 John                                          14000      14300
        146 Karen                                         13500      13800
        147 Alberto                                       12000      12300
        148 Gerald                                        11000      11300
        149 Eleni                                         10500      10800
        150 Peter                                         10000      10300
        151 David                                          9500       9800
        152 Peter                                          9000       9300
        153 Christopher                                    8000       8300

EMPLOYEE_ID FIRST_NAME                                   SALARY SALARY+300
----------- ---------------------------------------- ---------- ----------
        154 Nanette                                        7500       7800
        155 Oliver                                         7000       7300
        156 Janette                                       10000      10300
        157 Patrick                                        9500       9800
        158 Allan                                          9000       9300
        159 Lindsey                                        8000       8300
        160 Louise                                         7500       7800
        161 Sarath                                         7000       7300
        162 Clara                                         10500      10800
        163 Danielle                                       9500       9800
        164 Mattea                                         7200       7500

EMPLOYEE_ID FIRST_NAME                                   SALARY SALARY+300
----------- ---------------------------------------- ---------- ----------
        165 David                                          6800       7100
        166 Sundar                                         6400       6700
        167 Amit                                           6200       6500
        168 Lisa                                          11500      11800
        169 Harrison                                      10000      10300
        170 Tayler                                         9600       9900
        171 William                                        7400       7700
        172 Elizabeth                                      7300       7600
        173 Sundita                                        6100       6400
        174 Ellen                                         11000      11300
        175 Alyssa                                         8800       9100

EMPLOYEE_ID FIRST_NAME                                   SALARY SALARY+300
----------- ---------------------------------------- ---------- ----------
        176 Jonathon                                       8600       8900
        177 Jack                                           8400       8700
        178 Kimberely                                      7000       7300
        179 Charles                                        6200       6500
        180 Winston                                        3200       3500
        181 Jean                                           3100       3400
        182 Martha                                         2500       2800
        183 Girard                                         2800       3100
        184 Nandita                                        4200       4500
        185 Alexis                                         4100       4400
        186 Julia                                          3400       3700

EMPLOYEE_ID FIRST_NAME                                   SALARY SALARY+300
----------- ---------------------------------------- ---------- ----------
        187 Anthony                                        3000       3300
        188 Kelly                                          3800       4100
        189 Jennifer                                       3600       3900
        190 Timothy                                        2900       3200
        191 Randall                                        2500       2800
        192 Sarah                                          4000       4300
        193 Britney                                        3900       4200
        194 Samuel                                         3200       3500
        195 Vance                                          2800       3100
        196 Alana                                          3100       3400
        197 Kevin                                          3000       3300

EMPLOYEE_ID FIRST_NAME                                   SALARY SALARY+300
----------- ---------------------------------------- ---------- ----------
        198 Donald                                         2600       2900
        199 Douglas                                        2600       2900
        200 Jennifer                                       4400       4700
        201 Michael                                       13000      13300
        202 Pat                                            6000       6300
        203 Susan                                          6500       6800
        204 Hermann                                       10000      10300
        205 Shelley                                       12008      12308
        206 William                                        8300       8600

108 rows selected.

SQL> SELECT employee_id, first_name, salary,NVL(salary, 0)+300 from employees;

EMPLOYEE_ID FIRST_NAME                                   SALARY NVL(SALARY,0)+300
----------- ---------------------------------------- ---------- -----------------
        207 JHON                                                              300
        100 Steven                                        24000             24300
        101 Neena                                         17000             17300
        102 Lex                                           17000             17300
        103 Alexander                                      9000              9300
        104 Bruce                                          6000              6300
        105 David                                          4800              5100
        106 Valli                                          4800              5100
        107 Diana                                          4200              4500
        108 Nancy                                         12008             12308
        109 Daniel                                         9000              9300

EMPLOYEE_ID FIRST_NAME                                   SALARY NVL(SALARY,0)+300
----------- ---------------------------------------- ---------- -----------------
        110 John                                           8200              8500
        111 Ismael                                         7700              8000
        112 Jose Manuel                                    7800              8100
        113 Luis                                           6900              7200
        114 Den                                           11000             11300
        115 Alexander                                      3100              3400
        116 Shelli                                         2900              3200
        117 Sigal                                          2800              3100
        118 Guy                                            2600              2900
        119 Karen                                          2500              2800
        120 Matthew                                        8000              8300

EMPLOYEE_ID FIRST_NAME                                   SALARY NVL(SALARY,0)+300
----------- ---------------------------------------- ---------- -----------------
        121 Adam                                           8200              8500
        122 Payam                                          7900              8200
        123 Shanta                                         6500              6800
        124 Kevin                                          5800              6100
        125 Julia                                          3200              3500
        126 Irene                                          2700              3000
        127 James                                          2400              2700
        128 Steven                                         2200              2500
        129 Laura                                          3300              3600
        130 Mozhe                                          2800              3100
        131 James                                          2500              2800

EMPLOYEE_ID FIRST_NAME                                   SALARY NVL(SALARY,0)+300
----------- ---------------------------------------- ---------- -----------------
        132 TJ                                             2100              2400
        133 Jason                                          3300              3600
        134 Michael                                        2900              3200
        135 Ki                                             2400              2700
        136 Hazel                                          2200              2500
        137 Renske                                         3600              3900
        138 Stephen                                        3200              3500
        139 John                                           2700              3000
        140 Joshua                                         2500              2800
        141 Trenna                                         3500              3800
        142 Curtis                                         3100              3400

EMPLOYEE_ID FIRST_NAME                                   SALARY NVL(SALARY,0)+300
----------- ---------------------------------------- ---------- -----------------
        143 Randall                                        2600              2900
        144 Peter                                          2500              2800
        145 John                                          14000             14300
        146 Karen                                         13500             13800
        147 Alberto                                       12000             12300
        148 Gerald                                        11000             11300
        149 Eleni                                         10500             10800
        150 Peter                                         10000             10300
        151 David                                          9500              9800
        152 Peter                                          9000              9300
        153 Christopher                                    8000              8300

EMPLOYEE_ID FIRST_NAME                                   SALARY NVL(SALARY,0)+300
----------- ---------------------------------------- ---------- -----------------
        154 Nanette                                        7500              7800
        155 Oliver                                         7000              7300
        156 Janette                                       10000             10300
        157 Patrick                                        9500              9800
        158 Allan                                          9000              9300
        159 Lindsey                                        8000              8300
        160 Louise                                         7500              7800
        161 Sarath                                         7000              7300
        162 Clara                                         10500             10800
        163 Danielle                                       9500              9800
        164 Mattea                                         7200              7500

EMPLOYEE_ID FIRST_NAME                                   SALARY NVL(SALARY,0)+300
----------- ---------------------------------------- ---------- -----------------
        165 David                                          6800              7100
        166 Sundar                                         6400              6700
        167 Amit                                           6200              6500
        168 Lisa                                          11500             11800
        169 Harrison                                      10000             10300
        170 Tayler                                         9600              9900
        171 William                                        7400              7700
        172 Elizabeth                                      7300              7600
        173 Sundita                                        6100              6400
        174 Ellen                                         11000             11300
        175 Alyssa                                         8800              9100

EMPLOYEE_ID FIRST_NAME                                   SALARY NVL(SALARY,0)+300
----------- ---------------------------------------- ---------- -----------------
        176 Jonathon                                       8600              8900
        177 Jack                                           8400              8700
        178 Kimberely                                      7000              7300
        179 Charles                                        6200              6500
        180 Winston                                        3200              3500
        181 Jean                                           3100              3400
        182 Martha                                         2500              2800
        183 Girard                                         2800              3100
        184 Nandita                                        4200              4500
        185 Alexis                                         4100              4400
        186 Julia                                          3400              3700

EMPLOYEE_ID FIRST_NAME                                   SALARY NVL(SALARY,0)+300
----------- ---------------------------------------- ---------- -----------------
        187 Anthony                                        3000              3300
        188 Kelly                                          3800              4100
        189 Jennifer                                       3600              3900
        190 Timothy                                        2900              3200
        191 Randall                                        2500              2800
        192 Sarah                                          4000              4300
        193 Britney                                        3900              4200
        194 Samuel                                         3200              3500
        195 Vance                                          2800              3100
        196 Alana                                          3100              3400
        197 Kevin                                          3000              3300

EMPLOYEE_ID FIRST_NAME                                   SALARY NVL(SALARY,0)+300
----------- ---------------------------------------- ---------- -----------------
        198 Donald                                         2600              2900
        199 Douglas                                        2600              2900
        200 Jennifer                                       4400              4700
        201 Michael                                       13000             13300
        202 Pat                                            6000              6300
        203 Susan                                          6500              6800
        204 Hermann                                       10000             10300
        205 Shelley                                       12008             12308
        206 William                                        8300              8600

108 rows selected.

SQL> SELECT employee_id, first_name, salary, salary*12 from employees;

EMPLOYEE_ID FIRST_NAME                                   SALARY  SALARY*12
----------- ---------------------------------------- ---------- ----------
        207 JHON
        100 Steven                                        24000     288000
        101 Neena                                         17000     204000
        102 Lex                                           17000     204000
        103 Alexander                                      9000     108000
        104 Bruce                                          6000      72000
        105 David                                          4800      57600
        106 Valli                                          4800      57600
        107 Diana                                          4200      50400
        108 Nancy                                         12008     144096
        109 Daniel                                         9000     108000

EMPLOYEE_ID FIRST_NAME                                   SALARY  SALARY*12
----------- ---------------------------------------- ---------- ----------
        110 John                                           8200      98400
        111 Ismael                                         7700      92400
        112 Jose Manuel                                    7800      93600
        113 Luis                                           6900      82800
        114 Den                                           11000     132000
        115 Alexander                                      3100      37200
        116 Shelli                                         2900      34800
        117 Sigal                                          2800      33600
        118 Guy                                            2600      31200
        119 Karen                                          2500      30000
        120 Matthew                                        8000      96000

EMPLOYEE_ID FIRST_NAME                                   SALARY  SALARY*12
----------- ---------------------------------------- ---------- ----------
        121 Adam                                           8200      98400
        122 Payam                                          7900      94800
        123 Shanta                                         6500      78000
        124 Kevin                                          5800      69600
        125 Julia                                          3200      38400
        126 Irene                                          2700      32400
        127 James                                          2400      28800
        128 Steven                                         2200      26400
        129 Laura                                          3300      39600
        130 Mozhe                                          2800      33600
        131 James                                          2500      30000

EMPLOYEE_ID FIRST_NAME                                   SALARY  SALARY*12
----------- ---------------------------------------- ---------- ----------
        132 TJ                                             2100      25200
        133 Jason                                          3300      39600
        134 Michael                                        2900      34800
        135 Ki                                             2400      28800
        136 Hazel                                          2200      26400
        137 Renske                                         3600      43200
        138 Stephen                                        3200      38400
        139 John                                           2700      32400
        140 Joshua                                         2500      30000
        141 Trenna                                         3500      42000
        142 Curtis                                         3100      37200

EMPLOYEE_ID FIRST_NAME                                   SALARY  SALARY*12
----------- ---------------------------------------- ---------- ----------
        143 Randall                                        2600      31200
        144 Peter                                          2500      30000
        145 John                                          14000     168000
        146 Karen                                         13500     162000
        147 Alberto                                       12000     144000
        148 Gerald                                        11000     132000
        149 Eleni                                         10500     126000
        150 Peter                                         10000     120000
        151 David                                          9500     114000
        152 Peter                                          9000     108000
        153 Christopher                                    8000      96000

EMPLOYEE_ID FIRST_NAME                                   SALARY  SALARY*12
----------- ---------------------------------------- ---------- ----------
        154 Nanette                                        7500      90000
        155 Oliver                                         7000      84000
        156 Janette                                       10000     120000
        157 Patrick                                        9500     114000
        158 Allan                                          9000     108000
        159 Lindsey                                        8000      96000
        160 Louise                                         7500      90000
        161 Sarath                                         7000      84000
        162 Clara                                         10500     126000
        163 Danielle                                       9500     114000
        164 Mattea                                         7200      86400

EMPLOYEE_ID FIRST_NAME                                   SALARY  SALARY*12
----------- ---------------------------------------- ---------- ----------
        165 David                                          6800      81600
        166 Sundar                                         6400      76800
        167 Amit                                           6200      74400
        168 Lisa                                          11500     138000
        169 Harrison                                      10000     120000
        170 Tayler                                         9600     115200
        171 William                                        7400      88800
        172 Elizabeth                                      7300      87600
        173 Sundita                                        6100      73200
        174 Ellen                                         11000     132000
        175 Alyssa                                         8800     105600

EMPLOYEE_ID FIRST_NAME                                   SALARY  SALARY*12
----------- ---------------------------------------- ---------- ----------
        176 Jonathon                                       8600     103200
        177 Jack                                           8400     100800
        178 Kimberely                                      7000      84000
        179 Charles                                        6200      74400
        180 Winston                                        3200      38400
        181 Jean                                           3100      37200
        182 Martha                                         2500      30000
        183 Girard                                         2800      33600
        184 Nandita                                        4200      50400
        185 Alexis                                         4100      49200
        186 Julia                                          3400      40800

EMPLOYEE_ID FIRST_NAME                                   SALARY  SALARY*12
----------- ---------------------------------------- ---------- ----------
        187 Anthony                                        3000      36000
        188 Kelly                                          3800      45600
        189 Jennifer                                       3600      43200
        190 Timothy                                        2900      34800
        191 Randall                                        2500      30000
        192 Sarah                                          4000      48000
        193 Britney                                        3900      46800
        194 Samuel                                         3200      38400
        195 Vance                                          2800      33600
        196 Alana                                          3100      37200
        197 Kevin                                          3000      36000

EMPLOYEE_ID FIRST_NAME                                   SALARY  SALARY*12
----------- ---------------------------------------- ---------- ----------
        198 Donald                                         2600      31200
        199 Douglas                                        2600      31200
        200 Jennifer                                       4400      52800
        201 Michael                                       13000     156000
        202 Pat                                            6000      72000
        203 Susan                                          6500      78000
        204 Hermann                                       10000     120000
        205 Shelley                                       12008     144096
        206 William                                        8300      99600

108 rows selected.

SQL> SELECT employee_id, first_name, salary, salary*12 "Annual Salary" from employees;

EMPLOYEE_ID FIRST_NAME                                   SALARY Annual Salary
----------- ---------------------------------------- ---------- -------------
        207 JHON
        100 Steven                                        24000        288000
        101 Neena                                         17000        204000
        102 Lex                                           17000        204000
        103 Alexander                                      9000        108000
        104 Bruce                                          6000         72000
        105 David                                          4800         57600
        106 Valli                                          4800         57600
        107 Diana                                          4200         50400
        108 Nancy                                         12008        144096
        109 Daniel                                         9000        108000

EMPLOYEE_ID FIRST_NAME                                   SALARY Annual Salary
----------- ---------------------------------------- ---------- -------------
        110 John                                           8200         98400
        111 Ismael                                         7700         92400
        112 Jose Manuel                                    7800         93600
        113 Luis                                           6900         82800
        114 Den                                           11000        132000
        115 Alexander                                      3100         37200
        116 Shelli                                         2900         34800
        117 Sigal                                          2800         33600
        118 Guy                                            2600         31200
        119 Karen                                          2500         30000
        120 Matthew                                        8000         96000

EMPLOYEE_ID FIRST_NAME                                   SALARY Annual Salary
----------- ---------------------------------------- ---------- -------------
        121 Adam                                           8200         98400
        122 Payam                                          7900         94800
        123 Shanta                                         6500         78000
        124 Kevin                                          5800         69600
        125 Julia                                          3200         38400
        126 Irene                                          2700         32400
        127 James                                          2400         28800
        128 Steven                                         2200         26400
        129 Laura                                          3300         39600
        130 Mozhe                                          2800         33600
        131 James                                          2500         30000

EMPLOYEE_ID FIRST_NAME                                   SALARY Annual Salary
----------- ---------------------------------------- ---------- -------------
        132 TJ                                             2100         25200
        133 Jason                                          3300         39600
        134 Michael                                        2900         34800
        135 Ki                                             2400         28800
        136 Hazel                                          2200         26400
        137 Renske                                         3600         43200
        138 Stephen                                        3200         38400
        139 John                                           2700         32400
        140 Joshua                                         2500         30000
        141 Trenna                                         3500         42000
        142 Curtis                                         3100         37200

EMPLOYEE_ID FIRST_NAME                                   SALARY Annual Salary
----------- ---------------------------------------- ---------- -------------
        143 Randall                                        2600         31200
        144 Peter                                          2500         30000
        145 John                                          14000        168000
        146 Karen                                         13500        162000
        147 Alberto                                       12000        144000
        148 Gerald                                        11000        132000
        149 Eleni                                         10500        126000
        150 Peter                                         10000        120000
        151 David                                          9500        114000
        152 Peter                                          9000        108000
        153 Christopher                                    8000         96000

EMPLOYEE_ID FIRST_NAME                                   SALARY Annual Salary
----------- ---------------------------------------- ---------- -------------
        154 Nanette                                        7500         90000
        155 Oliver                                         7000         84000
        156 Janette                                       10000        120000
        157 Patrick                                        9500        114000
        158 Allan                                          9000        108000
        159 Lindsey                                        8000         96000
        160 Louise                                         7500         90000
        161 Sarath                                         7000         84000
        162 Clara                                         10500        126000
        163 Danielle                                       9500        114000
        164 Mattea                                         7200         86400

EMPLOYEE_ID FIRST_NAME                                   SALARY Annual Salary
----------- ---------------------------------------- ---------- -------------
        165 David                                          6800         81600
        166 Sundar                                         6400         76800
        167 Amit                                           6200         74400
        168 Lisa                                          11500        138000
        169 Harrison                                      10000        120000
        170 Tayler                                         9600        115200
        171 William                                        7400         88800
        172 Elizabeth                                      7300         87600
        173 Sundita                                        6100         73200
        174 Ellen                                         11000        132000
        175 Alyssa                                         8800        105600

EMPLOYEE_ID FIRST_NAME                                   SALARY Annual Salary
----------- ---------------------------------------- ---------- -------------
        176 Jonathon                                       8600        103200
        177 Jack                                           8400        100800
        178 Kimberely                                      7000         84000
        179 Charles                                        6200         74400
        180 Winston                                        3200         38400
        181 Jean                                           3100         37200
        182 Martha                                         2500         30000
        183 Girard                                         2800         33600
        184 Nandita                                        4200         50400
        185 Alexis                                         4100         49200
        186 Julia                                          3400         40800

EMPLOYEE_ID FIRST_NAME                                   SALARY Annual Salary
----------- ---------------------------------------- ---------- -------------
        187 Anthony                                        3000         36000
        188 Kelly                                          3800         45600
        189 Jennifer                                       3600         43200
        190 Timothy                                        2900         34800
        191 Randall                                        2500         30000
        192 Sarah                                          4000         48000
        193 Britney                                        3900         46800
        194 Samuel                                         3200         38400
        195 Vance                                          2800         33600
        196 Alana                                          3100         37200
        197 Kevin                                          3000         36000

EMPLOYEE_ID FIRST_NAME                                   SALARY Annual Salary
----------- ---------------------------------------- ---------- -------------
        198 Donald                                         2600         31200
        199 Douglas                                        2600         31200
        200 Jennifer                                       4400         52800
        201 Michael                                       13000        156000
        202 Pat                                            6000         72000
        203 Susan                                          6500         78000
        204 Hermann                                       10000        120000
        205 Shelley                                       12008        144096
        206 William                                        8300         99600

108 rows selected.

SQL> SELECT employee_id, first_name 결과1,'Abc' 결과2, salary 결과3, 500 결과4 from employees;

EMPLOYEE_ID 결과1                                    결과2       결과3      결과4
----------- ---------------------------------------- ------ ---------- ----------
        207 JHON                                     Abc                      500
        100 Steven                                   Abc         24000        500
        101 Neena                                    Abc         17000        500
        102 Lex                                      Abc         17000        500
        103 Alexander                                Abc          9000        500
        104 Bruce                                    Abc          6000        500
        105 David                                    Abc          4800        500
        106 Valli                                    Abc          4800        500
        107 Diana                                    Abc          4200        500
        108 Nancy                                    Abc         12008        500
        109 Daniel                                   Abc          9000        500

EMPLOYEE_ID 결과1                                    결과2       결과3      결과4
----------- ---------------------------------------- ------ ---------- ----------
        110 John                                     Abc          8200        500
        111 Ismael                                   Abc          7700        500
        112 Jose Manuel                              Abc          7800        500
        113 Luis                                     Abc          6900        500
        114 Den                                      Abc         11000        500
        115 Alexander                                Abc          3100        500
        116 Shelli                                   Abc          2900        500
        117 Sigal                                    Abc          2800        500
        118 Guy                                      Abc          2600        500
        119 Karen                                    Abc          2500        500
        120 Matthew                                  Abc          8000        500

EMPLOYEE_ID 결과1                                    결과2       결과3      결과4
----------- ---------------------------------------- ------ ---------- ----------
        121 Adam                                     Abc          8200        500
        122 Payam                                    Abc          7900        500
        123 Shanta                                   Abc          6500        500
        124 Kevin                                    Abc          5800        500
        125 Julia                                    Abc          3200        500
        126 Irene                                    Abc          2700        500
        127 James                                    Abc          2400        500
        128 Steven                                   Abc          2200        500
        129 Laura                                    Abc          3300        500
        130 Mozhe                                    Abc          2800        500
        131 James                                    Abc          2500        500

EMPLOYEE_ID 결과1                                    결과2       결과3      결과4
----------- ---------------------------------------- ------ ---------- ----------
        132 TJ                                       Abc          2100        500
        133 Jason                                    Abc          3300        500
        134 Michael                                  Abc          2900        500
        135 Ki                                       Abc          2400        500
        136 Hazel                                    Abc          2200        500
        137 Renske                                   Abc          3600        500
        138 Stephen                                  Abc          3200        500
        139 John                                     Abc          2700        500
        140 Joshua                                   Abc          2500        500
        141 Trenna                                   Abc          3500        500
        142 Curtis                                   Abc          3100        500

EMPLOYEE_ID 결과1                                    결과2       결과3      결과4
----------- ---------------------------------------- ------ ---------- ----------
        143 Randall                                  Abc          2600        500
        144 Peter                                    Abc          2500        500
        145 John                                     Abc         14000        500
        146 Karen                                    Abc         13500        500
        147 Alberto                                  Abc         12000        500
        148 Gerald                                   Abc         11000        500
        149 Eleni                                    Abc         10500        500
        150 Peter                                    Abc         10000        500
        151 David                                    Abc          9500        500
        152 Peter                                    Abc          9000        500
        153 Christopher                              Abc          8000        500

EMPLOYEE_ID 결과1                                    결과2       결과3      결과4
----------- ---------------------------------------- ------ ---------- ----------
        154 Nanette                                  Abc          7500        500
        155 Oliver                                   Abc          7000        500
        156 Janette                                  Abc         10000        500
        157 Patrick                                  Abc          9500        500
        158 Allan                                    Abc          9000        500
        159 Lindsey                                  Abc          8000        500
        160 Louise                                   Abc          7500        500
        161 Sarath                                   Abc          7000        500
        162 Clara                                    Abc         10500        500
        163 Danielle                                 Abc          9500        500
        164 Mattea                                   Abc          7200        500

EMPLOYEE_ID 결과1                                    결과2       결과3      결과4
----------- ---------------------------------------- ------ ---------- ----------
        165 David                                    Abc          6800        500
        166 Sundar                                   Abc          6400        500
        167 Amit                                     Abc          6200        500
        168 Lisa                                     Abc         11500        500
        169 Harrison                                 Abc         10000        500
        170 Tayler                                   Abc          9600        500
        171 William                                  Abc          7400        500
        172 Elizabeth                                Abc          7300        500
        173 Sundita                                  Abc          6100        500
        174 Ellen                                    Abc         11000        500
        175 Alyssa                                   Abc          8800        500

EMPLOYEE_ID 결과1                                    결과2       결과3      결과4
----------- ---------------------------------------- ------ ---------- ----------
        176 Jonathon                                 Abc          8600        500
        177 Jack                                     Abc          8400        500
        178 Kimberely                                Abc          7000        500
        179 Charles                                  Abc          6200        500
        180 Winston                                  Abc          3200        500
        181 Jean                                     Abc          3100        500
        182 Martha                                   Abc          2500        500
        183 Girard                                   Abc          2800        500
        184 Nandita                                  Abc          4200        500
        185 Alexis                                   Abc          4100        500
        186 Julia                                    Abc          3400        500

EMPLOYEE_ID 결과1                                    결과2       결과3      결과4
----------- ---------------------------------------- ------ ---------- ----------
        187 Anthony                                  Abc          3000        500
        188 Kelly                                    Abc          3800        500
        189 Jennifer                                 Abc          3600        500
        190 Timothy                                  Abc          2900        500
        191 Randall                                  Abc          2500        500
        192 Sarah                                    Abc          4000        500
        193 Britney                                  Abc          3900        500
        194 Samuel                                   Abc          3200        500
        195 Vance                                    Abc          2800        500
        196 Alana                                    Abc          3100        500
        197 Kevin                                    Abc          3000        500

EMPLOYEE_ID 결과1                                    결과2       결과3      결과4
----------- ---------------------------------------- ------ ---------- ----------
        198 Donald                                   Abc          2600        500
        199 Douglas                                  Abc          2600        500
        200 Jennifer                                 Abc          4400        500
        201 Michael                                  Abc         13000        500
        202 Pat                                      Abc          6000        500
        203 Susan                                    Abc          6500        500
        204 Hermann                                  Abc         10000        500
        205 Shelley                                  Abc         12008        500
        206 William                                  Abc          8300        500

108 rows selected.

SQL> SELECT first_name:employee_id:job_id from employees;
SP2-0552: Bind variable "EMPLOYEE_ID" not declared.
SQL> SELECT first_name||employee_id||job_id from employees;

FIRST_NAME||EMPLOYEE_ID||JOB_ID
--------------------------------------------------------------------------------------------------------------------------------------------
JHON207SH_CLERK
Steven100AD_PRES
Neena101AD_VP
Lex102AD_VP
Alexander103IT_PROG
Bruce104IT_PROG
David105IT_PROG
Valli106IT_PROG
Diana107IT_PROG
Nancy108FI_MGR
Daniel109FI_ACCOUNT

FIRST_NAME||EMPLOYEE_ID||JOB_ID
--------------------------------------------------------------------------------------------------------------------------------------------
John110FI_ACCOUNT
Ismael111FI_ACCOUNT
Jose Manuel112FI_ACCOUNT
Luis113FI_ACCOUNT
Den114PU_MAN
Alexander115PU_CLERK
Shelli116PU_CLERK
Sigal117PU_CLERK
Guy118PU_CLERK
Karen119PU_CLERK
Matthew120ST_MAN

FIRST_NAME||EMPLOYEE_ID||JOB_ID
--------------------------------------------------------------------------------------------------------------------------------------------
Adam121ST_MAN
Payam122ST_MAN
Shanta123ST_MAN
Kevin124ST_MAN
Julia125ST_CLERK
Irene126ST_CLERK
James127ST_CLERK
Steven128ST_CLERK
Laura129ST_CLERK
Mozhe130ST_CLERK
James131ST_CLERK

FIRST_NAME||EMPLOYEE_ID||JOB_ID
--------------------------------------------------------------------------------------------------------------------------------------------
TJ132ST_CLERK
Jason133ST_CLERK
Michael134ST_CLERK
Ki135ST_CLERK
Hazel136ST_CLERK
Renske137ST_CLERK
Stephen138ST_CLERK
John139ST_CLERK
Joshua140ST_CLERK
Trenna141ST_CLERK
Curtis142ST_CLERK

FIRST_NAME||EMPLOYEE_ID||JOB_ID
--------------------------------------------------------------------------------------------------------------------------------------------
Randall143ST_CLERK
Peter144ST_CLERK
John145SA_MAN
Karen146SA_MAN
Alberto147SA_MAN
Gerald148SA_MAN
Eleni149SA_MAN
Peter150SA_REP
David151SA_REP
Peter152SA_REP
Christopher153SA_REP

FIRST_NAME||EMPLOYEE_ID||JOB_ID
--------------------------------------------------------------------------------------------------------------------------------------------
Nanette154SA_REP
Oliver155SA_REP
Janette156SA_REP
Patrick157SA_REP
Allan158SA_REP
Lindsey159SA_REP
Louise160SA_REP
Sarath161SA_REP
Clara162SA_REP
Danielle163SA_REP
Mattea164SA_REP

FIRST_NAME||EMPLOYEE_ID||JOB_ID
--------------------------------------------------------------------------------------------------------------------------------------------
David165SA_REP
Sundar166SA_REP
Amit167SA_REP
Lisa168SA_REP
Harrison169SA_REP
Tayler170SA_REP
William171SA_REP
Elizabeth172SA_REP
Sundita173SA_REP
Ellen174SA_REP
Alyssa175SA_REP

FIRST_NAME||EMPLOYEE_ID||JOB_ID
--------------------------------------------------------------------------------------------------------------------------------------------
Jonathon176SA_REP
Jack177SA_REP
Kimberely178SA_REP
Charles179SA_REP
Winston180SH_CLERK
Jean181SH_CLERK
Martha182SH_CLERK
Girard183SH_CLERK
Nandita184SH_CLERK
Alexis185SH_CLERK
Julia186SH_CLERK

FIRST_NAME||EMPLOYEE_ID||JOB_ID
--------------------------------------------------------------------------------------------------------------------------------------------
Anthony187SH_CLERK
Kelly188SH_CLERK
Jennifer189SH_CLERK
Timothy190SH_CLERK
Randall191SH_CLERK
Sarah192SH_CLERK
Britney193SH_CLERK
Samuel194SH_CLERK
Vance195SH_CLERK
Alana196SH_CLERK
Kevin197SH_CLERK

FIRST_NAME||EMPLOYEE_ID||JOB_ID
--------------------------------------------------------------------------------------------------------------------------------------------
Donald198SH_CLERK
Douglas199SH_CLERK
Jennifer200AD_ASST
Michael201MK_MAN
Pat202MK_REP
Susan203HR_REP
Hermann204PR_REP
Shelley205AC_MGR
William206AC_ACCOUNT

108 rows selected.

SQL> SELECT first_name||':'employee_id||':'job_id from employees;
SELECT first_name||':'employee_id||':'job_id from employees
                                 *
ERROR at line 1:
ORA-00923: FROM keyword not found where expected


SQL> SELECT first_name':'||employee_id||':'job_id from employees;
SELECT first_name':'||employee_id||':'job_id from employees
                 *
ERROR at line 1:
ORA-00923: FROM keyword not found where expected


SQL> SELECT first_name:||employee_id||:job_id from employees;
SP2-0552: Bind variable "JOB_ID" not declared.
SQL> SELECT 'first_name:'||'employee_id:'||job_id from employees;

'FIRST_NAME:'||'EMPLOYEE_ID:'||JOB_ID
------------------------------------------------------------------
first_name:employee_id:AC_ACCOUNT
first_name:employee_id:AC_MGR
first_name:employee_id:AD_ASST
first_name:employee_id:AD_PRES
first_name:employee_id:AD_VP
first_name:employee_id:AD_VP
first_name:employee_id:FI_ACCOUNT
first_name:employee_id:FI_ACCOUNT
first_name:employee_id:FI_ACCOUNT
first_name:employee_id:FI_ACCOUNT
first_name:employee_id:FI_ACCOUNT

'FIRST_NAME:'||'EMPLOYEE_ID:'||JOB_ID
------------------------------------------------------------------
first_name:employee_id:FI_MGR
first_name:employee_id:HR_REP
first_name:employee_id:IT_PROG
first_name:employee_id:IT_PROG
first_name:employee_id:IT_PROG
first_name:employee_id:IT_PROG
first_name:employee_id:IT_PROG
first_name:employee_id:MK_MAN
first_name:employee_id:MK_REP
first_name:employee_id:PR_REP
first_name:employee_id:PU_CLERK

'FIRST_NAME:'||'EMPLOYEE_ID:'||JOB_ID
------------------------------------------------------------------
first_name:employee_id:PU_CLERK
first_name:employee_id:PU_CLERK
first_name:employee_id:PU_CLERK
first_name:employee_id:PU_CLERK
first_name:employee_id:PU_MAN
first_name:employee_id:SA_MAN
first_name:employee_id:SA_MAN
first_name:employee_id:SA_MAN
first_name:employee_id:SA_MAN
first_name:employee_id:SA_MAN
first_name:employee_id:SA_REP

'FIRST_NAME:'||'EMPLOYEE_ID:'||JOB_ID
------------------------------------------------------------------
first_name:employee_id:SA_REP
first_name:employee_id:SA_REP
first_name:employee_id:SA_REP
first_name:employee_id:SA_REP
first_name:employee_id:SA_REP
first_name:employee_id:SA_REP
first_name:employee_id:SA_REP
first_name:employee_id:SA_REP
first_name:employee_id:SA_REP
first_name:employee_id:SA_REP
first_name:employee_id:SA_REP

'FIRST_NAME:'||'EMPLOYEE_ID:'||JOB_ID
------------------------------------------------------------------
first_name:employee_id:SA_REP
first_name:employee_id:SA_REP
first_name:employee_id:SA_REP
first_name:employee_id:SA_REP
first_name:employee_id:SA_REP
first_name:employee_id:SA_REP
first_name:employee_id:SA_REP
first_name:employee_id:SA_REP
first_name:employee_id:SA_REP
first_name:employee_id:SA_REP
first_name:employee_id:SA_REP

'FIRST_NAME:'||'EMPLOYEE_ID:'||JOB_ID
------------------------------------------------------------------
first_name:employee_id:SA_REP
first_name:employee_id:SA_REP
first_name:employee_id:SA_REP
first_name:employee_id:SA_REP
first_name:employee_id:SA_REP
first_name:employee_id:SA_REP
first_name:employee_id:SA_REP
first_name:employee_id:SH_CLERK
first_name:employee_id:SH_CLERK
first_name:employee_id:SH_CLERK
first_name:employee_id:SH_CLERK

'FIRST_NAME:'||'EMPLOYEE_ID:'||JOB_ID
------------------------------------------------------------------
first_name:employee_id:SH_CLERK
first_name:employee_id:SH_CLERK
first_name:employee_id:SH_CLERK
first_name:employee_id:SH_CLERK
first_name:employee_id:SH_CLERK
first_name:employee_id:SH_CLERK
first_name:employee_id:SH_CLERK
first_name:employee_id:SH_CLERK
first_name:employee_id:SH_CLERK
first_name:employee_id:SH_CLERK
first_name:employee_id:SH_CLERK

'FIRST_NAME:'||'EMPLOYEE_ID:'||JOB_ID
------------------------------------------------------------------
first_name:employee_id:SH_CLERK
first_name:employee_id:SH_CLERK
first_name:employee_id:SH_CLERK
first_name:employee_id:SH_CLERK
first_name:employee_id:SH_CLERK
first_name:employee_id:SH_CLERK
first_name:employee_id:ST_CLERK
first_name:employee_id:ST_CLERK
first_name:employee_id:ST_CLERK
first_name:employee_id:ST_CLERK
first_name:employee_id:ST_CLERK

'FIRST_NAME:'||'EMPLOYEE_ID:'||JOB_ID
------------------------------------------------------------------
first_name:employee_id:ST_CLERK
first_name:employee_id:ST_CLERK
first_name:employee_id:ST_CLERK
first_name:employee_id:ST_CLERK
first_name:employee_id:ST_CLERK
first_name:employee_id:ST_CLERK
first_name:employee_id:ST_CLERK
first_name:employee_id:ST_CLERK
first_name:employee_id:ST_CLERK
first_name:employee_id:ST_CLERK
first_name:employee_id:ST_CLERK

'FIRST_NAME:'||'EMPLOYEE_ID:'||JOB_ID
------------------------------------------------------------------
first_name:employee_id:ST_CLERK
first_name:employee_id:ST_CLERK
first_name:employee_id:ST_CLERK
first_name:employee_id:ST_CLERK
first_name:employee_id:ST_MAN
first_name:employee_id:ST_MAN
first_name:employee_id:ST_MAN
first_name:employee_id:ST_MAN
first_name:employee_id:ST_MAN

108 rows selected.

SQL> SELECT first_name||':'||employee_id||':'||job_id from employees;

FIRST_NAME||':'||EMPLOYEE_ID||':'||JOB_ID
------------------------------------------------------------------------------------------------------------------------------------------------
JHON:207:SH_CLERK
Steven:100:AD_PRES
Neena:101:AD_VP
Lex:102:AD_VP
Alexander:103:IT_PROG
Bruce:104:IT_PROG
David:105:IT_PROG
Valli:106:IT_PROG
Diana:107:IT_PROG
Nancy:108:FI_MGR
Daniel:109:FI_ACCOUNT

FIRST_NAME||':'||EMPLOYEE_ID||':'||JOB_ID
------------------------------------------------------------------------------------------------------------------------------------------------
John:110:FI_ACCOUNT
Ismael:111:FI_ACCOUNT
Jose Manuel:112:FI_ACCOUNT
Luis:113:FI_ACCOUNT
Den:114:PU_MAN
Alexander:115:PU_CLERK
Shelli:116:PU_CLERK
Sigal:117:PU_CLERK
Guy:118:PU_CLERK
Karen:119:PU_CLERK
Matthew:120:ST_MAN

FIRST_NAME||':'||EMPLOYEE_ID||':'||JOB_ID
------------------------------------------------------------------------------------------------------------------------------------------------
Adam:121:ST_MAN
Payam:122:ST_MAN
Shanta:123:ST_MAN
Kevin:124:ST_MAN
Julia:125:ST_CLERK
Irene:126:ST_CLERK
James:127:ST_CLERK
Steven:128:ST_CLERK
Laura:129:ST_CLERK
Mozhe:130:ST_CLERK
James:131:ST_CLERK

FIRST_NAME||':'||EMPLOYEE_ID||':'||JOB_ID
------------------------------------------------------------------------------------------------------------------------------------------------
TJ:132:ST_CLERK
Jason:133:ST_CLERK
Michael:134:ST_CLERK
Ki:135:ST_CLERK
Hazel:136:ST_CLERK
Renske:137:ST_CLERK
Stephen:138:ST_CLERK
John:139:ST_CLERK
Joshua:140:ST_CLERK
Trenna:141:ST_CLERK
Curtis:142:ST_CLERK

FIRST_NAME||':'||EMPLOYEE_ID||':'||JOB_ID
------------------------------------------------------------------------------------------------------------------------------------------------
Randall:143:ST_CLERK
Peter:144:ST_CLERK
John:145:SA_MAN
Karen:146:SA_MAN
Alberto:147:SA_MAN
Gerald:148:SA_MAN
Eleni:149:SA_MAN
Peter:150:SA_REP
David:151:SA_REP
Peter:152:SA_REP
Christopher:153:SA_REP

FIRST_NAME||':'||EMPLOYEE_ID||':'||JOB_ID
------------------------------------------------------------------------------------------------------------------------------------------------
Nanette:154:SA_REP
Oliver:155:SA_REP
Janette:156:SA_REP
Patrick:157:SA_REP
Allan:158:SA_REP
Lindsey:159:SA_REP
Louise:160:SA_REP
Sarath:161:SA_REP
Clara:162:SA_REP
Danielle:163:SA_REP
Mattea:164:SA_REP

FIRST_NAME||':'||EMPLOYEE_ID||':'||JOB_ID
------------------------------------------------------------------------------------------------------------------------------------------------
David:165:SA_REP
Sundar:166:SA_REP
Amit:167:SA_REP
Lisa:168:SA_REP
Harrison:169:SA_REP
Tayler:170:SA_REP
William:171:SA_REP
Elizabeth:172:SA_REP
Sundita:173:SA_REP
Ellen:174:SA_REP
Alyssa:175:SA_REP

FIRST_NAME||':'||EMPLOYEE_ID||':'||JOB_ID
------------------------------------------------------------------------------------------------------------------------------------------------
Jonathon:176:SA_REP
Jack:177:SA_REP
Kimberely:178:SA_REP
Charles:179:SA_REP
Winston:180:SH_CLERK
Jean:181:SH_CLERK
Martha:182:SH_CLERK
Girard:183:SH_CLERK
Nandita:184:SH_CLERK
Alexis:185:SH_CLERK
Julia:186:SH_CLERK

FIRST_NAME||':'||EMPLOYEE_ID||':'||JOB_ID
------------------------------------------------------------------------------------------------------------------------------------------------
Anthony:187:SH_CLERK
Kelly:188:SH_CLERK
Jennifer:189:SH_CLERK
Timothy:190:SH_CLERK
Randall:191:SH_CLERK
Sarah:192:SH_CLERK
Britney:193:SH_CLERK
Samuel:194:SH_CLERK
Vance:195:SH_CLERK
Alana:196:SH_CLERK
Kevin:197:SH_CLERK

FIRST_NAME||':'||EMPLOYEE_ID||':'||JOB_ID
------------------------------------------------------------------------------------------------------------------------------------------------
Donald:198:SH_CLERK
Douglas:199:SH_CLERK
Jennifer:200:AD_ASST
Michael:201:MK_MAN
Pat:202:MK_REP
Susan:203:HR_REP
Hermann:204:PR_REP
Shelley:205:AC_MGR
William:206:AC_ACCOUNT

108 rows selected.

SQL> SELECT first_name||:"||employee_id||:"||job_id from employees;
SP2-0552: Bind variable "||employee_id||:" not declared.
SQL> SELECT first_name||job_id "King is a PRESIDENT" as "Employees Details" from employees;
SELECT first_name||job_id "King is a PRESIDENT" as "Employees Details" from employees
                                                *
ERROR at line 1:
ORA-00923: FROM keyword not found where expected


SQL> SELECT first_name"is a"||job_id as "Employees Details" from employees;
SELECT first_name"is a"||job_id as "Employees Details" from employees
                       *
ERROR at line 1:
ORA-00923: FROM keyword not found where expected


SQL> SELECT first_name||'is a'||job_id as "Employees Details" from employees;

Employees Details
--------------------------------------------------------------------
JHONis aSH_CLERK
Ellenis aSA_REP
Sundaris aSA_REP
Mozheis aST_CLERK
Davidis aIT_PROG
Hermannis aPR_REP
Shelliis aPU_CLERK
Amitis aSA_REP
Elizabethis aSA_REP
Sarahis aSH_CLERK
Davidis aSA_REP

Employees Details
--------------------------------------------------------------------
Laurais aST_CLERK
Harrisonis aSA_REP
Alexisis aSH_CLERK
Anthonyis aSH_CLERK
Geraldis aSA_MAN
Nanetteis aSA_REP
Johnis aFI_ACCOUNT
Kellyis aSH_CLERK
Karenis aPU_CLERK
Curtisis aST_CLERK
Lexis aAD_VP

Employees Details
--------------------------------------------------------------------
Juliais aSH_CLERK
Jenniferis aSH_CLERK
Louiseis aSA_REP
Bruceis aIT_PROG
Albertois aSA_MAN
Britneyis aSH_CLERK
Danielis aFI_ACCOUNT
Patis aMK_REP
Kevinis aSH_CLERK
Jeanis aSH_CLERK
Tayleris aSA_REP

Employees Details
--------------------------------------------------------------------
Adamis aST_MAN
Timothyis aSH_CLERK
Kiis aST_CLERK
Girardis aSH_CLERK
Williamis aAC_ACCOUNT
Douglasis aSH_CLERK
Kimberelyis aSA_REP
Nancyis aFI_MGR
Danielleis aSA_REP
Peteris aSA_REP
Michaelis aMK_MAN

Employees Details
--------------------------------------------------------------------
Shelleyis aAC_MGR
Guyis aPU_CLERK
Alexanderis aIT_PROG
Alyssais aSA_REP
Charlesis aSA_REP
Vanceis aSH_CLERK
Payamis aST_MAN
Alexanderis aPU_CLERK
Janetteis aSA_REP
Stevenis aAD_PRES
Neenais aAD_VP

Employees Details
--------------------------------------------------------------------
Sunditais aSA_REP
Renskeis aST_CLERK
Jamesis aST_CLERK
Davidis aSA_REP
Jackis aSA_REP
Dianais aIT_PROG
Jasonis aST_CLERK
Stevenis aST_CLERK
Jamesis aST_CLERK
Matteais aSA_REP
Randallis aST_CLERK

Employees Details
--------------------------------------------------------------------
Susanis aHR_REP
Samuelis aSH_CLERK
Allanis aSA_REP
Ireneis aST_CLERK
Kevinis aST_MAN
Juliais aST_CLERK
Donaldis aSH_CLERK
Christopheris aSA_REP
TJis aST_CLERK
Lisais aSA_REP
Karenis aSA_MAN

Employees Details
--------------------------------------------------------------------
Valliis aIT_PROG
Joshuais aST_CLERK
Randallis aSH_CLERK
Hazelis aST_CLERK
Luisis aFI_ACCOUNT
Trennais aST_CLERK
Denis aPU_MAN
Michaelis aST_CLERK
Johnis aSA_MAN
Nanditais aSH_CLERK
Ismaelis aFI_ACCOUNT

Employees Details
--------------------------------------------------------------------
Johnis aST_CLERK
Sarathis aSA_REP
Lindseyis aSA_REP
Williamis aSA_REP
Stephenis aST_CLERK
Marthais aSH_CLERK
Patrickis aSA_REP
Jonathonis aSA_REP
Winstonis aSH_CLERK
Sigalis aPU_CLERK
Peteris aSA_REP

Employees Details
--------------------------------------------------------------------
Oliveris aSA_REP
Jose Manuelis aFI_ACCOUNT
Peteris aST_CLERK
Clarais aSA_REP
Shantais aST_MAN
Alanais aSH_CLERK
Matthewis aST_MAN
Jenniferis aAD_ASST
Eleniis aSA_MAN

108 rows selected.

SQL> SELECT first_name||' is a '||job_id as "Employees Details" from employees;

Employees Details
------------------------------------------------------------------------
JHON is a SH_CLERK
Ellen is a SA_REP
Sundar is a SA_REP
Mozhe is a ST_CLERK
David is a IT_PROG
Hermann is a PR_REP
Shelli is a PU_CLERK
Amit is a SA_REP
Elizabeth is a SA_REP
Sarah is a SH_CLERK
David is a SA_REP

108 rows selected.

SQL> SELECT first_name||':'||employee_id||':'||job_id from employees;

FIRST_NAME||':'||EMPLOYEE_ID||':'||JOB_ID
------------------------------------------------------------------------------------------------------------------------------------------------
JHON:207:SH_CLERK
Steven:100:AD_PRES
Neena:101:AD_VP
Lex:102:AD_VP
Alexander:103:IT_PROG
Bruce:104:IT_PROG
David:105:IT_PROG
Valli:106:IT_PROG
Diana:107:IT_PROG
Nancy:108:FI_MGR
Daniel:109:FI_ACCOUNT

108 rows selected.


SQL> SELECT first_name||' : 1 Year Salary = '||Salary as "Annual" from employees;

Annual
--------------------------------------------------------------------------------------------------------------------------------------------------------------
JHON : 1 Year Salary =
Steven : 1 Year Salary = 24000
Neena : 1 Year Salary = 17000
Lex : 1 Year Salary = 17000
Alexander : 1 Year Salary = 9000
Bruce : 1 Year Salary = 6000
David : 1 Year Salary = 4800
Valli : 1 Year Salary = 4800
Diana : 1 Year Salary = 4200
Nancy : 1 Year Salary = 12008
Daniel : 1 Year Salary = 9000

108 rows selected.

SQL> SELECT first_name||' : 1 Year Salary = '||Salary*12 as "Annual" from employees;

Annual
--------------------------------------------------------------------------------------------------------------------------------------------------------------
JHON : 1 Year Salary =
Steven : 1 Year Salary = 288000
Neena : 1 Year Salary = 204000
Lex : 1 Year Salary = 204000
Alexander : 1 Year Salary = 108000
Bruce : 1 Year Salary = 72000
David : 1 Year Salary = 57600
Valli : 1 Year Salary = 57600
Diana : 1 Year Salary = 50400
Nancy : 1 Year Salary = 144096
Daniel : 1 Year Salary = 108000

108 rows selected.

SQL> SELECT DISTINCT job_id from employees;

JOB_ID
--------------------
AC_ACCOUNT
AC_MGR
AD_ASST
AD_PRES
AD_VP
FI_ACCOUNT
FI_MGR
HR_REP
IT_PROG
MK_MAN
MK_REP

19 rows selected.

SQL> SELECT ROWID, ROWNUM, first_name, salary FROM employees;

ROWID                  ROWNUM FIRST_NAME                                   SALARY
------------------ ---------- ---------------------------------------- ----------
AAAEAbAAEAAAADMAAA          1 JHON
AAAEAbAAEAAAADNAAA          2 Steven                                        24000
AAAEAbAAEAAAADNAAB          3 Neena                                         17000
AAAEAbAAEAAAADNAAC          4 Lex                                           17000
AAAEAbAAEAAAADNAAD          5 Alexander                                      9000
AAAEAbAAEAAAADNAAE          6 Bruce                                          6000
AAAEAbAAEAAAADNAAF          7 David                                          4800
AAAEAbAAEAAAADNAAG          8 Valli                                          4800
AAAEAbAAEAAAADNAAH          9 Diana                                          4200
AAAEAbAAEAAAADNAAI         10 Nancy                                         12008
AAAEAbAAEAAAADNAAJ         11 Daniel                                         9000

108 rows selected.

SQL> SELECT ROWID, ROWNUM FROM locations;

ROWID                  ROWNUM
------------------ ----------
AAAEATAAEAAAACdAAK          1
AAAEATAAEAAAACdAAU          2
AAAEATAAEAAAACdAAL          3
AAAEATAAEAAAACdAAT          4
AAAEATAAEAAAACdAAD          5
AAAEATAAEAAAACdAAO          6
AAAEATAAEAAAACdAAW          7
AAAEATAAEAAAACdAAR          8
AAAEATAAEAAAACdAAP          9
AAAEATAAEAAAACdAAA         10
AAAEATAAEAAAACdAAS         11

ROWID                  ROWNUM
------------------ ----------
AAAEATAAEAAAACdAAJ         23

23 rows selected.

SQL> SELECT employee_id 사원번호, salary FROM employees WHERE employee_id > 200;

  사원번호     SALARY
---------- ----------
       201      13000
       202       6000
       203       6500
       204      10000
       205      12008
       206       8300
       207

7 rows selected.

SQL> SELECT employee_id 사원번호, salary FROM employees WHERE 사원번호 > 200;
SELECT employee_id 사원번호, salary FROM employees WHERE 사원번호 > 200
                                                             *
ERROR at line 1:
ORA-00904: "사원번호": invalid identifier


SQL> SELECT COUNT(*) FROM employees;

  COUNT(*)
----------
       108

SQL> SELECT COUNT(job_id) FROM employees;

COUNT(JOB_ID)
-------------
          108

SQL> SELECT employee_id, first_name, job_id, salary FROM employees WHERE job_id = 'FI_ACCOUNT';

EMPLOYEE_ID FIRST_NAME                               JOB_ID                   SALARY
----------- ---------------------------------------- -------------------- ----------
        109 Daniel                                   FI_ACCOUNT                 9000
        110 John                                     FI_ACCOUNT                 8200
        111 Ismael                                   FI_ACCOUNT                 7700
        112 Jose Manuel                              FI_ACCOUNT                 7800
        113 Luis                                     FI_ACCOUNT                 6900


3/29

SQL> SELECT employee_id, first_name, job_id, salary FROM employees WHERE salary >= 3000;

EMPLOYEE_ID FIRST_NAME                               JOB_ID
----------- ---------------------------------------- --------------------
    SALARY
----------
        100 Steven                                   AD_PRES
     24000

        101 Neena                                    AD_VP
     17000

        102 Lex                                      AD_VP
     17000


EMPLOYEE_ID FIRST_NAME                               JOB_ID
----------- ---------------------------------------- --------------------
    SALARY
----------
        103 Alexander                                IT_PROG
      9000

        104 Bruce                                    IT_PROG
      6000

        105 David                                    IT_PROG
      4800


EMPLOYEE_ID FIRST_NAME                               JOB_ID
----------- ---------------------------------------- --------------------
    SALARY
----------
        106 Valli                                    IT_PROG
      4800

        107 Diana                                    IT_PROG
      4200

        108 Nancy                                    FI_MGR
     12008


EMPLOYEE_ID FIRST_NAME                               JOB_ID
----------- ---------------------------------------- --------------------
    SALARY
----------
        109 Daniel                                   FI_ACCOUNT
      9000

        110 John                                     FI_ACCOUNT
      8200

        111 Ismael                                   FI_ACCOUNT
      7700


EMPLOYEE_ID FIRST_NAME                               JOB_ID
----------- ---------------------------------------- --------------------
    SALARY
----------
        112 Jose Manuel                              FI_ACCOUNT
      7800

        113 Luis                                     FI_ACCOUNT
      6900

        114 Den                                      PU_MAN
     11000


EMPLOYEE_ID FIRST_NAME                               JOB_ID
----------- ---------------------------------------- --------------------
    SALARY
----------
        115 Alexander                                PU_CLERK
      3100

        120 Matthew                                  ST_MAN
      8000

        121 Adam                                     ST_MAN
      8200


EMPLOYEE_ID FIRST_NAME                               JOB_ID
----------- ---------------------------------------- --------------------
    SALARY
----------
        122 Payam                                    ST_MAN
      7900

        123 Shanta                                   ST_MAN
      6500

        124 Kevin                                    ST_MAN
      5800


EMPLOYEE_ID FIRST_NAME                               JOB_ID
----------- ---------------------------------------- --------------------
    SALARY
----------
        125 Julia                                    ST_CLERK
      3200

        129 Laura                                    ST_CLERK
      3300

        133 Jason                                    ST_CLERK
      3300


EMPLOYEE_ID FIRST_NAME                               JOB_ID
----------- ---------------------------------------- --------------------
    SALARY
----------
        137 Renske                                   ST_CLERK
      3600

        138 Stephen                                  ST_CLERK
      3200

        141 Trenna                                   ST_CLERK
      3500


EMPLOYEE_ID FIRST_NAME                               JOB_ID
----------- ---------------------------------------- --------------------
    SALARY
----------
        142 Curtis                                   ST_CLERK
      3100

        145 John                                     SA_MAN
     14000

        146 Karen                                    SA_MAN
     13500


EMPLOYEE_ID FIRST_NAME                               JOB_ID
----------- ---------------------------------------- --------------------
    SALARY
----------
        147 Alberto                                  SA_MAN
     12000

        148 Gerald                                   SA_MAN
     11000

        149 Eleni                                    SA_MAN
     10500


EMPLOYEE_ID FIRST_NAME                               JOB_ID
----------- ---------------------------------------- --------------------
    SALARY
----------
        150 Peter                                    SA_REP
     10000

        151 David                                    SA_REP
      9500

        152 Peter                                    SA_REP
      9000


EMPLOYEE_ID FIRST_NAME                               JOB_ID
----------- ---------------------------------------- --------------------
    SALARY
----------
        153 Christopher                              SA_REP
      8000

        154 Nanette                                  SA_REP
      7500

        155 Oliver                                   SA_REP
      7000


EMPLOYEE_ID FIRST_NAME                               JOB_ID
----------- ---------------------------------------- --------------------
    SALARY
----------
        156 Janette                                  SA_REP
     10000

        157 Patrick                                  SA_REP
      9500

        158 Allan                                    SA_REP
      9000


EMPLOYEE_ID FIRST_NAME                               JOB_ID
----------- ---------------------------------------- --------------------
    SALARY
----------
        159 Lindsey                                  SA_REP
      8000

        160 Louise                                   SA_REP
      7500

        161 Sarath                                   SA_REP
      7000


EMPLOYEE_ID FIRST_NAME                               JOB_ID
----------- ---------------------------------------- --------------------
    SALARY
----------
        162 Clara                                    SA_REP
     10500

        163 Danielle                                 SA_REP
      9500

        164 Mattea                                   SA_REP
      7200


EMPLOYEE_ID FIRST_NAME                               JOB_ID
----------- ---------------------------------------- --------------------
    SALARY
----------
        165 David                                    SA_REP
      6800

        166 Sundar                                   SA_REP
      6400

        167 Amit                                     SA_REP
      6200


EMPLOYEE_ID FIRST_NAME                               JOB_ID
----------- ---------------------------------------- --------------------
    SALARY
----------
        168 Lisa                                     SA_REP
     11500

        169 Harrison                                 SA_REP
     10000

        170 Tayler                                   SA_REP
      9600


EMPLOYEE_ID FIRST_NAME                               JOB_ID
----------- ---------------------------------------- --------------------
    SALARY
----------
        171 William                                  SA_REP
      7400

        172 Elizabeth                                SA_REP
      7300

        173 Sundita                                  SA_REP
      6100


EMPLOYEE_ID FIRST_NAME                               JOB_ID
----------- ---------------------------------------- --------------------
    SALARY
----------
        174 Ellen                                    SA_REP
     11000

        175 Alyssa                                   SA_REP
      8800

        176 Jonathon                                 SA_REP
      8600


EMPLOYEE_ID FIRST_NAME                               JOB_ID
----------- ---------------------------------------- --------------------
    SALARY
----------
        177 Jack                                     SA_REP
      8400

        178 Kimberely                                SA_REP
      7000

        179 Charles                                  SA_REP
      6200


EMPLOYEE_ID FIRST_NAME                               JOB_ID
----------- ---------------------------------------- --------------------
    SALARY
----------
        180 Winston                                  SH_CLERK
      3200

        181 Jean                                     SH_CLERK
      3100

        184 Nandita                                  SH_CLERK
      4200


EMPLOYEE_ID FIRST_NAME                               JOB_ID
----------- ---------------------------------------- --------------------
    SALARY
----------
        185 Alexis                                   SH_CLERK
      4100

        186 Julia                                    SH_CLERK
      3400

        187 Anthony                                  SH_CLERK
      3000


EMPLOYEE_ID FIRST_NAME                               JOB_ID
----------- ---------------------------------------- --------------------
    SALARY
----------
        188 Kelly                                    SH_CLERK
      3800

        189 Jennifer                                 SH_CLERK
      3600

        192 Sarah                                    SH_CLERK
      4000


EMPLOYEE_ID FIRST_NAME                               JOB_ID
----------- ---------------------------------------- --------------------
    SALARY
----------
        193 Britney                                  SH_CLERK
      3900

        194 Samuel                                   SH_CLERK
      3200

        196 Alana                                    SH_CLERK
      3100


EMPLOYEE_ID FIRST_NAME                               JOB_ID
----------- ---------------------------------------- --------------------
    SALARY
----------
        197 Kevin                                    SH_CLERK
      3000

        200 Jennifer                                 AD_ASST
      4400

        201 Michael                                  MK_MAN
     13000


EMPLOYEE_ID FIRST_NAME                               JOB_ID
----------- ---------------------------------------- --------------------
    SALARY
----------
        202 Pat                                      MK_REP
      6000

        203 Susan                                    HR_REP
      6500

        204 Hermann                                  PR_REP
     10000


EMPLOYEE_ID FIRST_NAME                               JOB_ID
----------- ---------------------------------------- --------------------
    SALARY
----------
        205 Shelley                                  AC_MGR
     12008

        206 William                                  AC_ACCOUNT
      8300


83 rows selected.

SQL> select * from employees;

EMPLOYEE_ID FIRST_NAME
----------- ----------------------------------------
LAST_NAME
--------------------------------------------------
EMAIL
--------------------------------------------------
PHONE_NUMBER                             HIRE_DAT JOB_ID
---------------------------------------- -------- --------------------
    SALARY COMMISSION_PCT MANAGER_ID DEPARTMENT_ID
---------- -------------- ---------- -------------
        100 Steven
King
SKING

EMPLOYEE_ID FIRST_NAME
----------- ----------------------------------------
LAST_NAME
--------------------------------------------------
EMAIL
--------------------------------------------------
PHONE_NUMBER                             HIRE_DAT JOB_ID
---------------------------------------- -------- --------------------
    SALARY COMMISSION_PCT MANAGER_ID DEPARTMENT_ID
---------- -------------- ---------- -------------
515.123.4567                             03/06/17 AD_PRES
     24000                                      90


EMPLOYEE_ID FIRST_NAME
----------- ----------------------------------------
LAST_NAME
--------------------------------------------------
EMAIL
--------------------------------------------------
PHONE_NUMBER                             HIRE_DAT JOB_ID
---------------------------------------- -------- --------------------
    SALARY COMMISSION_PCT MANAGER_ID DEPARTMENT_ID
---------- -------------- ---------- -------------
        101 Neena
Kochhar
NKOCHHAR

EMPLOYEE_ID FIRST_NAME
----------- ----------------------------------------
LAST_NAME
--------------------------------------------------
EMAIL
--------------------------------------------------
PHONE_NUMBER                             HIRE_DAT JOB_ID
---------------------------------------- -------- --------------------
    SALARY COMMISSION_PCT MANAGER_ID DEPARTMENT_ID
---------- -------------- ---------- -------------
515.123.4568                             05/09/21 AD_VP
     17000                       100            90


EMPLOYEE_ID FIRST_NAME
----------- ----------------------------------------
LAST_NAME
--------------------------------------------------
EMAIL
--------------------------------------------------
PHONE_NUMBER                             HIRE_DAT JOB_ID
---------------------------------------- -------- --------------------
    SALARY COMMISSION_PCT MANAGER_ID DEPARTMENT_ID
---------- -------------- ---------- -------------
        102 Lex
De Haan
LDEHAAN

EMPLOYEE_ID FIRST_NAME
----------- ----------------------------------------
LAST_NAME
--------------------------------------------------
EMAIL
--------------------------------------------------
PHONE_NUMBER                             HIRE_DAT JOB_ID
---------------------------------------- -------- --------------------
    SALARY COMMISSION_PCT MANAGER_ID DEPARTMENT_ID
---------- -------------- ---------- -------------
515.123.4569                             01/01/13 AD_VP
     17000                       100            90


EMPLOYEE_ID FIRST_NAME
----------- ----------------------------------------
LAST_NAME
--------------------------------------------------
EMAIL
--------------------------------------------------
PHONE_NUMBER                             HIRE_DAT JOB_ID
---------------------------------------- -------- --------------------
    SALARY COMMISSION_PCT MANAGER_ID DEPARTMENT_ID
---------- -------------- ---------- -------------
        103 Alexander
Hunold
AHUNOLD

EMPLOYEE_ID FIRST_NAME
----------- ----------------------------------------
LAST_NAME
--------------------------------------------------
EMAIL
--------------------------------------------------
PHONE_NUMBER                             HIRE_DAT JOB_ID
---------------------------------------- -------- --------------------
    SALARY COMMISSION_PCT MANAGER_ID DEPARTMENT_ID
---------- -------------- ---------- -------------
590.423.4567                             06/01/03 IT_PROG
      9000                       102            60


EMPLOYEE_ID FIRST_NAME
----------- ----------------------------------------
LAST_NAME
--------------------------------------------------
EMAIL
--------------------------------------------------
PHONE_NUMBER                             HIRE_DAT JOB_ID
---------------------------------------- -------- --------------------
    SALARY COMMISSION_PCT MANAGER_ID DEPARTMENT_ID
---------- -------------- ---------- -------------
        104 Bruce
Ernst
BERNST

EMPLOYEE_ID FIRST_NAME
----------- ----------------------------------------
LAST_NAME
--------------------------------------------------
EMAIL
--------------------------------------------------
PHONE_NUMBER                             HIRE_DAT JOB_ID
---------------------------------------- -------- --------------------
    SALARY COMMISSION_PCT MANAGER_ID DEPARTMENT_ID
---------- -------------- ---------- -------------
590.423.4568                             07/05/21 IT_PROG
      6000                       103            60


EMPLOYEE_ID FIRST_NAME
----------- ----------------------------------------
LAST_NAME
--------------------------------------------------
EMAIL
--------------------------------------------------
PHONE_NUMBER                             HIRE_DAT JOB_ID
---------------------------------------- -------- --------------------
    SALARY COMMISSION_PCT MANAGER_ID DEPARTMENT_ID
---------- -------------- ---------- -------------
        105 David
Austin
DAUSTIN

EMPLOYEE_ID FIRST_NAME
----------- ----------------------------------------
LAST_NAME
--------------------------------------------------
EMAIL
--------------------------------------------------
PHONE_NUMBER                             HIRE_DAT JOB_ID
---------------------------------------- -------- --------------------
    SALARY COMMISSION_PCT MANAGER_ID DEPARTMENT_ID
---------- -------------- ---------- -------------
590.423.4569                             05/06/25 IT_PROG
      4800                       103            60


EMPLOYEE_ID FIRST_NAME
----------- ----------------------------------------
LAST_NAME
--------------------------------------------------
EMAIL
--------------------------------------------------
PHONE_NUMBER                             HIRE_DAT JOB_ID
---------------------------------------- -------- --------------------
    SALARY COMMISSION_PCT MANAGER_ID DEPARTMENT_ID
---------- -------------- ---------- -------------
        106 Valli
Pataballa
VPATABAL

EMPLOYEE_ID FIRST_NAME
----------- ----------------------------------------
LAST_NAME
--------------------------------------------------
EMAIL
--------------------------------------------------
PHONE_NUMBER                             HIRE_DAT JOB_ID
---------------------------------------- -------- --------------------
    SALARY COMMISSION_PCT MANAGER_ID DEPARTMENT_ID
---------- -------------- ---------- -------------
590.423.4560                             06/02/05 IT_PROG
      4800                       103            60


EMPLOYEE_ID FIRST_NAME
----------- ----------------------------------------
LAST_NAME
--------------------------------------------------
EMAIL
--------------------------------------------------
PHONE_NUMBER                             HIRE_DAT JOB_ID
---------------------------------------- -------- --------------------
    SALARY COMMISSION_PCT MANAGER_ID DEPARTMENT_ID
---------- -------------- ---------- -------------
        107 Diana
Lorentz
DLORENTZ

EMPLOYEE_ID FIRST_NAME
----------- ----------------------------------------
LAST_NAME
--------------------------------------------------
EMAIL
--------------------------------------------------
PHONE_NUMBER                             HIRE_DAT JOB_ID
---------------------------------------- -------- --------------------
    SALARY COMMISSION_PCT MANAGER_ID DEPARTMENT_ID
---------- -------------- ---------- -------------
590.423.5567                             07/02/07 IT_PROG
      4200                       103            60


EMPLOYEE_ID FIRST_NAME
----------- ----------------------------------------
LAST_NAME
--------------------------------------------------
EMAIL
--------------------------------------------------
PHONE_NUMBER                             HIRE_DAT JOB_ID
---------------------------------------- -------- --------------------
    SALARY COMMISSION_PCT MANAGER_ID DEPARTMENT_ID
---------- -------------- ---------- -------------
        108 Nancy
Greenberg
NGREENBE

EMPLOYEE_ID FIRST_NAME
----------- ----------------------------------------
LAST_NAME
--------------------------------------------------
EMAIL
--------------------------------------------------
PHONE_NUMBER                             HIRE_DAT JOB_ID
---------------------------------------- -------- --------------------
    SALARY COMMISSION_PCT MANAGER_ID DEPARTMENT_ID
---------- -------------- ---------- -------------
515.124.4569                             02/08/17 FI_MGR
     12008                       101           100


EMPLOYEE_ID FIRST_NAME
----------- ----------------------------------------
LAST_NAME
--------------------------------------------------
EMAIL
--------------------------------------------------
PHONE_NUMBER                             HIRE_DAT JOB_ID
---------------------------------------- -------- --------------------
    SALARY COMMISSION_PCT MANAGER_ID DEPARTMENT_ID
---------- -------------- ---------- -------------
        109 Daniel
Faviet
DFAVIET

EMPLOYEE_ID FIRST_NAME
----------- ----------------------------------------
LAST_NAME
--------------------------------------------------
EMAIL
--------------------------------------------------
PHONE_NUMBER                             HIRE_DAT JOB_ID
---------------------------------------- -------- --------------------
    SALARY COMMISSION_PCT MANAGER_ID DEPARTMENT_ID
---------- -------------- ---------- -------------
515.124.4169                             02/08/16 FI_ACCOUNT
      9000                       108           100


EMPLOYEE_ID FIRST_NAME
----------- ----------------------------------------
LAST_NAME
--------------------------------------------------
EMAIL
--------------------------------------------------
PHONE_NUMBER                             HIRE_DAT JOB_ID
---------------------------------------- -------- --------------------
    SALARY COMMISSION_PCT MANAGER_ID DEPARTMENT_ID
---------- -------------- ---------- -------------
        110 John
Chen
JCHEN

EMPLOYEE_ID FIRST_NAME
----------- ----------------------------------------
LAST_NAME
--------------------------------------------------
EMAIL
--------------------------------------------------
PHONE_NUMBER                             HIRE_DAT JOB_ID
---------------------------------------- -------- --------------------
    SALARY COMMISSION_PCT MANAGER_ID DEPARTMENT_ID
---------- -------------- ---------- -------------
515.124.4269                             05/09/28 FI_ACCOUNT
      8200                       108           100


EMPLOYEE_ID FIRST_NAME
----------- ----------------------------------------
LAST_NAME
--------------------------------------------------
EMAIL
--------------------------------------------------
PHONE_NUMBER                             HIRE_DAT JOB_ID
---------------------------------------- -------- --------------------
    SALARY COMMISSION_PCT MANAGER_ID DEPARTMENT_ID
---------- -------------- ---------- -------------
        111 Ismael
Sciarra
ISCIARRA

EMPLOYEE_ID FIRST_NAME
----------- ----------------------------------------
LAST_NAME
--------------------------------------------------
EMAIL
--------------------------------------------------
PHONE_NUMBER                             HIRE_DAT JOB_ID
---------------------------------------- -------- --------------------
    SALARY COMMISSION_PCT MANAGER_ID DEPARTMENT_ID
---------- -------------- ---------- -------------
515.124.4369                             05/09/30 FI_ACCOUNT
      7700                       108           100


EMPLOYEE_ID FIRST_NAME
----------- ----------------------------------------
LAST_NAME
--------------------------------------------------
EMAIL
--------------------------------------------------
PHONE_NUMBER                             HIRE_DAT JOB_ID
---------------------------------------- -------- --------------------
    SALARY COMMISSION_PCT MANAGER_ID DEPARTMENT_ID
---------- -------------- ---------- -------------
        112 Jose Manuel
Urman
JMURMAN

EMPLOYEE_ID FIRST_NAME
----------- ----------------------------------------
LAST_NAME
--------------------------------------------------
EMAIL
--------------------------------------------------
PHONE_NUMBER                             HIRE_DAT JOB_ID
---------------------------------------- -------- --------------------
    SALARY COMMISSION_PCT MANAGER_ID DEPARTMENT_ID
---------- -------------- ---------- -------------
515.124.4469                             06/03/07 FI_ACCOUNT
      7800                       108           100


EMPLOYEE_ID FIRST_NAME
----------- ----------------------------------------
LAST_NAME
--------------------------------------------------
EMAIL
--------------------------------------------------
PHONE_NUMBER                             HIRE_DAT JOB_ID
---------------------------------------- -------- --------------------
    SALARY COMMISSION_PCT MANAGER_ID DEPARTMENT_ID
---------- -------------- ---------- -------------
        113 Luis
Popp
LPOPP

EMPLOYEE_ID FIRST_NAME
----------- ----------------------------------------
LAST_NAME
--------------------------------------------------
EMAIL
--------------------------------------------------
PHONE_NUMBER                             HIRE_DAT JOB_ID
---------------------------------------- -------- --------------------
    SALARY COMMISSION_PCT MANAGER_ID DEPARTMENT_ID
---------- -------------- ---------- -------------
515.124.4567                             07/12/07 FI_ACCOUNT
      6900                       108           100


EMPLOYEE_ID FIRST_NAME
----------- ----------------------------------------
LAST_NAME
--------------------------------------------------
EMAIL
--------------------------------------------------
PHONE_NUMBER                             HIRE_DAT JOB_ID
---------------------------------------- -------- --------------------
    SALARY COMMISSION_PCT MANAGER_ID DEPARTMENT_ID
---------- -------------- ---------- -------------
        114 Den
Raphaely
DRAPHEAL

EMPLOYEE_ID FIRST_NAME
----------- ----------------------------------------
LAST_NAME
--------------------------------------------------
EMAIL
--------------------------------------------------
PHONE_NUMBER                             HIRE_DAT JOB_ID
---------------------------------------- -------- --------------------
    SALARY COMMISSION_PCT MANAGER_ID DEPARTMENT_ID
---------- -------------- ---------- -------------
515.127.4561                             02/12/07 PU_MAN
     11000                       100            30


EMPLOYEE_ID FIRST_NAME
----------- ----------------------------------------
LAST_NAME
--------------------------------------------------
EMAIL
--------------------------------------------------
PHONE_NUMBER                             HIRE_DAT JOB_ID
---------------------------------------- -------- --------------------
    SALARY COMMISSION_PCT MANAGER_ID DEPARTMENT_ID
---------- -------------- ---------- -------------
        115 Alexander
Khoo
AKHOO

EMPLOYEE_ID FIRST_NAME
----------- ----------------------------------------
LAST_NAME
--------------------------------------------------
EMAIL
--------------------------------------------------
PHONE_NUMBER                             HIRE_DAT JOB_ID
---------------------------------------- -------- --------------------
    SALARY COMMISSION_PCT MANAGER_ID DEPARTMENT_ID
---------- -------------- ---------- -------------
515.127.4562                             03/05/18 PU_CLERK
      3100                       114            30


EMPLOYEE_ID FIRST_NAME
----------- ----------------------------------------
LAST_NAME
--------------------------------------------------
EMAIL
--------------------------------------------------
PHONE_NUMBER                             HIRE_DAT JOB_ID
---------------------------------------- -------- --------------------
    SALARY COMMISSION_PCT MANAGER_ID DEPARTMENT_ID
---------- -------------- ---------- -------------
        116 Shelli
Baida
SBAIDA

EMPLOYEE_ID FIRST_NAME
----------- ----------------------------------------
LAST_NAME
--------------------------------------------------
EMAIL
--------------------------------------------------
PHONE_NUMBER                             HIRE_DAT JOB_ID
---------------------------------------- -------- --------------------
    SALARY COMMISSION_PCT MANAGER_ID DEPARTMENT_ID
---------- -------------- ---------- -------------
515.127.4563                             05/12/24 PU_CLERK
      2900                       114            30


EMPLOYEE_ID FIRST_NAME
----------- ----------------------------------------
LAST_NAME
--------------------------------------------------
EMAIL
--------------------------------------------------
PHONE_NUMBER                             HIRE_DAT JOB_ID
---------------------------------------- -------- --------------------
    SALARY COMMISSION_PCT MANAGER_ID DEPARTMENT_ID
---------- -------------- ---------- -------------
        117 Sigal
Tobias
STOBIAS

EMPLOYEE_ID FIRST_NAME
----------- ----------------------------------------
LAST_NAME
--------------------------------------------------
EMAIL
--------------------------------------------------
PHONE_NUMBER                             HIRE_DAT JOB_ID
---------------------------------------- -------- --------------------
    SALARY COMMISSION_PCT MANAGER_ID DEPARTMENT_ID
---------- -------------- ---------- -------------
515.127.4564                             05/07/24 PU_CLERK
      2800                       114            30


EMPLOYEE_ID FIRST_NAME
----------- ----------------------------------------
LAST_NAME
--------------------------------------------------
EMAIL
--------------------------------------------------
PHONE_NUMBER                             HIRE_DAT JOB_ID
---------------------------------------- -------- --------------------
    SALARY COMMISSION_PCT MANAGER_ID DEPARTMENT_ID
---------- -------------- ---------- -------------
        118 Guy
Himuro
GHIMURO

EMPLOYEE_ID FIRST_NAME
----------- ----------------------------------------
LAST_NAME
--------------------------------------------------
EMAIL
--------------------------------------------------
PHONE_NUMBER                             HIRE_DAT JOB_ID
---------------------------------------- -------- --------------------
    SALARY COMMISSION_PCT MANAGER_ID DEPARTMENT_ID
---------- -------------- ---------- -------------
515.127.4565                             06/11/15 PU_CLERK
      2600                       114            30


EMPLOYEE_ID FIRST_NAME
----------- ----------------------------------------
LAST_NAME
--------------------------------------------------
EMAIL
--------------------------------------------------
PHONE_NUMBER                             HIRE_DAT JOB_ID
---------------------------------------- -------- --------------------
    SALARY COMMISSION_PCT MANAGER_ID DEPARTMENT_ID
---------- -------------- ---------- -------------
        119 Karen
Colmenares
KCOLMENA

EMPLOYEE_ID FIRST_NAME
----------- ----------------------------------------
LAST_NAME
--------------------------------------------------
EMAIL
--------------------------------------------------
PHONE_NUMBER                             HIRE_DAT JOB_ID
---------------------------------------- -------- --------------------
    SALARY COMMISSION_PCT MANAGER_ID DEPARTMENT_ID
---------- -------------- ---------- -------------
515.127.4566                             07/08/10 PU_CLERK
      2500                       114            30


EMPLOYEE_ID FIRST_NAME
----------- ----------------------------------------
LAST_NAME
--------------------------------------------------
EMAIL
--------------------------------------------------
PHONE_NUMBER                             HIRE_DAT JOB_ID
---------------------------------------- -------- --------------------
    SALARY COMMISSION_PCT MANAGER_ID DEPARTMENT_ID
---------- -------------- ---------- -------------
        120 Matthew
Weiss
MWEISS

EMPLOYEE_ID FIRST_NAME
----------- ----------------------------------------
LAST_NAME
--------------------------------------------------
EMAIL
--------------------------------------------------
PHONE_NUMBER                             HIRE_DAT JOB_ID
---------------------------------------- -------- --------------------
    SALARY COMMISSION_PCT MANAGER_ID DEPARTMENT_ID
---------- -------------- ---------- -------------
650.123.1234                             04/07/18 ST_MAN
      8000                       100            50


EMPLOYEE_ID FIRST_NAME
----------- ----------------------------------------
LAST_NAME
--------------------------------------------------
EMAIL
--------------------------------------------------
PHONE_NUMBER                             HIRE_DAT JOB_ID
---------------------------------------- -------- --------------------
    SALARY COMMISSION_PCT MANAGER_ID DEPARTMENT_ID
---------- -------------- ---------- -------------
        121 Adam
Fripp
AFRIPP

EMPLOYEE_ID FIRST_NAME
----------- ----------------------------------------
LAST_NAME
--------------------------------------------------
EMAIL
--------------------------------------------------
PHONE_NUMBER                             HIRE_DAT JOB_ID
---------------------------------------- -------- --------------------
    SALARY COMMISSION_PCT MANAGER_ID DEPARTMENT_ID
---------- -------------- ---------- -------------
650.123.2234                             05/04/10 ST_MAN
      8200                       100            50


EMPLOYEE_ID FIRST_NAME
----------- ----------------------------------------
LAST_NAME
--------------------------------------------------
EMAIL
--------------------------------------------------
PHONE_NUMBER                             HIRE_DAT JOB_ID
---------------------------------------- -------- --------------------
    SALARY COMMISSION_PCT MANAGER_ID DEPARTMENT_ID
---------- -------------- ---------- -------------
        122 Payam
Kaufling
PKAUFLIN

EMPLOYEE_ID FIRST_NAME
----------- ----------------------------------------
LAST_NAME
--------------------------------------------------
EMAIL
--------------------------------------------------
PHONE_NUMBER                             HIRE_DAT JOB_ID
---------------------------------------- -------- --------------------
    SALARY COMMISSION_PCT MANAGER_ID DEPARTMENT_ID
---------- -------------- ---------- -------------
650.123.3234                             03/05/01 ST_MAN
      7900                       100            50


EMPLOYEE_ID FIRST_NAME
----------- ----------------------------------------
LAST_NAME
--------------------------------------------------
EMAIL
--------------------------------------------------
PHONE_NUMBER                             HIRE_DAT JOB_ID
---------------------------------------- -------- --------------------
    SALARY COMMISSION_PCT MANAGER_ID DEPARTMENT_ID
---------- -------------- ---------- -------------
        123 Shanta
Vollman
SVOLLMAN

EMPLOYEE_ID FIRST_NAME
----------- ----------------------------------------
LAST_NAME
--------------------------------------------------
EMAIL
--------------------------------------------------
PHONE_NUMBER                             HIRE_DAT JOB_ID
---------------------------------------- -------- --------------------
    SALARY COMMISSION_PCT MANAGER_ID DEPARTMENT_ID
---------- -------------- ---------- -------------
650.123.4234                             05/10/10 ST_MAN
      6500                       100            50


EMPLOYEE_ID FIRST_NAME
----------- ----------------------------------------
LAST_NAME
--------------------------------------------------
EMAIL
--------------------------------------------------
PHONE_NUMBER                             HIRE_DAT JOB_ID
---------------------------------------- -------- --------------------
    SALARY COMMISSION_PCT MANAGER_ID DEPARTMENT_ID
---------- -------------- ---------- -------------
        124 Kevin
Mourgos
KMOURGOS

EMPLOYEE_ID FIRST_NAME
----------- ----------------------------------------
LAST_NAME
--------------------------------------------------
EMAIL
--------------------------------------------------
PHONE_NUMBER                             HIRE_DAT JOB_ID
---------------------------------------- -------- --------------------
    SALARY COMMISSION_PCT MANAGER_ID DEPARTMENT_ID
---------- -------------- ---------- -------------
650.123.5234                             07/11/16 ST_MAN
      5800                       100            50


EMPLOYEE_ID FIRST_NAME
----------- ----------------------------------------
LAST_NAME
--------------------------------------------------
EMAIL
--------------------------------------------------
PHONE_NUMBER                             HIRE_DAT JOB_ID
---------------------------------------- -------- --------------------
    SALARY COMMISSION_PCT MANAGER_ID DEPARTMENT_ID
---------- -------------- ---------- -------------
        125 Julia
Nayer
JNAYER

EMPLOYEE_ID FIRST_NAME
----------- ----------------------------------------
LAST_NAME
--------------------------------------------------
EMAIL
--------------------------------------------------
PHONE_NUMBER                             HIRE_DAT JOB_ID
---------------------------------------- -------- --------------------
    SALARY COMMISSION_PCT MANAGER_ID DEPARTMENT_ID
---------- -------------- ---------- -------------
650.124.1214                             05/07/16 ST_CLERK
      3200                       120            50


EMPLOYEE_ID FIRST_NAME
----------- ----------------------------------------
LAST_NAME
--------------------------------------------------
EMAIL
--------------------------------------------------
PHONE_NUMBER                             HIRE_DAT JOB_ID
---------------------------------------- -------- --------------------
    SALARY COMMISSION_PCT MANAGER_ID DEPARTMENT_ID
---------- -------------- ---------- -------------
        126 Irene
Mikkilineni
IMIKKILI

EMPLOYEE_ID FIRST_NAME
----------- ----------------------------------------
LAST_NAME
--------------------------------------------------
EMAIL
--------------------------------------------------
PHONE_NUMBER                             HIRE_DAT JOB_ID
---------------------------------------- -------- --------------------
    SALARY COMMISSION_PCT MANAGER_ID DEPARTMENT_ID
---------- -------------- ---------- -------------
650.124.1224                             06/09/28 ST_CLERK
      2700                       120            50


EMPLOYEE_ID FIRST_NAME
----------- ----------------------------------------
LAST_NAME
--------------------------------------------------
EMAIL
--------------------------------------------------
PHONE_NUMBER                             HIRE_DAT JOB_ID
---------------------------------------- -------- --------------------
    SALARY COMMISSION_PCT MANAGER_ID DEPARTMENT_ID
---------- -------------- ---------- -------------
        127 James
Landry
JLANDRY

EMPLOYEE_ID FIRST_NAME
----------- ----------------------------------------
LAST_NAME
--------------------------------------------------
EMAIL
--------------------------------------------------
PHONE_NUMBER                             HIRE_DAT JOB_ID
---------------------------------------- -------- --------------------
    SALARY COMMISSION_PCT MANAGER_ID DEPARTMENT_ID
---------- -------------- ---------- -------------
650.124.1334                             07/01/14 ST_CLERK
      2400                       120            50


EMPLOYEE_ID FIRST_NAME
----------- ----------------------------------------
LAST_NAME
--------------------------------------------------
EMAIL
--------------------------------------------------
PHONE_NUMBER                             HIRE_DAT JOB_ID
---------------------------------------- -------- --------------------
    SALARY COMMISSION_PCT MANAGER_ID DEPARTMENT_ID
---------- -------------- ---------- -------------
        128 Steven
Markle
SMARKLE

EMPLOYEE_ID FIRST_NAME
----------- ----------------------------------------
LAST_NAME
--------------------------------------------------
EMAIL
--------------------------------------------------
PHONE_NUMBER                             HIRE_DAT JOB_ID
---------------------------------------- -------- --------------------
    SALARY COMMISSION_PCT MANAGER_ID DEPARTMENT_ID
---------- -------------- ---------- -------------
650.124.1434                             08/03/08 ST_CLERK
      2200                       120            50


EMPLOYEE_ID FIRST_NAME
----------- ----------------------------------------
LAST_NAME
--------------------------------------------------
EMAIL
--------------------------------------------------
PHONE_NUMBER                             HIRE_DAT JOB_ID
---------------------------------------- -------- --------------------
    SALARY COMMISSION_PCT MANAGER_ID DEPARTMENT_ID
---------- -------------- ---------- -------------
        129 Laura
Bissot
LBISSOT

EMPLOYEE_ID FIRST_NAME
----------- ----------------------------------------
LAST_NAME
--------------------------------------------------
EMAIL
--------------------------------------------------
PHONE_NUMBER                             HIRE_DAT JOB_ID
---------------------------------------- -------- --------------------
    SALARY COMMISSION_PCT MANAGER_ID DEPARTMENT_ID
---------- -------------- ---------- -------------
650.124.5234                             05/08/20 ST_CLERK
      3300                       121            50


EMPLOYEE_ID FIRST_NAME
----------- ----------------------------------------
LAST_NAME
--------------------------------------------------
EMAIL
--------------------------------------------------
PHONE_NUMBER                             HIRE_DAT JOB_ID
---------------------------------------- -------- --------------------
    SALARY COMMISSION_PCT MANAGER_ID DEPARTMENT_ID
---------- -------------- ---------- -------------
        130 Mozhe
Atkinson
MATKINSO

EMPLOYEE_ID FIRST_NAME
----------- ----------------------------------------
LAST_NAME
--------------------------------------------------
EMAIL
--------------------------------------------------
PHONE_NUMBER                             HIRE_DAT JOB_ID
---------------------------------------- -------- --------------------
    SALARY COMMISSION_PCT MANAGER_ID DEPARTMENT_ID
---------- -------------- ---------- -------------
650.124.6234                             05/10/30 ST_CLERK
      2800                       121            50


EMPLOYEE_ID FIRST_NAME
----------- ----------------------------------------
LAST_NAME
--------------------------------------------------
EMAIL
--------------------------------------------------
PHONE_NUMBER                             HIRE_DAT JOB_ID
---------------------------------------- -------- --------------------
    SALARY COMMISSION_PCT MANAGER_ID DEPARTMENT_ID
---------- -------------- ---------- -------------
        131 James
Marlow
JAMRLOW

EMPLOYEE_ID FIRST_NAME
----------- ----------------------------------------
LAST_NAME
--------------------------------------------------
EMAIL
--------------------------------------------------
PHONE_NUMBER                             HIRE_DAT JOB_ID
---------------------------------------- -------- --------------------
    SALARY COMMISSION_PCT MANAGER_ID DEPARTMENT_ID
---------- -------------- ---------- -------------
650.124.7234                             05/02/16 ST_CLERK
      2500                       121            50


EMPLOYEE_ID FIRST_NAME
----------- ----------------------------------------
LAST_NAME
--------------------------------------------------
EMAIL
--------------------------------------------------
PHONE_NUMBER                             HIRE_DAT JOB_ID
---------------------------------------- -------- --------------------
    SALARY COMMISSION_PCT MANAGER_ID DEPARTMENT_ID
---------- -------------- ---------- -------------
        132 TJ
Olson
TJOLSON

EMPLOYEE_ID FIRST_NAME
----------- ----------------------------------------
LAST_NAME
--------------------------------------------------
EMAIL
--------------------------------------------------
PHONE_NUMBER                             HIRE_DAT JOB_ID
---------------------------------------- -------- --------------------
    SALARY COMMISSION_PCT MANAGER_ID DEPARTMENT_ID
---------- -------------- ---------- -------------
650.124.8234                             07/04/10 ST_CLERK
      2100                       121            50


EMPLOYEE_ID FIRST_NAME
----------- ----------------------------------------
LAST_NAME
--------------------------------------------------
EMAIL
--------------------------------------------------
PHONE_NUMBER                             HIRE_DAT JOB_ID
---------------------------------------- -------- --------------------
    SALARY COMMISSION_PCT MANAGER_ID DEPARTMENT_ID
---------- -------------- ---------- -------------
        133 Jason
Mallin
JMALLIN

EMPLOYEE_ID FIRST_NAME
----------- ----------------------------------------
LAST_NAME
--------------------------------------------------
EMAIL
--------------------------------------------------
PHONE_NUMBER                             HIRE_DAT JOB_ID
---------------------------------------- -------- --------------------
    SALARY COMMISSION_PCT MANAGER_ID DEPARTMENT_ID
---------- -------------- ---------- -------------
650.127.1934                             04/06/14 ST_CLERK
      3300                       122            50


EMPLOYEE_ID FIRST_NAME
----------- ----------------------------------------
LAST_NAME
--------------------------------------------------
EMAIL
--------------------------------------------------
PHONE_NUMBER                             HIRE_DAT JOB_ID
---------------------------------------- -------- --------------------
    SALARY COMMISSION_PCT MANAGER_ID DEPARTMENT_ID
---------- -------------- ---------- -------------
        134 Michael
Rogers
MROGERS

EMPLOYEE_ID FIRST_NAME
----------- ----------------------------------------
LAST_NAME
--------------------------------------------------
EMAIL
--------------------------------------------------
PHONE_NUMBER                             HIRE_DAT JOB_ID
---------------------------------------- -------- --------------------
    SALARY COMMISSION_PCT MANAGER_ID DEPARTMENT_ID
---------- -------------- ---------- -------------
650.127.1834                             06/08/26 ST_CLERK
      2900                       122            50


EMPLOYEE_ID FIRST_NAME
----------- ----------------------------------------
LAST_NAME
--------------------------------------------------
EMAIL
--------------------------------------------------
PHONE_NUMBER                             HIRE_DAT JOB_ID
---------------------------------------- -------- --------------------
    SALARY COMMISSION_PCT MANAGER_ID DEPARTMENT_ID
---------- -------------- ---------- -------------
        135 Ki
Gee
KGEE

EMPLOYEE_ID FIRST_NAME
----------- ----------------------------------------
LAST_NAME
--------------------------------------------------
EMAIL
--------------------------------------------------
PHONE_NUMBER                             HIRE_DAT JOB_ID
---------------------------------------- -------- --------------------
    SALARY COMMISSION_PCT MANAGER_ID DEPARTMENT_ID
---------- -------------- ---------- -------------
650.127.1734                             07/12/12 ST_CLERK
      2400                       122            50


EMPLOYEE_ID FIRST_NAME
----------- ----------------------------------------
LAST_NAME
--------------------------------------------------
EMAIL
--------------------------------------------------
PHONE_NUMBER                             HIRE_DAT JOB_ID
---------------------------------------- -------- --------------------
    SALARY COMMISSION_PCT MANAGER_ID DEPARTMENT_ID
---------- -------------- ---------- -------------
        136 Hazel
Philtanker
HPHILTAN

EMPLOYEE_ID FIRST_NAME
----------- ----------------------------------------
LAST_NAME
--------------------------------------------------
EMAIL
--------------------------------------------------
PHONE_NUMBER                             HIRE_DAT JOB_ID
---------------------------------------- -------- --------------------
    SALARY COMMISSION_PCT MANAGER_ID DEPARTMENT_ID
---------- -------------- ---------- -------------
650.127.1634                             08/02/06 ST_CLERK
      2200                       122            50


EMPLOYEE_ID FIRST_NAME
----------- ----------------------------------------
LAST_NAME
--------------------------------------------------
EMAIL
--------------------------------------------------
PHONE_NUMBER                             HIRE_DAT JOB_ID
---------------------------------------- -------- --------------------
    SALARY COMMISSION_PCT MANAGER_ID DEPARTMENT_ID
---------- -------------- ---------- -------------
        137 Renske
Ladwig
RLADWIG

EMPLOYEE_ID FIRST_NAME
----------- ----------------------------------------
LAST_NAME
--------------------------------------------------
EMAIL
--------------------------------------------------
PHONE_NUMBER                             HIRE_DAT JOB_ID
---------------------------------------- -------- --------------------
    SALARY COMMISSION_PCT MANAGER_ID DEPARTMENT_ID
---------- -------------- ---------- -------------
650.121.1234                             03/07/14 ST_CLERK
      3600                       123            50


EMPLOYEE_ID FIRST_NAME
----------- ----------------------------------------
LAST_NAME
--------------------------------------------------
EMAIL
--------------------------------------------------
PHONE_NUMBER                             HIRE_DAT JOB_ID
---------------------------------------- -------- --------------------
    SALARY COMMISSION_PCT MANAGER_ID DEPARTMENT_ID
---------- -------------- ---------- -------------
        138 Stephen
Stiles
SSTILES

EMPLOYEE_ID FIRST_NAME
----------- ----------------------------------------
LAST_NAME
--------------------------------------------------
EMAIL
--------------------------------------------------
PHONE_NUMBER                             HIRE_DAT JOB_ID
---------------------------------------- -------- --------------------
    SALARY COMMISSION_PCT MANAGER_ID DEPARTMENT_ID
---------- -------------- ---------- -------------
650.121.2034                             05/10/26 ST_CLERK
      3200                       123            50


EMPLOYEE_ID FIRST_NAME
----------- ----------------------------------------
LAST_NAME
--------------------------------------------------
EMAIL
--------------------------------------------------
PHONE_NUMBER                             HIRE_DAT JOB_ID
---------------------------------------- -------- --------------------
    SALARY COMMISSION_PCT MANAGER_ID DEPARTMENT_ID
---------- -------------- ---------- -------------
        139 John
Seo
JSEO

EMPLOYEE_ID FIRST_NAME
----------- ----------------------------------------
LAST_NAME
--------------------------------------------------
EMAIL
--------------------------------------------------
PHONE_NUMBER                             HIRE_DAT JOB_ID
---------------------------------------- -------- --------------------
    SALARY COMMISSION_PCT MANAGER_ID DEPARTMENT_ID
---------- -------------- ---------- -------------
650.121.2019                             06/02/12 ST_CLERK
      2700                       123            50


EMPLOYEE_ID FIRST_NAME
----------- ----------------------------------------
LAST_NAME
--------------------------------------------------
EMAIL
--------------------------------------------------
PHONE_NUMBER                             HIRE_DAT JOB_ID
---------------------------------------- -------- --------------------
    SALARY COMMISSION_PCT MANAGER_ID DEPARTMENT_ID
---------- -------------- ---------- -------------
        140 Joshua
Patel
JPATEL

EMPLOYEE_ID FIRST_NAME
----------- ----------------------------------------
LAST_NAME
--------------------------------------------------
EMAIL
--------------------------------------------------
PHONE_NUMBER                             HIRE_DAT JOB_ID
---------------------------------------- -------- --------------------
    SALARY COMMISSION_PCT MANAGER_ID DEPARTMENT_ID
---------- -------------- ---------- -------------
650.121.1834                             06/04/06 ST_CLERK
      2500                       123            50


EMPLOYEE_ID FIRST_NAME
----------- ----------------------------------------
LAST_NAME
--------------------------------------------------
EMAIL
--------------------------------------------------
PHONE_NUMBER                             HIRE_DAT JOB_ID
---------------------------------------- -------- --------------------
    SALARY COMMISSION_PCT MANAGER_ID DEPARTMENT_ID
---------- -------------- ---------- -------------
        141 Trenna
Rajs
TRAJS

EMPLOYEE_ID FIRST_NAME
----------- ----------------------------------------
LAST_NAME
--------------------------------------------------
EMAIL
--------------------------------------------------
PHONE_NUMBER                             HIRE_DAT JOB_ID
---------------------------------------- -------- --------------------
    SALARY COMMISSION_PCT MANAGER_ID DEPARTMENT_ID
---------- -------------- ---------- -------------
650.121.8009                             03/10/17 ST_CLERK
      3500                       124            50


EMPLOYEE_ID FIRST_NAME
----------- ----------------------------------------
LAST_NAME
--------------------------------------------------
EMAIL
--------------------------------------------------
PHONE_NUMBER                             HIRE_DAT JOB_ID
---------------------------------------- -------- --------------------
    SALARY COMMISSION_PCT MANAGER_ID DEPARTMENT_ID
---------- -------------- ---------- -------------
        142 Curtis
Davies
CDAVIES

EMPLOYEE_ID FIRST_NAME
----------- ----------------------------------------
LAST_NAME
--------------------------------------------------
EMAIL
--------------------------------------------------
PHONE_NUMBER                             HIRE_DAT JOB_ID
---------------------------------------- -------- --------------------
    SALARY COMMISSION_PCT MANAGER_ID DEPARTMENT_ID
---------- -------------- ---------- -------------
650.121.2994                             05/01/29 ST_CLERK
      3100                       124            50


EMPLOYEE_ID FIRST_NAME
----------- ----------------------------------------
LAST_NAME
--------------------------------------------------
EMAIL
--------------------------------------------------
PHONE_NUMBER                             HIRE_DAT JOB_ID
---------------------------------------- -------- --------------------
    SALARY COMMISSION_PCT MANAGER_ID DEPARTMENT_ID
---------- -------------- ---------- -------------
        143 Randall
Matos
RMATOS

EMPLOYEE_ID FIRST_NAME
----------- ----------------------------------------
LAST_NAME
--------------------------------------------------
EMAIL
--------------------------------------------------
PHONE_NUMBER                             HIRE_DAT JOB_ID
---------------------------------------- -------- --------------------
    SALARY COMMISSION_PCT MANAGER_ID DEPARTMENT_ID
---------- -------------- ---------- -------------
650.121.2874                             06/03/15 ST_CLERK
      2600                       124            50


EMPLOYEE_ID FIRST_NAME
----------- ----------------------------------------
LAST_NAME
--------------------------------------------------
EMAIL
--------------------------------------------------
PHONE_NUMBER                             HIRE_DAT JOB_ID
---------------------------------------- -------- --------------------
    SALARY COMMISSION_PCT MANAGER_ID DEPARTMENT_ID
---------- -------------- ---------- -------------
        144 Peter
Vargas
PVARGAS

EMPLOYEE_ID FIRST_NAME
----------- ----------------------------------------
LAST_NAME
--------------------------------------------------
EMAIL
--------------------------------------------------
PHONE_NUMBER                             HIRE_DAT JOB_ID
---------------------------------------- -------- --------------------
    SALARY COMMISSION_PCT MANAGER_ID DEPARTMENT_ID
---------- -------------- ---------- -------------
650.121.2004                             06/07/09 ST_CLERK
      2500                       124            50


EMPLOYEE_ID FIRST_NAME
----------- ----------------------------------------
LAST_NAME
--------------------------------------------------
EMAIL
--------------------------------------------------
PHONE_NUMBER                             HIRE_DAT JOB_ID
---------------------------------------- -------- --------------------
    SALARY COMMISSION_PCT MANAGER_ID DEPARTMENT_ID
---------- -------------- ---------- -------------
        145 John
Russell
JRUSSEL

EMPLOYEE_ID FIRST_NAME
----------- ----------------------------------------
LAST_NAME
--------------------------------------------------
EMAIL
--------------------------------------------------
PHONE_NUMBER                             HIRE_DAT JOB_ID
---------------------------------------- -------- --------------------
    SALARY COMMISSION_PCT MANAGER_ID DEPARTMENT_ID
---------- -------------- ---------- -------------
011.44.1344.429268                       04/10/01 SA_MAN
     14000             .4        100            80


EMPLOYEE_ID FIRST_NAME
----------- ----------------------------------------
LAST_NAME
--------------------------------------------------
EMAIL
--------------------------------------------------
PHONE_NUMBER                             HIRE_DAT JOB_ID
---------------------------------------- -------- --------------------
    SALARY COMMISSION_PCT MANAGER_ID DEPARTMENT_ID
---------- -------------- ---------- -------------
        146 Karen
Partners
KPARTNER

EMPLOYEE_ID FIRST_NAME
----------- ----------------------------------------
LAST_NAME
--------------------------------------------------
EMAIL
--------------------------------------------------
PHONE_NUMBER                             HIRE_DAT JOB_ID
---------------------------------------- -------- --------------------
    SALARY COMMISSION_PCT MANAGER_ID DEPARTMENT_ID
---------- -------------- ---------- -------------
011.44.1344.467268                       05/01/05 SA_MAN
     13500             .3        100            80


EMPLOYEE_ID FIRST_NAME
----------- ----------------------------------------
LAST_NAME
--------------------------------------------------
EMAIL
--------------------------------------------------
PHONE_NUMBER                             HIRE_DAT JOB_ID
---------------------------------------- -------- --------------------
    SALARY COMMISSION_PCT MANAGER_ID DEPARTMENT_ID
---------- -------------- ---------- -------------
        147 Alberto
Errazuriz
AERRAZUR

EMPLOYEE_ID FIRST_NAME
----------- ----------------------------------------
LAST_NAME
--------------------------------------------------
EMAIL
--------------------------------------------------
PHONE_NUMBER                             HIRE_DAT JOB_ID
---------------------------------------- -------- --------------------
    SALARY COMMISSION_PCT MANAGER_ID DEPARTMENT_ID
---------- -------------- ---------- -------------
011.44.1344.429278                       05/03/10 SA_MAN
     12000             .3        100            80


EMPLOYEE_ID FIRST_NAME
----------- ----------------------------------------
LAST_NAME
--------------------------------------------------
EMAIL
--------------------------------------------------
PHONE_NUMBER                             HIRE_DAT JOB_ID
---------------------------------------- -------- --------------------
    SALARY COMMISSION_PCT MANAGER_ID DEPARTMENT_ID
---------- -------------- ---------- -------------
        148 Gerald
Cambrault
GCAMBRAU

EMPLOYEE_ID FIRST_NAME
----------- ----------------------------------------
LAST_NAME
--------------------------------------------------
EMAIL
--------------------------------------------------
PHONE_NUMBER                             HIRE_DAT JOB_ID
---------------------------------------- -------- --------------------
    SALARY COMMISSION_PCT MANAGER_ID DEPARTMENT_ID
---------- -------------- ---------- -------------
011.44.1344.619268                       07/10/15 SA_MAN
     11000             .3        100            80


EMPLOYEE_ID FIRST_NAME
----------- ----------------------------------------
LAST_NAME
--------------------------------------------------
EMAIL
--------------------------------------------------
PHONE_NUMBER                             HIRE_DAT JOB_ID
---------------------------------------- -------- --------------------
    SALARY COMMISSION_PCT MANAGER_ID DEPARTMENT_ID
---------- -------------- ---------- -------------
        149 Eleni
Zlotkey
EZLOTKEY

EMPLOYEE_ID FIRST_NAME
----------- ----------------------------------------
LAST_NAME
--------------------------------------------------
EMAIL
--------------------------------------------------
PHONE_NUMBER                             HIRE_DAT JOB_ID
---------------------------------------- -------- --------------------
    SALARY COMMISSION_PCT MANAGER_ID DEPARTMENT_ID
---------- -------------- ---------- -------------
011.44.1344.429018                       08/01/29 SA_MAN
     10500             .2        100            80


EMPLOYEE_ID FIRST_NAME
----------- ----------------------------------------
LAST_NAME
--------------------------------------------------
EMAIL
--------------------------------------------------
PHONE_NUMBER                             HIRE_DAT JOB_ID
---------------------------------------- -------- --------------------
    SALARY COMMISSION_PCT MANAGER_ID DEPARTMENT_ID
---------- -------------- ---------- -------------
        150 Peter
Tucker
PTUCKER

EMPLOYEE_ID FIRST_NAME
----------- ----------------------------------------
LAST_NAME
--------------------------------------------------
EMAIL
--------------------------------------------------
PHONE_NUMBER                             HIRE_DAT JOB_ID
---------------------------------------- -------- --------------------
    SALARY COMMISSION_PCT MANAGER_ID DEPARTMENT_ID
---------- -------------- ---------- -------------
011.44.1344.129268                       05/01/30 SA_REP
     10000             .3        145            80


EMPLOYEE_ID FIRST_NAME
----------- ----------------------------------------
LAST_NAME
--------------------------------------------------
EMAIL
--------------------------------------------------
PHONE_NUMBER                             HIRE_DAT JOB_ID
---------------------------------------- -------- --------------------
    SALARY COMMISSION_PCT MANAGER_ID DEPARTMENT_ID
---------- -------------- ---------- -------------
        151 David
Bernstein
DBERNSTE

EMPLOYEE_ID FIRST_NAME
----------- ----------------------------------------
LAST_NAME
--------------------------------------------------
EMAIL
--------------------------------------------------
PHONE_NUMBER                             HIRE_DAT JOB_ID
---------------------------------------- -------- --------------------
    SALARY COMMISSION_PCT MANAGER_ID DEPARTMENT_ID
---------- -------------- ---------- -------------
011.44.1344.345268                       05/03/24 SA_REP
      9500            .25        145            80


EMPLOYEE_ID FIRST_NAME
----------- ----------------------------------------
LAST_NAME
--------------------------------------------------
EMAIL
--------------------------------------------------
PHONE_NUMBER                             HIRE_DAT JOB_ID
---------------------------------------- -------- --------------------
    SALARY COMMISSION_PCT MANAGER_ID DEPARTMENT_ID
---------- -------------- ---------- -------------
        152 Peter
Hall
PHALL

EMPLOYEE_ID FIRST_NAME
----------- ----------------------------------------
LAST_NAME
--------------------------------------------------
EMAIL
--------------------------------------------------
PHONE_NUMBER                             HIRE_DAT JOB_ID
---------------------------------------- -------- --------------------
    SALARY COMMISSION_PCT MANAGER_ID DEPARTMENT_ID
---------- -------------- ---------- -------------
011.44.1344.478968                       05/08/20 SA_REP
      9000            .25        145            80


EMPLOYEE_ID FIRST_NAME
----------- ----------------------------------------
LAST_NAME
--------------------------------------------------
EMAIL
--------------------------------------------------
PHONE_NUMBER                             HIRE_DAT JOB_ID
---------------------------------------- -------- --------------------
    SALARY COMMISSION_PCT MANAGER_ID DEPARTMENT_ID
---------- -------------- ---------- -------------
        153 Christopher
Olsen
COLSEN

EMPLOYEE_ID FIRST_NAME
----------- ----------------------------------------
LAST_NAME
--------------------------------------------------
EMAIL
--------------------------------------------------
PHONE_NUMBER                             HIRE_DAT JOB_ID
---------------------------------------- -------- --------------------
    SALARY COMMISSION_PCT MANAGER_ID DEPARTMENT_ID
---------- -------------- ---------- -------------
011.44.1344.498718                       06/03/30 SA_REP
      8000             .2        145            80


EMPLOYEE_ID FIRST_NAME
----------- ----------------------------------------
LAST_NAME
--------------------------------------------------
EMAIL
--------------------------------------------------
PHONE_NUMBER                             HIRE_DAT JOB_ID
---------------------------------------- -------- --------------------
    SALARY COMMISSION_PCT MANAGER_ID DEPARTMENT_ID
---------- -------------- ---------- -------------
        154 Nanette
Cambrault
NCAMBRAU

EMPLOYEE_ID FIRST_NAME
----------- ----------------------------------------
LAST_NAME
--------------------------------------------------
EMAIL
--------------------------------------------------
PHONE_NUMBER                             HIRE_DAT JOB_ID
---------------------------------------- -------- --------------------
    SALARY COMMISSION_PCT MANAGER_ID DEPARTMENT_ID
---------- -------------- ---------- -------------
011.44.1344.987668                       06/12/09 SA_REP
      7500             .2        145            80


EMPLOYEE_ID FIRST_NAME
----------- ----------------------------------------
LAST_NAME
--------------------------------------------------
EMAIL
--------------------------------------------------
PHONE_NUMBER                             HIRE_DAT JOB_ID
---------------------------------------- -------- --------------------
    SALARY COMMISSION_PCT MANAGER_ID DEPARTMENT_ID
---------- -------------- ---------- -------------
        155 Oliver
Tuvault
OTUVAULT

EMPLOYEE_ID FIRST_NAME
----------- ----------------------------------------
LAST_NAME
--------------------------------------------------
EMAIL
--------------------------------------------------
PHONE_NUMBER                             HIRE_DAT JOB_ID
---------------------------------------- -------- --------------------
    SALARY COMMISSION_PCT MANAGER_ID DEPARTMENT_ID
---------- -------------- ---------- -------------
011.44.1344.486508                       07/11/23 SA_REP
      7000            .15        145            80


EMPLOYEE_ID FIRST_NAME
----------- ----------------------------------------
LAST_NAME
--------------------------------------------------
EMAIL
--------------------------------------------------
PHONE_NUMBER                             HIRE_DAT JOB_ID
---------------------------------------- -------- --------------------
    SALARY COMMISSION_PCT MANAGER_ID DEPARTMENT_ID
---------- -------------- ---------- -------------
        156 Janette
King
JKING

EMPLOYEE_ID FIRST_NAME
----------- ----------------------------------------
LAST_NAME
--------------------------------------------------
EMAIL
--------------------------------------------------
PHONE_NUMBER                             HIRE_DAT JOB_ID
---------------------------------------- -------- --------------------
    SALARY COMMISSION_PCT MANAGER_ID DEPARTMENT_ID
---------- -------------- ---------- -------------
011.44.1345.429268                       04/01/30 SA_REP
     10000            .35        146            80


EMPLOYEE_ID FIRST_NAME
----------- ----------------------------------------
LAST_NAME
--------------------------------------------------
EMAIL
--------------------------------------------------
PHONE_NUMBER                             HIRE_DAT JOB_ID
---------------------------------------- -------- --------------------
    SALARY COMMISSION_PCT MANAGER_ID DEPARTMENT_ID
---------- -------------- ---------- -------------
        157 Patrick
Sully
PSULLY

EMPLOYEE_ID FIRST_NAME
----------- ----------------------------------------
LAST_NAME
--------------------------------------------------
EMAIL
--------------------------------------------------
PHONE_NUMBER                             HIRE_DAT JOB_ID
---------------------------------------- -------- --------------------
    SALARY COMMISSION_PCT MANAGER_ID DEPARTMENT_ID
---------- -------------- ---------- -------------
011.44.1345.929268                       04/03/04 SA_REP
      9500            .35        146            80


EMPLOYEE_ID FIRST_NAME
----------- ----------------------------------------
LAST_NAME
--------------------------------------------------
EMAIL
--------------------------------------------------
PHONE_NUMBER                             HIRE_DAT JOB_ID
---------------------------------------- -------- --------------------
    SALARY COMMISSION_PCT MANAGER_ID DEPARTMENT_ID
---------- -------------- ---------- -------------
        158 Allan
McEwen
AMCEWEN

EMPLOYEE_ID FIRST_NAME
----------- ----------------------------------------
LAST_NAME
--------------------------------------------------
EMAIL
--------------------------------------------------
PHONE_NUMBER                             HIRE_DAT JOB_ID
---------------------------------------- -------- --------------------
    SALARY COMMISSION_PCT MANAGER_ID DEPARTMENT_ID
---------- -------------- ---------- -------------
011.44.1345.829268                       04/08/01 SA_REP
      9000            .35        146            80


EMPLOYEE_ID FIRST_NAME
----------- ----------------------------------------
LAST_NAME
--------------------------------------------------
EMAIL
--------------------------------------------------
PHONE_NUMBER                             HIRE_DAT JOB_ID
---------------------------------------- -------- --------------------
    SALARY COMMISSION_PCT MANAGER_ID DEPARTMENT_ID
---------- -------------- ---------- -------------
        159 Lindsey
Smith
LSMITH

EMPLOYEE_ID FIRST_NAME
----------- ----------------------------------------
LAST_NAME
--------------------------------------------------
EMAIL
--------------------------------------------------
PHONE_NUMBER                             HIRE_DAT JOB_ID
---------------------------------------- -------- --------------------
    SALARY COMMISSION_PCT MANAGER_ID DEPARTMENT_ID
---------- -------------- ---------- -------------
011.44.1345.729268                       05/03/10 SA_REP
      8000             .3        146            80


EMPLOYEE_ID FIRST_NAME
----------- ----------------------------------------
LAST_NAME
--------------------------------------------------
EMAIL
--------------------------------------------------
PHONE_NUMBER                             HIRE_DAT JOB_ID
---------------------------------------- -------- --------------------
    SALARY COMMISSION_PCT MANAGER_ID DEPARTMENT_ID
---------- -------------- ---------- -------------
        160 Louise
Doran
LDORAN

EMPLOYEE_ID FIRST_NAME
----------- ----------------------------------------
LAST_NAME
--------------------------------------------------
EMAIL
--------------------------------------------------
PHONE_NUMBER                             HIRE_DAT JOB_ID
---------------------------------------- -------- --------------------
    SALARY COMMISSION_PCT MANAGER_ID DEPARTMENT_ID
---------- -------------- ---------- -------------
011.44.1345.629268                       05/12/15 SA_REP
      7500             .3        146            80


EMPLOYEE_ID FIRST_NAME
----------- ----------------------------------------
LAST_NAME
--------------------------------------------------
EMAIL
--------------------------------------------------
PHONE_NUMBER                             HIRE_DAT JOB_ID
---------------------------------------- -------- --------------------
    SALARY COMMISSION_PCT MANAGER_ID DEPARTMENT_ID
---------- -------------- ---------- -------------
        161 Sarath
Sewall
SSEWALL

EMPLOYEE_ID FIRST_NAME
----------- ----------------------------------------
LAST_NAME
--------------------------------------------------
EMAIL
--------------------------------------------------
PHONE_NUMBER                             HIRE_DAT JOB_ID
---------------------------------------- -------- --------------------
    SALARY COMMISSION_PCT MANAGER_ID DEPARTMENT_ID
---------- -------------- ---------- -------------
011.44.1345.529268                       06/11/03 SA_REP
      7000            .25        146            80


EMPLOYEE_ID FIRST_NAME
----------- ----------------------------------------
LAST_NAME
--------------------------------------------------
EMAIL
--------------------------------------------------
PHONE_NUMBER                             HIRE_DAT JOB_ID
---------------------------------------- -------- --------------------
    SALARY COMMISSION_PCT MANAGER_ID DEPARTMENT_ID
---------- -------------- ---------- -------------
        162 Clara
Vishney
CVISHNEY

EMPLOYEE_ID FIRST_NAME
----------- ----------------------------------------
LAST_NAME
--------------------------------------------------
EMAIL
--------------------------------------------------
PHONE_NUMBER                             HIRE_DAT JOB_ID
---------------------------------------- -------- --------------------
    SALARY COMMISSION_PCT MANAGER_ID DEPARTMENT_ID
---------- -------------- ---------- -------------
011.44.1346.129268                       05/11/11 SA_REP
     10500            .25        147            80


EMPLOYEE_ID FIRST_NAME
----------- ----------------------------------------
LAST_NAME
--------------------------------------------------
EMAIL
--------------------------------------------------
PHONE_NUMBER                             HIRE_DAT JOB_ID
---------------------------------------- -------- --------------------
    SALARY COMMISSION_PCT MANAGER_ID DEPARTMENT_ID
---------- -------------- ---------- -------------
        163 Danielle
Greene
DGREENE

EMPLOYEE_ID FIRST_NAME
----------- ----------------------------------------
LAST_NAME
--------------------------------------------------
EMAIL
--------------------------------------------------
PHONE_NUMBER                             HIRE_DAT JOB_ID
---------------------------------------- -------- --------------------
    SALARY COMMISSION_PCT MANAGER_ID DEPARTMENT_ID
---------- -------------- ---------- -------------
011.44.1346.229268                       07/03/19 SA_REP
      9500            .15        147            80


EMPLOYEE_ID FIRST_NAME
----------- ----------------------------------------
LAST_NAME
--------------------------------------------------
EMAIL
--------------------------------------------------
PHONE_NUMBER                             HIRE_DAT JOB_ID
---------------------------------------- -------- --------------------
    SALARY COMMISSION_PCT MANAGER_ID DEPARTMENT_ID
---------- -------------- ---------- -------------
        164 Mattea
Marvins
MMARVINS

EMPLOYEE_ID FIRST_NAME
----------- ----------------------------------------
LAST_NAME
--------------------------------------------------
EMAIL
--------------------------------------------------
PHONE_NUMBER                             HIRE_DAT JOB_ID
---------------------------------------- -------- --------------------
    SALARY COMMISSION_PCT MANAGER_ID DEPARTMENT_ID
---------- -------------- ---------- -------------
011.44.1346.329268                       08/01/24 SA_REP
      7200             .1        147            80


EMPLOYEE_ID FIRST_NAME
----------- ----------------------------------------
LAST_NAME
--------------------------------------------------
EMAIL
--------------------------------------------------
PHONE_NUMBER                             HIRE_DAT JOB_ID
---------------------------------------- -------- --------------------
    SALARY COMMISSION_PCT MANAGER_ID DEPARTMENT_ID
---------- -------------- ---------- -------------
        165 David
Lee
DLEE

EMPLOYEE_ID FIRST_NAME
----------- ----------------------------------------
LAST_NAME
--------------------------------------------------
EMAIL
--------------------------------------------------
PHONE_NUMBER                             HIRE_DAT JOB_ID
---------------------------------------- -------- --------------------
    SALARY COMMISSION_PCT MANAGER_ID DEPARTMENT_ID
---------- -------------- ---------- -------------
011.44.1346.529268                       08/02/23 SA_REP
      6800             .1        147            80


EMPLOYEE_ID FIRST_NAME
----------- ----------------------------------------
LAST_NAME
--------------------------------------------------
EMAIL
--------------------------------------------------
PHONE_NUMBER                             HIRE_DAT JOB_ID
---------------------------------------- -------- --------------------
    SALARY COMMISSION_PCT MANAGER_ID DEPARTMENT_ID
---------- -------------- ---------- -------------
        166 Sundar
Ande
SANDE

EMPLOYEE_ID FIRST_NAME
----------- ----------------------------------------
LAST_NAME
--------------------------------------------------
EMAIL
--------------------------------------------------
PHONE_NUMBER                             HIRE_DAT JOB_ID
---------------------------------------- -------- --------------------
    SALARY COMMISSION_PCT MANAGER_ID DEPARTMENT_ID
---------- -------------- ---------- -------------
011.44.1346.629268                       08/03/24 SA_REP
      6400             .1        147            80


EMPLOYEE_ID FIRST_NAME
----------- ----------------------------------------
LAST_NAME
--------------------------------------------------
EMAIL
--------------------------------------------------
PHONE_NUMBER                             HIRE_DAT JOB_ID
---------------------------------------- -------- --------------------
    SALARY COMMISSION_PCT MANAGER_ID DEPARTMENT_ID
---------- -------------- ---------- -------------
        167 Amit
Banda
ABANDA

EMPLOYEE_ID FIRST_NAME
----------- ----------------------------------------
LAST_NAME
--------------------------------------------------
EMAIL
--------------------------------------------------
PHONE_NUMBER                             HIRE_DAT JOB_ID
---------------------------------------- -------- --------------------
    SALARY COMMISSION_PCT MANAGER_ID DEPARTMENT_ID
---------- -------------- ---------- -------------
011.44.1346.729268                       08/04/21 SA_REP
      6200             .1        147            80


EMPLOYEE_ID FIRST_NAME
----------- ----------------------------------------
LAST_NAME
--------------------------------------------------
EMAIL
--------------------------------------------------
PHONE_NUMBER                             HIRE_DAT JOB_ID
---------------------------------------- -------- --------------------
    SALARY COMMISSION_PCT MANAGER_ID DEPARTMENT_ID
---------- -------------- ---------- -------------
        168 Lisa
Ozer
LOZER

EMPLOYEE_ID FIRST_NAME
----------- ----------------------------------------
LAST_NAME
--------------------------------------------------
EMAIL
--------------------------------------------------
PHONE_NUMBER                             HIRE_DAT JOB_ID
---------------------------------------- -------- --------------------
    SALARY COMMISSION_PCT MANAGER_ID DEPARTMENT_ID
---------- -------------- ---------- -------------
011.44.1343.929268                       05/03/11 SA_REP
     11500            .25        148            80


EMPLOYEE_ID FIRST_NAME
----------- ----------------------------------------
LAST_NAME
--------------------------------------------------
EMAIL
--------------------------------------------------
PHONE_NUMBER                             HIRE_DAT JOB_ID
---------------------------------------- -------- --------------------
    SALARY COMMISSION_PCT MANAGER_ID DEPARTMENT_ID
---------- -------------- ---------- -------------
        169 Harrison
Bloom
HBLOOM

EMPLOYEE_ID FIRST_NAME
----------- ----------------------------------------
LAST_NAME
--------------------------------------------------
EMAIL
--------------------------------------------------
PHONE_NUMBER                             HIRE_DAT JOB_ID
---------------------------------------- -------- --------------------
    SALARY COMMISSION_PCT MANAGER_ID DEPARTMENT_ID
---------- -------------- ---------- -------------
011.44.1343.829268                       06/03/23 SA_REP
     10000             .2        148            80


EMPLOYEE_ID FIRST_NAME
----------- ----------------------------------------
LAST_NAME
--------------------------------------------------
EMAIL
--------------------------------------------------
PHONE_NUMBER                             HIRE_DAT JOB_ID
---------------------------------------- -------- --------------------
    SALARY COMMISSION_PCT MANAGER_ID DEPARTMENT_ID
---------- -------------- ---------- -------------
        170 Tayler
Fox
TFOX

EMPLOYEE_ID FIRST_NAME
----------- ----------------------------------------
LAST_NAME
--------------------------------------------------
EMAIL
--------------------------------------------------
PHONE_NUMBER                             HIRE_DAT JOB_ID
---------------------------------------- -------- --------------------
    SALARY COMMISSION_PCT MANAGER_ID DEPARTMENT_ID
---------- -------------- ---------- -------------
011.44.1343.729268                       06/01/24 SA_REP
      9600             .2        148            80


EMPLOYEE_ID FIRST_NAME
----------- ----------------------------------------
LAST_NAME
--------------------------------------------------
EMAIL
--------------------------------------------------
PHONE_NUMBER                             HIRE_DAT JOB_ID
---------------------------------------- -------- --------------------
    SALARY COMMISSION_PCT MANAGER_ID DEPARTMENT_ID
---------- -------------- ---------- -------------
        171 William
Smith
WSMITH

EMPLOYEE_ID FIRST_NAME
----------- ----------------------------------------
LAST_NAME
--------------------------------------------------
EMAIL
--------------------------------------------------
PHONE_NUMBER                             HIRE_DAT JOB_ID
---------------------------------------- -------- --------------------
    SALARY COMMISSION_PCT MANAGER_ID DEPARTMENT_ID
---------- -------------- ---------- -------------
011.44.1343.629268                       07/02/23 SA_REP
      7400            .15        148            80


EMPLOYEE_ID FIRST_NAME
----------- ----------------------------------------
LAST_NAME
--------------------------------------------------
EMAIL
--------------------------------------------------
PHONE_NUMBER                             HIRE_DAT JOB_ID
---------------------------------------- -------- --------------------
    SALARY COMMISSION_PCT MANAGER_ID DEPARTMENT_ID
---------- -------------- ---------- -------------
        172 Elizabeth
Bates
EBATES

EMPLOYEE_ID FIRST_NAME
----------- ----------------------------------------
LAST_NAME
--------------------------------------------------
EMAIL
--------------------------------------------------
PHONE_NUMBER                             HIRE_DAT JOB_ID
---------------------------------------- -------- --------------------
    SALARY COMMISSION_PCT MANAGER_ID DEPARTMENT_ID
---------- -------------- ---------- -------------
011.44.1343.529268                       07/03/24 SA_REP
      7300            .15        148            80


EMPLOYEE_ID FIRST_NAME
----------- ----------------------------------------
LAST_NAME
--------------------------------------------------
EMAIL
--------------------------------------------------
PHONE_NUMBER                             HIRE_DAT JOB_ID
---------------------------------------- -------- --------------------
    SALARY COMMISSION_PCT MANAGER_ID DEPARTMENT_ID
---------- -------------- ---------- -------------
        173 Sundita
Kumar
SKUMAR

EMPLOYEE_ID FIRST_NAME
----------- ----------------------------------------
LAST_NAME
--------------------------------------------------
EMAIL
--------------------------------------------------
PHONE_NUMBER                             HIRE_DAT JOB_ID
---------------------------------------- -------- --------------------
    SALARY COMMISSION_PCT MANAGER_ID DEPARTMENT_ID
---------- -------------- ---------- -------------
011.44.1343.329268                       08/04/21 SA_REP
      6100             .1        148            80


EMPLOYEE_ID FIRST_NAME
----------- ----------------------------------------
LAST_NAME
--------------------------------------------------
EMAIL
--------------------------------------------------
PHONE_NUMBER                             HIRE_DAT JOB_ID
---------------------------------------- -------- --------------------
    SALARY COMMISSION_PCT MANAGER_ID DEPARTMENT_ID
---------- -------------- ---------- -------------
        174 Ellen
Abel
EABEL

EMPLOYEE_ID FIRST_NAME
----------- ----------------------------------------
LAST_NAME
--------------------------------------------------
EMAIL
--------------------------------------------------
PHONE_NUMBER                             HIRE_DAT JOB_ID
---------------------------------------- -------- --------------------
    SALARY COMMISSION_PCT MANAGER_ID DEPARTMENT_ID
---------- -------------- ---------- -------------
011.44.1644.429267                       04/05/11 SA_REP
     11000             .3        149            80


EMPLOYEE_ID FIRST_NAME
----------- ----------------------------------------
LAST_NAME
--------------------------------------------------
EMAIL
--------------------------------------------------
PHONE_NUMBER                             HIRE_DAT JOB_ID
---------------------------------------- -------- --------------------
    SALARY COMMISSION_PCT MANAGER_ID DEPARTMENT_ID
---------- -------------- ---------- -------------
        175 Alyssa
Hutton
AHUTTON

EMPLOYEE_ID FIRST_NAME
----------- ----------------------------------------
LAST_NAME
--------------------------------------------------
EMAIL
--------------------------------------------------
PHONE_NUMBER                             HIRE_DAT JOB_ID
---------------------------------------- -------- --------------------
    SALARY COMMISSION_PCT MANAGER_ID DEPARTMENT_ID
---------- -------------- ---------- -------------
011.44.1644.429266                       05/03/19 SA_REP
      8800            .25        149            80


EMPLOYEE_ID FIRST_NAME
----------- ----------------------------------------
LAST_NAME
--------------------------------------------------
EMAIL
--------------------------------------------------
PHONE_NUMBER                             HIRE_DAT JOB_ID
---------------------------------------- -------- --------------------
    SALARY COMMISSION_PCT MANAGER_ID DEPARTMENT_ID
---------- -------------- ---------- -------------
        176 Jonathon
Taylor
JTAYLOR

EMPLOYEE_ID FIRST_NAME
----------- ----------------------------------------
LAST_NAME
--------------------------------------------------
EMAIL
--------------------------------------------------
PHONE_NUMBER                             HIRE_DAT JOB_ID
---------------------------------------- -------- --------------------
    SALARY COMMISSION_PCT MANAGER_ID DEPARTMENT_ID
---------- -------------- ---------- -------------
011.44.1644.429265                       06/03/24 SA_REP
      8600             .2        149            80


EMPLOYEE_ID FIRST_NAME
----------- ----------------------------------------
LAST_NAME
--------------------------------------------------
EMAIL
--------------------------------------------------
PHONE_NUMBER                             HIRE_DAT JOB_ID
---------------------------------------- -------- --------------------
    SALARY COMMISSION_PCT MANAGER_ID DEPARTMENT_ID
---------- -------------- ---------- -------------
        177 Jack
Livingston
JLIVINGS

EMPLOYEE_ID FIRST_NAME
----------- ----------------------------------------
LAST_NAME
--------------------------------------------------
EMAIL
--------------------------------------------------
PHONE_NUMBER                             HIRE_DAT JOB_ID
---------------------------------------- -------- --------------------
    SALARY COMMISSION_PCT MANAGER_ID DEPARTMENT_ID
---------- -------------- ---------- -------------
011.44.1644.429264                       06/04/23 SA_REP
      8400             .2        149            80


EMPLOYEE_ID FIRST_NAME
----------- ----------------------------------------
LAST_NAME
--------------------------------------------------
EMAIL
--------------------------------------------------
PHONE_NUMBER                             HIRE_DAT JOB_ID
---------------------------------------- -------- --------------------
    SALARY COMMISSION_PCT MANAGER_ID DEPARTMENT_ID
---------- -------------- ---------- -------------
        178 Kimberely
Grant
KGRANT

EMPLOYEE_ID FIRST_NAME
----------- ----------------------------------------
LAST_NAME
--------------------------------------------------
EMAIL
--------------------------------------------------
PHONE_NUMBER                             HIRE_DAT JOB_ID
---------------------------------------- -------- --------------------
    SALARY COMMISSION_PCT MANAGER_ID DEPARTMENT_ID
---------- -------------- ---------- -------------
011.44.1644.429263                       07/05/24 SA_REP
      7000            .15        149


EMPLOYEE_ID FIRST_NAME
----------- ----------------------------------------
LAST_NAME
--------------------------------------------------
EMAIL
--------------------------------------------------
PHONE_NUMBER                             HIRE_DAT JOB_ID
---------------------------------------- -------- --------------------
    SALARY COMMISSION_PCT MANAGER_ID DEPARTMENT_ID
---------- -------------- ---------- -------------
        179 Charles
Johnson
CJOHNSON

EMPLOYEE_ID FIRST_NAME
----------- ----------------------------------------
LAST_NAME
--------------------------------------------------
EMAIL
--------------------------------------------------
PHONE_NUMBER                             HIRE_DAT JOB_ID
---------------------------------------- -------- --------------------
    SALARY COMMISSION_PCT MANAGER_ID DEPARTMENT_ID
---------- -------------- ---------- -------------
011.44.1644.429262                       08/01/04 SA_REP
      6200             .1        149            80


EMPLOYEE_ID FIRST_NAME
----------- ----------------------------------------
LAST_NAME
--------------------------------------------------
EMAIL
--------------------------------------------------
PHONE_NUMBER                             HIRE_DAT JOB_ID
---------------------------------------- -------- --------------------
    SALARY COMMISSION_PCT MANAGER_ID DEPARTMENT_ID
---------- -------------- ---------- -------------
        180 Winston
Taylor
WTAYLOR

EMPLOYEE_ID FIRST_NAME
----------- ----------------------------------------
LAST_NAME
--------------------------------------------------
EMAIL
--------------------------------------------------
PHONE_NUMBER                             HIRE_DAT JOB_ID
---------------------------------------- -------- --------------------
    SALARY COMMISSION_PCT MANAGER_ID DEPARTMENT_ID
---------- -------------- ---------- -------------
650.507.9876                             06/01/24 SH_CLERK
      3200                       120            50


EMPLOYEE_ID FIRST_NAME
----------- ----------------------------------------
LAST_NAME
--------------------------------------------------
EMAIL
--------------------------------------------------
PHONE_NUMBER                             HIRE_DAT JOB_ID
---------------------------------------- -------- --------------------
    SALARY COMMISSION_PCT MANAGER_ID DEPARTMENT_ID
---------- -------------- ---------- -------------
        181 Jean
Fleaur
JFLEAUR

EMPLOYEE_ID FIRST_NAME
----------- ----------------------------------------
LAST_NAME
--------------------------------------------------
EMAIL
--------------------------------------------------
PHONE_NUMBER                             HIRE_DAT JOB_ID
---------------------------------------- -------- --------------------
    SALARY COMMISSION_PCT MANAGER_ID DEPARTMENT_ID
---------- -------------- ---------- -------------
650.507.9877                             06/02/23 SH_CLERK
      3100                       120            50


EMPLOYEE_ID FIRST_NAME
----------- ----------------------------------------
LAST_NAME
--------------------------------------------------
EMAIL
--------------------------------------------------
PHONE_NUMBER                             HIRE_DAT JOB_ID
---------------------------------------- -------- --------------------
    SALARY COMMISSION_PCT MANAGER_ID DEPARTMENT_ID
---------- -------------- ---------- -------------
        182 Martha
Sullivan
MSULLIVA

EMPLOYEE_ID FIRST_NAME
----------- ----------------------------------------
LAST_NAME
--------------------------------------------------
EMAIL
--------------------------------------------------
PHONE_NUMBER                             HIRE_DAT JOB_ID
---------------------------------------- -------- --------------------
    SALARY COMMISSION_PCT MANAGER_ID DEPARTMENT_ID
---------- -------------- ---------- -------------
650.507.9878                             07/06/21 SH_CLERK
      2500                       120            50


EMPLOYEE_ID FIRST_NAME
----------- ----------------------------------------
LAST_NAME
--------------------------------------------------
EMAIL
--------------------------------------------------
PHONE_NUMBER                             HIRE_DAT JOB_ID
---------------------------------------- -------- --------------------
    SALARY COMMISSION_PCT MANAGER_ID DEPARTMENT_ID
---------- -------------- ---------- -------------
        183 Girard
Geoni
GGEONI

EMPLOYEE_ID FIRST_NAME
----------- ----------------------------------------
LAST_NAME
--------------------------------------------------
EMAIL
--------------------------------------------------
PHONE_NUMBER                             HIRE_DAT JOB_ID
---------------------------------------- -------- --------------------
    SALARY COMMISSION_PCT MANAGER_ID DEPARTMENT_ID
---------- -------------- ---------- -------------
650.507.9879                             08/02/03 SH_CLERK
      2800                       120            50


EMPLOYEE_ID FIRST_NAME
----------- ----------------------------------------
LAST_NAME
--------------------------------------------------
EMAIL
--------------------------------------------------
PHONE_NUMBER                             HIRE_DAT JOB_ID
---------------------------------------- -------- --------------------
    SALARY COMMISSION_PCT MANAGER_ID DEPARTMENT_ID
---------- -------------- ---------- -------------
        184 Nandita
Sarchand
NSARCHAN

EMPLOYEE_ID FIRST_NAME
----------- ----------------------------------------
LAST_NAME
--------------------------------------------------
EMAIL
--------------------------------------------------
PHONE_NUMBER                             HIRE_DAT JOB_ID
---------------------------------------- -------- --------------------
    SALARY COMMISSION_PCT MANAGER_ID DEPARTMENT_ID
---------- -------------- ---------- -------------
650.509.1876                             04/01/27 SH_CLERK
      4200                       121            50


EMPLOYEE_ID FIRST_NAME
----------- ----------------------------------------
LAST_NAME
--------------------------------------------------
EMAIL
--------------------------------------------------
PHONE_NUMBER                             HIRE_DAT JOB_ID
---------------------------------------- -------- --------------------
    SALARY COMMISSION_PCT MANAGER_ID DEPARTMENT_ID
---------- -------------- ---------- -------------
        185 Alexis
Bull
ABULL

EMPLOYEE_ID FIRST_NAME
----------- ----------------------------------------
LAST_NAME
--------------------------------------------------
EMAIL
--------------------------------------------------
PHONE_NUMBER                             HIRE_DAT JOB_ID
---------------------------------------- -------- --------------------
    SALARY COMMISSION_PCT MANAGER_ID DEPARTMENT_ID
---------- -------------- ---------- -------------
650.509.2876                             05/02/20 SH_CLERK
      4100                       121            50


EMPLOYEE_ID FIRST_NAME
----------- ----------------------------------------
LAST_NAME
--------------------------------------------------
EMAIL
--------------------------------------------------
PHONE_NUMBER                             HIRE_DAT JOB_ID
---------------------------------------- -------- --------------------
    SALARY COMMISSION_PCT MANAGER_ID DEPARTMENT_ID
---------- -------------- ---------- -------------
        186 Julia
Dellinger
JDELLING

EMPLOYEE_ID FIRST_NAME
----------- ----------------------------------------
LAST_NAME
--------------------------------------------------
EMAIL
--------------------------------------------------
PHONE_NUMBER                             HIRE_DAT JOB_ID
---------------------------------------- -------- --------------------
    SALARY COMMISSION_PCT MANAGER_ID DEPARTMENT_ID
---------- -------------- ---------- -------------
650.509.3876                             06/06/24 SH_CLERK
      3400                       121            50


EMPLOYEE_ID FIRST_NAME
----------- ----------------------------------------
LAST_NAME
--------------------------------------------------
EMAIL
--------------------------------------------------
PHONE_NUMBER                             HIRE_DAT JOB_ID
---------------------------------------- -------- --------------------
    SALARY COMMISSION_PCT MANAGER_ID DEPARTMENT_ID
---------- -------------- ---------- -------------
        187 Anthony
Cabrio
ACABRIO

EMPLOYEE_ID FIRST_NAME
----------- ----------------------------------------
LAST_NAME
--------------------------------------------------
EMAIL
--------------------------------------------------
PHONE_NUMBER                             HIRE_DAT JOB_ID
---------------------------------------- -------- --------------------
    SALARY COMMISSION_PCT MANAGER_ID DEPARTMENT_ID
---------- -------------- ---------- -------------
650.509.4876                             07/02/07 SH_CLERK
      3000                       121            50


EMPLOYEE_ID FIRST_NAME
----------- ----------------------------------------
LAST_NAME
--------------------------------------------------
EMAIL
--------------------------------------------------
PHONE_NUMBER                             HIRE_DAT JOB_ID
---------------------------------------- -------- --------------------
    SALARY COMMISSION_PCT MANAGER_ID DEPARTMENT_ID
---------- -------------- ---------- -------------
        188 Kelly
Chung
KCHUNG

EMPLOYEE_ID FIRST_NAME
----------- ----------------------------------------
LAST_NAME
--------------------------------------------------
EMAIL
--------------------------------------------------
PHONE_NUMBER                             HIRE_DAT JOB_ID
---------------------------------------- -------- --------------------
    SALARY COMMISSION_PCT MANAGER_ID DEPARTMENT_ID
---------- -------------- ---------- -------------
650.505.1876                             05/06/14 SH_CLERK
      3800                       122            50


EMPLOYEE_ID FIRST_NAME
----------- ----------------------------------------
LAST_NAME
--------------------------------------------------
EMAIL
--------------------------------------------------
PHONE_NUMBER                             HIRE_DAT JOB_ID
---------------------------------------- -------- --------------------
    SALARY COMMISSION_PCT MANAGER_ID DEPARTMENT_ID
---------- -------------- ---------- -------------
        189 Jennifer
Dilly
JDILLY

EMPLOYEE_ID FIRST_NAME
----------- ----------------------------------------
LAST_NAME
--------------------------------------------------
EMAIL
--------------------------------------------------
PHONE_NUMBER                             HIRE_DAT JOB_ID
---------------------------------------- -------- --------------------
    SALARY COMMISSION_PCT MANAGER_ID DEPARTMENT_ID
---------- -------------- ---------- -------------
650.505.2876                             05/08/13 SH_CLERK
      3600                       122            50


EMPLOYEE_ID FIRST_NAME
----------- ----------------------------------------
LAST_NAME
--------------------------------------------------
EMAIL
--------------------------------------------------
PHONE_NUMBER                             HIRE_DAT JOB_ID
---------------------------------------- -------- --------------------
    SALARY COMMISSION_PCT MANAGER_ID DEPARTMENT_ID
---------- -------------- ---------- -------------
        190 Timothy
Gates
TGATES

EMPLOYEE_ID FIRST_NAME
----------- ----------------------------------------
LAST_NAME
--------------------------------------------------
EMAIL
--------------------------------------------------
PHONE_NUMBER                             HIRE_DAT JOB_ID
---------------------------------------- -------- --------------------
    SALARY COMMISSION_PCT MANAGER_ID DEPARTMENT_ID
---------- -------------- ---------- -------------
650.505.3876                             06/07/11 SH_CLERK
      2900                       122            50


EMPLOYEE_ID FIRST_NAME
----------- ----------------------------------------
LAST_NAME
--------------------------------------------------
EMAIL
--------------------------------------------------
PHONE_NUMBER                             HIRE_DAT JOB_ID
---------------------------------------- -------- --------------------
    SALARY COMMISSION_PCT MANAGER_ID DEPARTMENT_ID
---------- -------------- ---------- -------------
        191 Randall
Perkins
RPERKINS

EMPLOYEE_ID FIRST_NAME
----------- ----------------------------------------
LAST_NAME
--------------------------------------------------
EMAIL
--------------------------------------------------
PHONE_NUMBER                             HIRE_DAT JOB_ID
---------------------------------------- -------- --------------------
    SALARY COMMISSION_PCT MANAGER_ID DEPARTMENT_ID
---------- -------------- ---------- -------------
650.505.4876                             07/12/19 SH_CLERK
      2500                       122            50


EMPLOYEE_ID FIRST_NAME
----------- ----------------------------------------
LAST_NAME
--------------------------------------------------
EMAIL
--------------------------------------------------
PHONE_NUMBER                             HIRE_DAT JOB_ID
---------------------------------------- -------- --------------------
    SALARY COMMISSION_PCT MANAGER_ID DEPARTMENT_ID
---------- -------------- ---------- -------------
        192 Sarah
Bell
SBELL

EMPLOYEE_ID FIRST_NAME
----------- ----------------------------------------
LAST_NAME
--------------------------------------------------
EMAIL
--------------------------------------------------
PHONE_NUMBER                             HIRE_DAT JOB_ID
---------------------------------------- -------- --------------------
    SALARY COMMISSION_PCT MANAGER_ID DEPARTMENT_ID
---------- -------------- ---------- -------------
650.501.1876                             04/02/04 SH_CLERK
      4000                       123            50


EMPLOYEE_ID FIRST_NAME
----------- ----------------------------------------
LAST_NAME
--------------------------------------------------
EMAIL
--------------------------------------------------
PHONE_NUMBER                             HIRE_DAT JOB_ID
---------------------------------------- -------- --------------------
    SALARY COMMISSION_PCT MANAGER_ID DEPARTMENT_ID
---------- -------------- ---------- -------------
        193 Britney
Everett
BEVERETT

EMPLOYEE_ID FIRST_NAME
----------- ----------------------------------------
LAST_NAME
--------------------------------------------------
EMAIL
--------------------------------------------------
PHONE_NUMBER                             HIRE_DAT JOB_ID
---------------------------------------- -------- --------------------
    SALARY COMMISSION_PCT MANAGER_ID DEPARTMENT_ID
---------- -------------- ---------- -------------
650.501.2876                             05/03/03 SH_CLERK
      3900                       123            50


EMPLOYEE_ID FIRST_NAME
----------- ----------------------------------------
LAST_NAME
--------------------------------------------------
EMAIL
--------------------------------------------------
PHONE_NUMBER                             HIRE_DAT JOB_ID
---------------------------------------- -------- --------------------
    SALARY COMMISSION_PCT MANAGER_ID DEPARTMENT_ID
---------- -------------- ---------- -------------
        194 Samuel
McCain
SMCCAIN

EMPLOYEE_ID FIRST_NAME
----------- ----------------------------------------
LAST_NAME
--------------------------------------------------
EMAIL
--------------------------------------------------
PHONE_NUMBER                             HIRE_DAT JOB_ID
---------------------------------------- -------- --------------------
    SALARY COMMISSION_PCT MANAGER_ID DEPARTMENT_ID
---------- -------------- ---------- -------------
650.501.3876                             06/07/01 SH_CLERK
      3200                       123            50


EMPLOYEE_ID FIRST_NAME
----------- ----------------------------------------
LAST_NAME
--------------------------------------------------
EMAIL
--------------------------------------------------
PHONE_NUMBER                             HIRE_DAT JOB_ID
---------------------------------------- -------- --------------------
    SALARY COMMISSION_PCT MANAGER_ID DEPARTMENT_ID
---------- -------------- ---------- -------------
        195 Vance
Jones
VJONES

EMPLOYEE_ID FIRST_NAME
----------- ----------------------------------------
LAST_NAME
--------------------------------------------------
EMAIL
--------------------------------------------------
PHONE_NUMBER                             HIRE_DAT JOB_ID
---------------------------------------- -------- --------------------
    SALARY COMMISSION_PCT MANAGER_ID DEPARTMENT_ID
---------- -------------- ---------- -------------
650.501.4876                             07/03/17 SH_CLERK
      2800                       123            50


EMPLOYEE_ID FIRST_NAME
----------- ----------------------------------------
LAST_NAME
--------------------------------------------------
EMAIL
--------------------------------------------------
PHONE_NUMBER                             HIRE_DAT JOB_ID
---------------------------------------- -------- --------------------
    SALARY COMMISSION_PCT MANAGER_ID DEPARTMENT_ID
---------- -------------- ---------- -------------
        196 Alana
Walsh
AWALSH

EMPLOYEE_ID FIRST_NAME
----------- ----------------------------------------
LAST_NAME
--------------------------------------------------
EMAIL
--------------------------------------------------
PHONE_NUMBER                             HIRE_DAT JOB_ID
---------------------------------------- -------- --------------------
    SALARY COMMISSION_PCT MANAGER_ID DEPARTMENT_ID
---------- -------------- ---------- -------------
650.507.9811                             06/04/24 SH_CLERK
      3100                       124            50


EMPLOYEE_ID FIRST_NAME
----------- ----------------------------------------
LAST_NAME
--------------------------------------------------
EMAIL
--------------------------------------------------
PHONE_NUMBER                             HIRE_DAT JOB_ID
---------------------------------------- -------- --------------------
    SALARY COMMISSION_PCT MANAGER_ID DEPARTMENT_ID
---------- -------------- ---------- -------------
        197 Kevin
Feeney
KFEENEY

EMPLOYEE_ID FIRST_NAME
----------- ----------------------------------------
LAST_NAME
--------------------------------------------------
EMAIL
--------------------------------------------------
PHONE_NUMBER                             HIRE_DAT JOB_ID
---------------------------------------- -------- --------------------
    SALARY COMMISSION_PCT MANAGER_ID DEPARTMENT_ID
---------- -------------- ---------- -------------
650.507.9822                             06/05/23 SH_CLERK
      3000                       124            50


EMPLOYEE_ID FIRST_NAME
----------- ----------------------------------------
LAST_NAME
--------------------------------------------------
EMAIL
--------------------------------------------------
PHONE_NUMBER                             HIRE_DAT JOB_ID
---------------------------------------- -------- --------------------
    SALARY COMMISSION_PCT MANAGER_ID DEPARTMENT_ID
---------- -------------- ---------- -------------
        198 Donald
OConnell
DOCONNEL

EMPLOYEE_ID FIRST_NAME
----------- ----------------------------------------
LAST_NAME
--------------------------------------------------
EMAIL
--------------------------------------------------
PHONE_NUMBER                             HIRE_DAT JOB_ID
---------------------------------------- -------- --------------------
    SALARY COMMISSION_PCT MANAGER_ID DEPARTMENT_ID
---------- -------------- ---------- -------------
650.507.9833                             07/06/21 SH_CLERK
      2600                       124            50


EMPLOYEE_ID FIRST_NAME
----------- ----------------------------------------
LAST_NAME
--------------------------------------------------
EMAIL
--------------------------------------------------
PHONE_NUMBER                             HIRE_DAT JOB_ID
---------------------------------------- -------- --------------------
    SALARY COMMISSION_PCT MANAGER_ID DEPARTMENT_ID
---------- -------------- ---------- -------------
        199 Douglas
Grant
DGRANT

EMPLOYEE_ID FIRST_NAME
----------- ----------------------------------------
LAST_NAME
--------------------------------------------------
EMAIL
--------------------------------------------------
PHONE_NUMBER                             HIRE_DAT JOB_ID
---------------------------------------- -------- --------------------
    SALARY COMMISSION_PCT MANAGER_ID DEPARTMENT_ID
---------- -------------- ---------- -------------
650.507.9844                             08/01/13 SH_CLERK
      2600                       124            50


EMPLOYEE_ID FIRST_NAME
----------- ----------------------------------------
LAST_NAME
--------------------------------------------------
EMAIL
--------------------------------------------------
PHONE_NUMBER                             HIRE_DAT JOB_ID
---------------------------------------- -------- --------------------
    SALARY COMMISSION_PCT MANAGER_ID DEPARTMENT_ID
---------- -------------- ---------- -------------
        200 Jennifer
Whalen
JWHALEN

EMPLOYEE_ID FIRST_NAME
----------- ----------------------------------------
LAST_NAME
--------------------------------------------------
EMAIL
--------------------------------------------------
PHONE_NUMBER                             HIRE_DAT JOB_ID
---------------------------------------- -------- --------------------
    SALARY COMMISSION_PCT MANAGER_ID DEPARTMENT_ID
---------- -------------- ---------- -------------
515.123.4444                             03/09/17 AD_ASST
      4400                       101            10


EMPLOYEE_ID FIRST_NAME
----------- ----------------------------------------
LAST_NAME
--------------------------------------------------
EMAIL
--------------------------------------------------
PHONE_NUMBER                             HIRE_DAT JOB_ID
---------------------------------------- -------- --------------------
    SALARY COMMISSION_PCT MANAGER_ID DEPARTMENT_ID
---------- -------------- ---------- -------------
        201 Michael
Hartstein
MHARTSTE

EMPLOYEE_ID FIRST_NAME
----------- ----------------------------------------
LAST_NAME
--------------------------------------------------
EMAIL
--------------------------------------------------
PHONE_NUMBER                             HIRE_DAT JOB_ID
---------------------------------------- -------- --------------------
    SALARY COMMISSION_PCT MANAGER_ID DEPARTMENT_ID
---------- -------------- ---------- -------------
515.123.5555                             04/02/17 MK_MAN
     13000                       100            20


EMPLOYEE_ID FIRST_NAME
----------- ----------------------------------------
LAST_NAME
--------------------------------------------------
EMAIL
--------------------------------------------------
PHONE_NUMBER                             HIRE_DAT JOB_ID
---------------------------------------- -------- --------------------
    SALARY COMMISSION_PCT MANAGER_ID DEPARTMENT_ID
---------- -------------- ---------- -------------
        202 Pat
Fay
PFAY

EMPLOYEE_ID FIRST_NAME
----------- ----------------------------------------
LAST_NAME
--------------------------------------------------
EMAIL
--------------------------------------------------
PHONE_NUMBER                             HIRE_DAT JOB_ID
---------------------------------------- -------- --------------------
    SALARY COMMISSION_PCT MANAGER_ID DEPARTMENT_ID
---------- -------------- ---------- -------------
603.123.6666                             05/08/17 MK_REP
      6000                       201            20


EMPLOYEE_ID FIRST_NAME
----------- ----------------------------------------
LAST_NAME
--------------------------------------------------
EMAIL
--------------------------------------------------
PHONE_NUMBER                             HIRE_DAT JOB_ID
---------------------------------------- -------- --------------------
    SALARY COMMISSION_PCT MANAGER_ID DEPARTMENT_ID
---------- -------------- ---------- -------------
        203 Susan
Mavris
SMAVRIS

EMPLOYEE_ID FIRST_NAME
----------- ----------------------------------------
LAST_NAME
--------------------------------------------------
EMAIL
--------------------------------------------------
PHONE_NUMBER                             HIRE_DAT JOB_ID
---------------------------------------- -------- --------------------
    SALARY COMMISSION_PCT MANAGER_ID DEPARTMENT_ID
---------- -------------- ---------- -------------
515.123.7777                             02/06/07 HR_REP
      6500                       101            40


EMPLOYEE_ID FIRST_NAME
----------- ----------------------------------------
LAST_NAME
--------------------------------------------------
EMAIL
--------------------------------------------------
PHONE_NUMBER                             HIRE_DAT JOB_ID
---------------------------------------- -------- --------------------
    SALARY COMMISSION_PCT MANAGER_ID DEPARTMENT_ID
---------- -------------- ---------- -------------
        204 Hermann
Baer
HBAER

EMPLOYEE_ID FIRST_NAME
----------- ----------------------------------------
LAST_NAME
--------------------------------------------------
EMAIL
--------------------------------------------------
PHONE_NUMBER                             HIRE_DAT JOB_ID
---------------------------------------- -------- --------------------
    SALARY COMMISSION_PCT MANAGER_ID DEPARTMENT_ID
---------- -------------- ---------- -------------
515.123.8888                             02/06/07 PR_REP
     10000                       101            70


EMPLOYEE_ID FIRST_NAME
----------- ----------------------------------------
LAST_NAME
--------------------------------------------------
EMAIL
--------------------------------------------------
PHONE_NUMBER                             HIRE_DAT JOB_ID
---------------------------------------- -------- --------------------
    SALARY COMMISSION_PCT MANAGER_ID DEPARTMENT_ID
---------- -------------- ---------- -------------
        205 Shelley
Higgins
SHIGGINS

EMPLOYEE_ID FIRST_NAME
----------- ----------------------------------------
LAST_NAME
--------------------------------------------------
EMAIL
--------------------------------------------------
PHONE_NUMBER                             HIRE_DAT JOB_ID
---------------------------------------- -------- --------------------
    SALARY COMMISSION_PCT MANAGER_ID DEPARTMENT_ID
---------- -------------- ---------- -------------
515.123.8080                             02/06/07 AC_MGR
     12008                       101           110


EMPLOYEE_ID FIRST_NAME
----------- ----------------------------------------
LAST_NAME
--------------------------------------------------
EMAIL
--------------------------------------------------
PHONE_NUMBER                             HIRE_DAT JOB_ID
---------------------------------------- -------- --------------------
    SALARY COMMISSION_PCT MANAGER_ID DEPARTMENT_ID
---------- -------------- ---------- -------------
        206 William
Gietz
WGIETZ

EMPLOYEE_ID FIRST_NAME
----------- ----------------------------------------
LAST_NAME
--------------------------------------------------
EMAIL
--------------------------------------------------
PHONE_NUMBER                             HIRE_DAT JOB_ID
---------------------------------------- -------- --------------------
    SALARY COMMISSION_PCT MANAGER_ID DEPARTMENT_ID
---------- -------------- ---------- -------------
515.123.8181                             02/06/07 AC_ACCOUNT
      8300                       205           110


107 rows selected.

SQL> SELECT first_name, salary, manager_id FROM employees WHERE manager_id != 30;

FIRST_NAME                                   SALARY MANAGER_ID
---------------------------------------- ---------- ----------
Neena                                         17000        100
Lex                                           17000        100
Alexander                                      9000        102
Bruce                                          6000        103
David                                          4800        103
Valli                                          4800        103
Diana                                          4200        103
Nancy                                         12008        101
Daniel                                         9000        108
John                                           8200        108
Ismael                                         7700        108

FIRST_NAME                                   SALARY MANAGER_ID
---------------------------------------- ---------- ----------
Jose Manuel                                    7800        108
Luis                                           6900        108
Den                                           11000        100
Alexander                                      3100        114
Shelli                                         2900        114
Sigal                                          2800        114
Guy                                            2600        114
Karen                                          2500        114
Matthew                                        8000        100
Adam                                           8200        100
Payam                                          7900        100

FIRST_NAME                                   SALARY MANAGER_ID
---------------------------------------- ---------- ----------
Shanta                                         6500        100
Kevin                                          5800        100
Julia                                          3200        120
Irene                                          2700        120
James                                          2400        120
Steven                                         2200        120
Laura                                          3300        121
Mozhe                                          2800        121
James                                          2500        121
TJ                                             2100        121
Jason                                          3300        122

FIRST_NAME                                   SALARY MANAGER_ID
---------------------------------------- ---------- ----------
Michael                                        2900        122
Ki                                             2400        122
Hazel                                          2200        122
Renske                                         3600        123
Stephen                                        3200        123
John                                           2700        123
Joshua                                         2500        123
Trenna                                         3500        124
Curtis                                         3100        124
Randall                                        2600        124
Peter                                          2500        124

FIRST_NAME                                   SALARY MANAGER_ID
---------------------------------------- ---------- ----------
John                                          14000        100
Karen                                         13500        100
Alberto                                       12000        100
Gerald                                        11000        100
Eleni                                         10500        100
Peter                                         10000        145
David                                          9500        145
Peter                                          9000        145
Christopher                                    8000        145
Nanette                                        7500        145
Oliver                                         7000        145

FIRST_NAME                                   SALARY MANAGER_ID
---------------------------------------- ---------- ----------
Janette                                       10000        146
Patrick                                        9500        146
Allan                                          9000        146
Lindsey                                        8000        146
Louise                                         7500        146
Sarath                                         7000        146
Clara                                         10500        147
Danielle                                       9500        147
Mattea                                         7200        147
David                                          6800        147
Sundar                                         6400        147

FIRST_NAME                                   SALARY MANAGER_ID
---------------------------------------- ---------- ----------
Amit                                           6200        147
Lisa                                          11500        148
Harrison                                      10000        148
Tayler                                         9600        148
William                                        7400        148
Elizabeth                                      7300        148
Sundita                                        6100        148
Ellen                                         11000        149
Alyssa                                         8800        149
Jonathon                                       8600        149
Jack                                           8400        149

FIRST_NAME                                   SALARY MANAGER_ID
---------------------------------------- ---------- ----------
Kimberely                                      7000        149
Charles                                        6200        149
Winston                                        3200        120
Jean                                           3100        120
Martha                                         2500        120
Girard                                         2800        120
Nandita                                        4200        121
Alexis                                         4100        121
Julia                                          3400        121
Anthony                                        3000        121
Kelly                                          3800        122

FIRST_NAME                                   SALARY MANAGER_ID
---------------------------------------- ---------- ----------
Jennifer                                       3600        122
Timothy                                        2900        122
Randall                                        2500        122
Sarah                                          4000        123
Britney                                        3900        123
Samuel                                         3200        123
Vance                                          2800        123
Alana                                          3100        124
Kevin                                          3000        124
Donald                                         2600        124
Douglas                                        2600        124

FIRST_NAME                                   SALARY MANAGER_ID
---------------------------------------- ---------- ----------
Jennifer                                       4400        101
Michael                                       13000        100
Pat                                            6000        201
Susan                                          6500        101
Hermann                                       10000        101
Shelley                                       12008        101
William                                        8300        205

106 rows selected.

SQL> SELECT first_name, salary, manager_id FROM employees WHERE department_id != 30;

FIRST_NAME                                   SALARY MANAGER_ID
---------------------------------------- ---------- ----------
Steven                                        24000
Neena                                         17000        100
Lex                                           17000        100
Alexander                                      9000        102
Bruce                                          6000        103
David                                          4800        103
Valli                                          4800        103
Diana                                          4200        103
Nancy                                         12008        101
Daniel                                         9000        108
John                                           8200        108

FIRST_NAME                                   SALARY MANAGER_ID
---------------------------------------- ---------- ----------
Ismael                                         7700        108
Jose Manuel                                    7800        108
Luis                                           6900        108
Matthew                                        8000        100
Adam                                           8200        100
Payam                                          7900        100
Shanta                                         6500        100
Kevin                                          5800        100
Julia                                          3200        120
Irene                                          2700        120
James                                          2400        120

FIRST_NAME                                   SALARY MANAGER_ID
---------------------------------------- ---------- ----------
Steven                                         2200        120
Laura                                          3300        121
Mozhe                                          2800        121
James                                          2500        121
TJ                                             2100        121
Jason                                          3300        122
Michael                                        2900        122
Ki                                             2400        122
Hazel                                          2200        122
Renske                                         3600        123
Stephen                                        3200        123

FIRST_NAME                                   SALARY MANAGER_ID
---------------------------------------- ---------- ----------
John                                           2700        123
Joshua                                         2500        123
Trenna                                         3500        124
Curtis                                         3100        124
Randall                                        2600        124
Peter                                          2500        124
John                                          14000        100
Karen                                         13500        100
Alberto                                       12000        100
Gerald                                        11000        100
Eleni                                         10500        100

FIRST_NAME                                   SALARY MANAGER_ID
---------------------------------------- ---------- ----------
Peter                                         10000        145
David                                          9500        145
Peter                                          9000        145
Christopher                                    8000        145
Nanette                                        7500        145
Oliver                                         7000        145
Janette                                       10000        146
Patrick                                        9500        146
Allan                                          9000        146
Lindsey                                        8000        146
Louise                                         7500        146

FIRST_NAME                                   SALARY MANAGER_ID
---------------------------------------- ---------- ----------
Sarath                                         7000        146
Clara                                         10500        147
Danielle                                       9500        147
Mattea                                         7200        147
David                                          6800        147
Sundar                                         6400        147
Amit                                           6200        147
Lisa                                          11500        148
Harrison                                      10000        148
Tayler                                         9600        148
William                                        7400        148

FIRST_NAME                                   SALARY MANAGER_ID
---------------------------------------- ---------- ----------
Elizabeth                                      7300        148
Sundita                                        6100        148
Ellen                                         11000        149
Alyssa                                         8800        149
Jonathon                                       8600        149
Jack                                           8400        149
Charles                                        6200        149
Winston                                        3200        120
Jean                                           3100        120
Martha                                         2500        120
Girard                                         2800        120

FIRST_NAME                                   SALARY MANAGER_ID
---------------------------------------- ---------- ----------
Nandita                                        4200        121
Alexis                                         4100        121
Julia                                          3400        121
Anthony                                        3000        121
Kelly                                          3800        122
Jennifer                                       3600        122
Timothy                                        2900        122
Randall                                        2500        122
Sarah                                          4000        123
Britney                                        3900        123
Samuel                                         3200        123

FIRST_NAME                                   SALARY MANAGER_ID
---------------------------------------- ---------- ----------
Vance                                          2800        123
Alana                                          3100        124
Kevin                                          3000        124
Donald                                         2600        124
Douglas                                        2600        124
Jennifer                                       4400        101
Michael                                       13000        100
Pat                                            6000        201
Susan                                          6500        101
Hermann                                       10000        101
Shelley                                       12008        101

FIRST_NAME                                   SALARY MANAGER_ID
---------------------------------------- ---------- ----------
William                                        8300        205

100 rows selected.

SQL> SELECT first_name, salary, manager_id FROM employees WHERE department_id != 30;

FIRST_NAME                                   SALARY MANAGER_ID
---------------------------------------- ---------- ----------
Steven                                        24000
Neena                                         17000        100
Lex                                           17000        100
Alexander                                      9000        102
Bruce                                          6000        103
David                                          4800        103
Valli                                          4800        103
Diana                                          4200        103
Nancy                                         12008        101
Daniel                                         9000        108
John                                           8200        108

FIRST_NAME                                   SALARY MANAGER_ID
---------------------------------------- ---------- ----------
Ismael                                         7700        108
Jose Manuel                                    7800        108
Luis                                           6900        108
Matthew                                        8000        100
Adam                                           8200        100
Payam                                          7900        100
Shanta                                         6500        100
Kevin                                          5800        100
Julia                                          3200        120
Irene                                          2700        120
James                                          2400        120

FIRST_NAME                                   SALARY MANAGER_ID
---------------------------------------- ---------- ----------
Steven                                         2200        120
Laura                                          3300        121
Mozhe                                          2800        121
James                                          2500        121
TJ                                             2100        121
Jason                                          3300        122
Michael                                        2900        122
Ki                                             2400        122
Hazel                                          2200        122
Renske                                         3600        123
Stephen                                        3200        123

FIRST_NAME                                   SALARY MANAGER_ID
---------------------------------------- ---------- ----------
John                                           2700        123
Joshua                                         2500        123
Trenna                                         3500        124
Curtis                                         3100        124
Randall                                        2600        124
Peter                                          2500        124
John                                          14000        100
Karen                                         13500        100
Alberto                                       12000        100
Gerald                                        11000        100
Eleni                                         10500        100

FIRST_NAME                                   SALARY MANAGER_ID
---------------------------------------- ---------- ----------
Peter                                         10000        145
David                                          9500        145
Peter                                          9000        145
Christopher                                    8000        145
Nanette                                        7500        145
Oliver                                         7000        145
Janette                                       10000        146
Patrick                                        9500        146
Allan                                          9000        146
Lindsey                                        8000        146
Louise                                         7500        146

FIRST_NAME                                   SALARY MANAGER_ID
---------------------------------------- ---------- ----------
Sarath                                         7000        146
Clara                                         10500        147
Danielle                                       9500        147
Mattea                                         7200        147
David                                          6800        147
Sundar                                         6400        147
Amit                                           6200        147
Lisa                                          11500        148
Harrison                                      10000        148
Tayler                                         9600        148
William                                        7400        148

FIRST_NAME                                   SALARY MANAGER_ID
---------------------------------------- ---------- ----------
Elizabeth                                      7300        148
Sundita                                        6100        148
Ellen                                         11000        149
Alyssa                                         8800        149
Jonathon                                       8600        149
Jack                                           8400        149
Charles                                        6200        149
Winston                                        3200        120
Jean                                           3100        120
Martha                                         2500        120
Girard                                         2800        120

FIRST_NAME                                   SALARY MANAGER_ID
---------------------------------------- ---------- ----------
Nandita                                        4200        121
Alexis                                         4100        121
Julia                                          3400        121
Anthony                                        3000        121
Kelly                                          3800        122
Jennifer                                       3600        122
Timothy                                        2900        122
Randall                                        2500        122
Sarah                                          4000        123
Britney                                        3900        123
Samuel                                         3200        123

FIRST_NAME                                   SALARY MANAGER_ID
---------------------------------------- ---------- ----------
Vance                                          2800        123
Alana                                          3100        124
Kevin                                          3000        124
Donald                                         2600        124
Douglas                                        2600        124
Jennifer                                       4400        101
Michael                                       13000        100
Pat                                            6000        201
Susan                                          6500        101
Hermann                                       10000        101
Shelley                                       12008        101

FIRST_NAME                                   SALARY MANAGER_ID
---------------------------------------- ---------- ----------
William                                        8300        205

100 rows selected.

SQL> SELECT first_name, salary, department_id FROM employees WHERE department_id != 30;

FIRST_NAME                                   SALARY DEPARTMENT_ID
---------------------------------------- ---------- -------------
Steven                                        24000            90
Neena                                         17000            90
Lex                                           17000            90
Alexander                                      9000            60
Bruce                                          6000            60
David                                          4800            60
Valli                                          4800            60
Diana                                          4200            60
Nancy                                         12008           100
Daniel                                         9000           100
John                                           8200           100

FIRST_NAME                                   SALARY DEPARTMENT_ID
---------------------------------------- ---------- -------------
Ismael                                         7700           100
Jose Manuel                                    7800           100
Luis                                           6900           100
Matthew                                        8000            50
Adam                                           8200            50
Payam                                          7900            50
Shanta                                         6500            50
Kevin                                          5800            50
Julia                                          3200            50
Irene                                          2700            50
James                                          2400            50

FIRST_NAME                                   SALARY DEPARTMENT_ID
---------------------------------------- ---------- -------------
Steven                                         2200            50
Laura                                          3300            50
Mozhe                                          2800            50
James                                          2500            50
TJ                                             2100            50
Jason                                          3300            50
Michael                                        2900            50
Ki                                             2400            50
Hazel                                          2200            50
Renske                                         3600            50
Stephen                                        3200            50

FIRST_NAME                                   SALARY DEPARTMENT_ID
---------------------------------------- ---------- -------------
John                                           2700            50
Joshua                                         2500            50
Trenna                                         3500            50
Curtis                                         3100            50
Randall                                        2600            50
Peter                                          2500            50
John                                          14000            80
Karen                                         13500            80
Alberto                                       12000            80
Gerald                                        11000            80
Eleni                                         10500            80

FIRST_NAME                                   SALARY DEPARTMENT_ID
---------------------------------------- ---------- -------------
Peter                                         10000            80
David                                          9500            80
Peter                                          9000            80
Christopher                                    8000            80
Nanette                                        7500            80
Oliver                                         7000            80
Janette                                       10000            80
Patrick                                        9500            80
Allan                                          9000            80
Lindsey                                        8000            80
Louise                                         7500            80

FIRST_NAME                                   SALARY DEPARTMENT_ID
---------------------------------------- ---------- -------------
Sarath                                         7000            80
Clara                                         10500            80
Danielle                                       9500            80
Mattea                                         7200            80
David                                          6800            80
Sundar                                         6400            80
Amit                                           6200            80
Lisa                                          11500            80
Harrison                                      10000            80
Tayler                                         9600            80
William                                        7400            80

FIRST_NAME                                   SALARY DEPARTMENT_ID
---------------------------------------- ---------- -------------
Elizabeth                                      7300            80
Sundita                                        6100            80
Ellen                                         11000            80
Alyssa                                         8800            80
Jonathon                                       8600            80
Jack                                           8400            80
Charles                                        6200            80
Winston                                        3200            50
Jean                                           3100            50
Martha                                         2500            50
Girard                                         2800            50

FIRST_NAME                                   SALARY DEPARTMENT_ID
---------------------------------------- ---------- -------------
Nandita                                        4200            50
Alexis                                         4100            50
Julia                                          3400            50
Anthony                                        3000            50
Kelly                                          3800            50
Jennifer                                       3600            50
Timothy                                        2900            50
Randall                                        2500            50
Sarah                                          4000            50
Britney                                        3900            50
Samuel                                         3200            50

FIRST_NAME                                   SALARY DEPARTMENT_ID
---------------------------------------- ---------- -------------
Vance                                          2800            50
Alana                                          3100            50
Kevin                                          3000            50
Donald                                         2600            50
Douglas                                        2600            50
Jennifer                                       4400            10
Michael                                       13000            20
Pat                                            6000            20
Susan                                          6500            40
Hermann                                       10000            70
Shelley                                       12008           110

FIRST_NAME                                   SALARY DEPARTMENT_ID
---------------------------------------- ---------- -------------
William                                        8300           110

100 rows selected.

SQL> SELECT employee_id, job_id, salary, department_id from emplyees where salary between 3500 and 4700;
SELECT employee_id, job_id, salary, department_id from emplyees where salary between 3500 and 4700
                                                       *
ERROR at line 1:
ORA-00942: table or view does not exist


SQL> SELECT employee_id, job_id, salary, department_id FROM emplyees WHERE salary between 3500 and 4700;
SELECT employee_id, job_id, salary, department_id FROM emplyees WHERE salary between 3500 and 4700
                                                       *
ERROR at line 1:
ORA-00942: table or view does not exist


SQL> SELECT employee_id, job_id, salary, department_id FROM emplyees WHERE salary BETWEEN 3500 AND 4700;
SELECT employee_id, job_id, salary, department_id FROM emplyees WHERE salary BETWEEN 3500 AND 4700
                                                       *
ERROR at line 1:
ORA-00942: table or view does not exist


SQL> SELECT employee_id, job_id, salary, department_id FROM employees WHERE salary between 3500 and 4700;

EMPLOYEE_ID JOB_ID                   SALARY DEPARTMENT_ID
----------- -------------------- ---------- -------------
        107 IT_PROG                    4200            60
        137 ST_CLERK                   3600            50
        141 ST_CLERK                   3500            50
        184 SH_CLERK                   4200            50
        185 SH_CLERK                   4100            50
        188 SH_CLERK                   3800            50
        189 SH_CLERK                   3600            50
        192 SH_CLERK                   4000            50
        193 SH_CLERK                   3900            50
        200 AD_ASST                    4400            10

10 rows selected.

SQL> SELECT first_name, job_id, salary, department_id FROM employees WHERE salary between 3500 and 4700;

FIRST_NAME                               JOB_ID                   SALARY
---------------------------------------- -------------------- ----------
DEPARTMENT_ID
-------------
Diana                                    IT_PROG                    4200
           60

Renske                                   ST_CLERK                   3600
           50

Trenna                                   ST_CLERK                   3500
           50


FIRST_NAME                               JOB_ID                   SALARY
---------------------------------------- -------------------- ----------
DEPARTMENT_ID
-------------
Nandita                                  SH_CLERK                   4200
           50

Alexis                                   SH_CLERK                   4100
           50

Kelly                                    SH_CLERK                   3800
           50


FIRST_NAME                               JOB_ID                   SALARY
---------------------------------------- -------------------- ----------
DEPARTMENT_ID
-------------
Jennifer                                 SH_CLERK                   3600
           50

Sarah                                    SH_CLERK                   4000
           50

Britney                                  SH_CLERK                   3900
           50


FIRST_NAME                               JOB_ID                   SALARY
---------------------------------------- -------------------- ----------
DEPARTMENT_ID
-------------
Jennifer                                 AD_ASST                    4400
           10


10 rows selected.

SQL> SELECT * FROM employees;

EMPLOYEE_ID FIRST_NAME
----------- ----------------------------------------
LAST_NAME
--------------------------------------------------
EMAIL
--------------------------------------------------
PHONE_NUMBER                             HIRE_DAT JOB_ID
---------------------------------------- -------- --------------------
    SALARY COMMISSION_PCT MANAGER_ID DEPARTMENT_ID
---------- -------------- ---------- -------------
        100 Steven
King
SKING

EMPLOYEE_ID FIRST_NAME
----------- ----------------------------------------
LAST_NAME
--------------------------------------------------
EMAIL
--------------------------------------------------
PHONE_NUMBER                             HIRE_DAT JOB_ID
---------------------------------------- -------- --------------------
    SALARY COMMISSION_PCT MANAGER_ID DEPARTMENT_ID
---------- -------------- ---------- -------------
515.123.4567                             03/06/17 AD_PRES
     24000                                      90


EMPLOYEE_ID FIRST_NAME
----------- ----------------------------------------
LAST_NAME
--------------------------------------------------
EMAIL
--------------------------------------------------
PHONE_NUMBER                             HIRE_DAT JOB_ID
---------------------------------------- -------- --------------------
    SALARY COMMISSION_PCT MANAGER_ID DEPARTMENT_ID
---------- -------------- ---------- -------------
        101 Neena
Kochhar
NKOCHHAR

EMPLOYEE_ID FIRST_NAME
----------- ----------------------------------------
LAST_NAME
--------------------------------------------------
EMAIL
--------------------------------------------------
PHONE_NUMBER                             HIRE_DAT JOB_ID
---------------------------------------- -------- --------------------
    SALARY COMMISSION_PCT MANAGER_ID DEPARTMENT_ID
---------- -------------- ---------- -------------
515.123.4568                             05/09/21 AD_VP
     17000                       100            90


EMPLOYEE_ID FIRST_NAME
----------- ----------------------------------------
LAST_NAME
--------------------------------------------------
EMAIL
--------------------------------------------------
PHONE_NUMBER                             HIRE_DAT JOB_ID
---------------------------------------- -------- --------------------
    SALARY COMMISSION_PCT MANAGER_ID DEPARTMENT_ID
---------- -------------- ---------- -------------
        102 Lex
De Haan
LDEHAAN

EMPLOYEE_ID FIRST_NAME
----------- ----------------------------------------
LAST_NAME
--------------------------------------------------
EMAIL
--------------------------------------------------
PHONE_NUMBER                             HIRE_DAT JOB_ID
---------------------------------------- -------- --------------------
    SALARY COMMISSION_PCT MANAGER_ID DEPARTMENT_ID
---------- -------------- ---------- -------------
515.123.4569                             01/01/13 AD_VP
     17000                       100            90


EMPLOYEE_ID FIRST_NAME
----------- ----------------------------------------
LAST_NAME
--------------------------------------------------
EMAIL
--------------------------------------------------
PHONE_NUMBER                             HIRE_DAT JOB_ID
---------------------------------------- -------- --------------------
    SALARY COMMISSION_PCT MANAGER_ID DEPARTMENT_ID
---------- -------------- ---------- -------------
        103 Alexander
Hunold
AHUNOLD

EMPLOYEE_ID FIRST_NAME
----------- ----------------------------------------
LAST_NAME
--------------------------------------------------
EMAIL
--------------------------------------------------
PHONE_NUMBER                             HIRE_DAT JOB_ID
---------------------------------------- -------- --------------------
    SALARY COMMISSION_PCT MANAGER_ID DEPARTMENT_ID
---------- -------------- ---------- -------------
590.423.4567                             06/01/03 IT_PROG
      9000                       102            60


EMPLOYEE_ID FIRST_NAME
----------- ----------------------------------------
LAST_NAME
--------------------------------------------------
EMAIL
--------------------------------------------------
PHONE_NUMBER                             HIRE_DAT JOB_ID
---------------------------------------- -------- --------------------
    SALARY COMMISSION_PCT MANAGER_ID DEPARTMENT_ID
---------- -------------- ---------- -------------
        104 Bruce
Ernst
BERNST

EMPLOYEE_ID FIRST_NAME
----------- ----------------------------------------
LAST_NAME
--------------------------------------------------
EMAIL
--------------------------------------------------
PHONE_NUMBER                             HIRE_DAT JOB_ID
---------------------------------------- -------- --------------------
    SALARY COMMISSION_PCT MANAGER_ID DEPARTMENT_ID
---------- -------------- ---------- -------------
590.423.4568                             07/05/21 IT_PROG
      6000                       103            60


EMPLOYEE_ID FIRST_NAME
----------- ----------------------------------------
LAST_NAME
--------------------------------------------------
EMAIL
--------------------------------------------------
PHONE_NUMBER                             HIRE_DAT JOB_ID
---------------------------------------- -------- --------------------
    SALARY COMMISSION_PCT MANAGER_ID DEPARTMENT_ID
---------- -------------- ---------- -------------
        105 David
Austin
DAUSTIN

EMPLOYEE_ID FIRST_NAME
----------- ----------------------------------------
LAST_NAME
--------------------------------------------------
EMAIL
--------------------------------------------------
PHONE_NUMBER                             HIRE_DAT JOB_ID
---------------------------------------- -------- --------------------
    SALARY COMMISSION_PCT MANAGER_ID DEPARTMENT_ID
---------- -------------- ---------- -------------
590.423.4569                             05/06/25 IT_PROG
      4800                       103            60


EMPLOYEE_ID FIRST_NAME
----------- ----------------------------------------
LAST_NAME
--------------------------------------------------
EMAIL
--------------------------------------------------
PHONE_NUMBER                             HIRE_DAT JOB_ID
---------------------------------------- -------- --------------------
    SALARY COMMISSION_PCT MANAGER_ID DEPARTMENT_ID
---------- -------------- ---------- -------------
        106 Valli
Pataballa
VPATABAL

EMPLOYEE_ID FIRST_NAME
----------- ----------------------------------------
LAST_NAME
--------------------------------------------------
EMAIL
--------------------------------------------------
PHONE_NUMBER                             HIRE_DAT JOB_ID
---------------------------------------- -------- --------------------
    SALARY COMMISSION_PCT MANAGER_ID DEPARTMENT_ID
---------- -------------- ---------- -------------
590.423.4560                             06/02/05 IT_PROG
      4800                       103            60


EMPLOYEE_ID FIRST_NAME
----------- ----------------------------------------
LAST_NAME
--------------------------------------------------
EMAIL
--------------------------------------------------
PHONE_NUMBER                             HIRE_DAT JOB_ID
---------------------------------------- -------- --------------------
    SALARY COMMISSION_PCT MANAGER_ID DEPARTMENT_ID
---------- -------------- ---------- -------------
        107 Diana
Lorentz
DLORENTZ

EMPLOYEE_ID FIRST_NAME
----------- ----------------------------------------
LAST_NAME
--------------------------------------------------
EMAIL
--------------------------------------------------
PHONE_NUMBER                             HIRE_DAT JOB_ID
---------------------------------------- -------- --------------------
    SALARY COMMISSION_PCT MANAGER_ID DEPARTMENT_ID
---------- -------------- ---------- -------------
590.423.5567                             07/02/07 IT_PROG
      4200                       103            60


EMPLOYEE_ID FIRST_NAME
----------- ----------------------------------------
LAST_NAME
--------------------------------------------------
EMAIL
--------------------------------------------------
PHONE_NUMBER                             HIRE_DAT JOB_ID
---------------------------------------- -------- --------------------
    SALARY COMMISSION_PCT MANAGER_ID DEPARTMENT_ID
---------- -------------- ---------- -------------
        108 Nancy
Greenberg
NGREENBE

EMPLOYEE_ID FIRST_NAME
----------- ----------------------------------------
LAST_NAME
--------------------------------------------------
EMAIL
--------------------------------------------------
PHONE_NUMBER                             HIRE_DAT JOB_ID
---------------------------------------- -------- --------------------
    SALARY COMMISSION_PCT MANAGER_ID DEPARTMENT_ID
---------- -------------- ---------- -------------
515.124.4569                             02/08/17 FI_MGR
     12008                       101           100


EMPLOYEE_ID FIRST_NAME
----------- ----------------------------------------
LAST_NAME
--------------------------------------------------
EMAIL
--------------------------------------------------
PHONE_NUMBER                             HIRE_DAT JOB_ID
---------------------------------------- -------- --------------------
    SALARY COMMISSION_PCT MANAGER_ID DEPARTMENT_ID
---------- -------------- ---------- -------------
        109 Daniel
Faviet
DFAVIET

EMPLOYEE_ID FIRST_NAME
----------- ----------------------------------------
LAST_NAME
--------------------------------------------------
EMAIL
--------------------------------------------------
PHONE_NUMBER                             HIRE_DAT JOB_ID
---------------------------------------- -------- --------------------
    SALARY COMMISSION_PCT MANAGER_ID DEPARTMENT_ID
---------- -------------- ---------- -------------
515.124.4169                             02/08/16 FI_ACCOUNT
      9000                       108           100


EMPLOYEE_ID FIRST_NAME
----------- ----------------------------------------
LAST_NAME
--------------------------------------------------
EMAIL
--------------------------------------------------
PHONE_NUMBER                             HIRE_DAT JOB_ID
---------------------------------------- -------- --------------------
    SALARY COMMISSION_PCT MANAGER_ID DEPARTMENT_ID
---------- -------------- ---------- -------------
        110 John
Chen
JCHEN

EMPLOYEE_ID FIRST_NAME
----------- ----------------------------------------
LAST_NAME
--------------------------------------------------
EMAIL
--------------------------------------------------
PHONE_NUMBER                             HIRE_DAT JOB_ID
---------------------------------------- -------- --------------------
    SALARY COMMISSION_PCT MANAGER_ID DEPARTMENT_ID
---------- -------------- ---------- -------------
515.124.4269                             05/09/28 FI_ACCOUNT
      8200                       108           100


EMPLOYEE_ID FIRST_NAME
----------- ----------------------------------------
LAST_NAME
--------------------------------------------------
EMAIL
--------------------------------------------------
PHONE_NUMBER                             HIRE_DAT JOB_ID
---------------------------------------- -------- --------------------
    SALARY COMMISSION_PCT MANAGER_ID DEPARTMENT_ID
---------- -------------- ---------- -------------
        111 Ismael
Sciarra
ISCIARRA

EMPLOYEE_ID FIRST_NAME
----------- ----------------------------------------
LAST_NAME
--------------------------------------------------
EMAIL
--------------------------------------------------
PHONE_NUMBER                             HIRE_DAT JOB_ID
---------------------------------------- -------- --------------------
    SALARY COMMISSION_PCT MANAGER_ID DEPARTMENT_ID
---------- -------------- ---------- -------------
515.124.4369                             05/09/30 FI_ACCOUNT
      7700                       108           100


EMPLOYEE_ID FIRST_NAME
----------- ----------------------------------------
LAST_NAME
--------------------------------------------------
EMAIL
--------------------------------------------------
PHONE_NUMBER                             HIRE_DAT JOB_ID
---------------------------------------- -------- --------------------
    SALARY COMMISSION_PCT MANAGER_ID DEPARTMENT_ID
---------- -------------- ---------- -------------
        112 Jose Manuel
Urman
JMURMAN

EMPLOYEE_ID FIRST_NAME
----------- ----------------------------------------
LAST_NAME
--------------------------------------------------
EMAIL
--------------------------------------------------
PHONE_NUMBER                             HIRE_DAT JOB_ID
---------------------------------------- -------- --------------------
    SALARY COMMISSION_PCT MANAGER_ID DEPARTMENT_ID
---------- -------------- ---------- -------------
515.124.4469                             06/03/07 FI_ACCOUNT
      7800                       108           100


EMPLOYEE_ID FIRST_NAME
----------- ----------------------------------------
LAST_NAME
--------------------------------------------------
EMAIL
--------------------------------------------------
PHONE_NUMBER                             HIRE_DAT JOB_ID
---------------------------------------- -------- --------------------
    SALARY COMMISSION_PCT MANAGER_ID DEPARTMENT_ID
---------- -------------- ---------- -------------
        113 Luis
Popp
LPOPP

EMPLOYEE_ID FIRST_NAME
----------- ----------------------------------------
LAST_NAME
--------------------------------------------------
EMAIL
--------------------------------------------------
PHONE_NUMBER                             HIRE_DAT JOB_ID
---------------------------------------- -------- --------------------
    SALARY COMMISSION_PCT MANAGER_ID DEPARTMENT_ID
---------- -------------- ---------- -------------
515.124.4567                             07/12/07 FI_ACCOUNT
      6900                       108           100


EMPLOYEE_ID FIRST_NAME
----------- ----------------------------------------
LAST_NAME
--------------------------------------------------
EMAIL
--------------------------------------------------
PHONE_NUMBER                             HIRE_DAT JOB_ID
---------------------------------------- -------- --------------------
    SALARY COMMISSION_PCT MANAGER_ID DEPARTMENT_ID
---------- -------------- ---------- -------------
        114 Den
Raphaely
DRAPHEAL

EMPLOYEE_ID FIRST_NAME
----------- ----------------------------------------
LAST_NAME
--------------------------------------------------
EMAIL
--------------------------------------------------
PHONE_NUMBER                             HIRE_DAT JOB_ID
---------------------------------------- -------- --------------------
    SALARY COMMISSION_PCT MANAGER_ID DEPARTMENT_ID
---------- -------------- ---------- -------------
515.127.4561                             02/12/07 PU_MAN
     11000                       100            30


EMPLOYEE_ID FIRST_NAME
----------- ----------------------------------------
LAST_NAME
--------------------------------------------------
EMAIL
--------------------------------------------------
PHONE_NUMBER                             HIRE_DAT JOB_ID
---------------------------------------- -------- --------------------
    SALARY COMMISSION_PCT MANAGER_ID DEPARTMENT_ID
---------- -------------- ---------- -------------
        115 Alexander
Khoo
AKHOO

EMPLOYEE_ID FIRST_NAME
----------- ----------------------------------------
LAST_NAME
--------------------------------------------------
EMAIL
--------------------------------------------------
PHONE_NUMBER                             HIRE_DAT JOB_ID
---------------------------------------- -------- --------------------
    SALARY COMMISSION_PCT MANAGER_ID DEPARTMENT_ID
---------- -------------- ---------- -------------
515.127.4562                             03/05/18 PU_CLERK
      3100                       114            30


EMPLOYEE_ID FIRST_NAME
----------- ----------------------------------------
LAST_NAME
--------------------------------------------------
EMAIL
--------------------------------------------------
PHONE_NUMBER                             HIRE_DAT JOB_ID
---------------------------------------- -------- --------------------
    SALARY COMMISSION_PCT MANAGER_ID DEPARTMENT_ID
---------- -------------- ---------- -------------
        116 Shelli
Baida
SBAIDA

EMPLOYEE_ID FIRST_NAME
----------- ----------------------------------------
LAST_NAME
--------------------------------------------------
EMAIL
--------------------------------------------------
PHONE_NUMBER                             HIRE_DAT JOB_ID
---------------------------------------- -------- --------------------
    SALARY COMMISSION_PCT MANAGER_ID DEPARTMENT_ID
---------- -------------- ---------- -------------
515.127.4563                             05/12/24 PU_CLERK
      2900                       114            30


EMPLOYEE_ID FIRST_NAME
----------- ----------------------------------------
LAST_NAME
--------------------------------------------------
EMAIL
--------------------------------------------------
PHONE_NUMBER                             HIRE_DAT JOB_ID
---------------------------------------- -------- --------------------
    SALARY COMMISSION_PCT MANAGER_ID DEPARTMENT_ID
---------- -------------- ---------- -------------
        117 Sigal
Tobias
STOBIAS

EMPLOYEE_ID FIRST_NAME
----------- ----------------------------------------
LAST_NAME
--------------------------------------------------
EMAIL
--------------------------------------------------
PHONE_NUMBER                             HIRE_DAT JOB_ID
---------------------------------------- -------- --------------------
    SALARY COMMISSION_PCT MANAGER_ID DEPARTMENT_ID
---------- -------------- ---------- -------------
515.127.4564                             05/07/24 PU_CLERK
      2800                       114            30


EMPLOYEE_ID FIRST_NAME
----------- ----------------------------------------
LAST_NAME
--------------------------------------------------
EMAIL
--------------------------------------------------
PHONE_NUMBER                             HIRE_DAT JOB_ID
---------------------------------------- -------- --------------------
    SALARY COMMISSION_PCT MANAGER_ID DEPARTMENT_ID
---------- -------------- ---------- -------------
        118 Guy
Himuro
GHIMURO

EMPLOYEE_ID FIRST_NAME
----------- ----------------------------------------
LAST_NAME
--------------------------------------------------
EMAIL
--------------------------------------------------
PHONE_NUMBER                             HIRE_DAT JOB_ID
---------------------------------------- -------- --------------------
    SALARY COMMISSION_PCT MANAGER_ID DEPARTMENT_ID
---------- -------------- ---------- -------------
515.127.4565                             06/11/15 PU_CLERK
      2600                       114            30


EMPLOYEE_ID FIRST_NAME
----------- ----------------------------------------
LAST_NAME
--------------------------------------------------
EMAIL
--------------------------------------------------
PHONE_NUMBER                             HIRE_DAT JOB_ID
---------------------------------------- -------- --------------------
    SALARY COMMISSION_PCT MANAGER_ID DEPARTMENT_ID
---------- -------------- ---------- -------------
        119 Karen
Colmenares
KCOLMENA

EMPLOYEE_ID FIRST_NAME
----------- ----------------------------------------
LAST_NAME
--------------------------------------------------
EMAIL
--------------------------------------------------
PHONE_NUMBER                             HIRE_DAT JOB_ID
---------------------------------------- -------- --------------------
    SALARY COMMISSION_PCT MANAGER_ID DEPARTMENT_ID
---------- -------------- ---------- -------------
515.127.4566                             07/08/10 PU_CLERK
      2500                       114            30


EMPLOYEE_ID FIRST_NAME
----------- ----------------------------------------
LAST_NAME
--------------------------------------------------
EMAIL
--------------------------------------------------
PHONE_NUMBER                             HIRE_DAT JOB_ID
---------------------------------------- -------- --------------------
    SALARY COMMISSION_PCT MANAGER_ID DEPARTMENT_ID
---------- -------------- ---------- -------------
        120 Matthew
Weiss
MWEISS

EMPLOYEE_ID FIRST_NAME
----------- ----------------------------------------
LAST_NAME
--------------------------------------------------
EMAIL
--------------------------------------------------
PHONE_NUMBER                             HIRE_DAT JOB_ID
---------------------------------------- -------- --------------------
    SALARY COMMISSION_PCT MANAGER_ID DEPARTMENT_ID
---------- -------------- ---------- -------------
650.123.1234                             04/07/18 ST_MAN
      8000                       100            50


EMPLOYEE_ID FIRST_NAME
----------- ----------------------------------------
LAST_NAME
--------------------------------------------------
EMAIL
--------------------------------------------------
PHONE_NUMBER                             HIRE_DAT JOB_ID
---------------------------------------- -------- --------------------
    SALARY COMMISSION_PCT MANAGER_ID DEPARTMENT_ID
---------- -------------- ---------- -------------
        121 Adam
Fripp
AFRIPP

EMPLOYEE_ID FIRST_NAME
----------- ----------------------------------------
LAST_NAME
--------------------------------------------------
EMAIL
--------------------------------------------------
PHONE_NUMBER                             HIRE_DAT JOB_ID
---------------------------------------- -------- --------------------
    SALARY COMMISSION_PCT MANAGER_ID DEPARTMENT_ID
---------- -------------- ---------- -------------
650.123.2234                             05/04/10 ST_MAN
      8200                       100            50


EMPLOYEE_ID FIRST_NAME
----------- ----------------------------------------
LAST_NAME
--------------------------------------------------
EMAIL
--------------------------------------------------
PHONE_NUMBER                             HIRE_DAT JOB_ID
---------------------------------------- -------- --------------------
    SALARY COMMISSION_PCT MANAGER_ID DEPARTMENT_ID
---------- -------------- ---------- -------------
        122 Payam
Kaufling
PKAUFLIN

EMPLOYEE_ID FIRST_NAME
----------- ----------------------------------------
LAST_NAME
--------------------------------------------------
EMAIL
--------------------------------------------------
PHONE_NUMBER                             HIRE_DAT JOB_ID
---------------------------------------- -------- --------------------
    SALARY COMMISSION_PCT MANAGER_ID DEPARTMENT_ID
---------- -------------- ---------- -------------
650.123.3234                             03/05/01 ST_MAN
      7900                       100            50


EMPLOYEE_ID FIRST_NAME
----------- ----------------------------------------
LAST_NAME
--------------------------------------------------
EMAIL
--------------------------------------------------
PHONE_NUMBER                             HIRE_DAT JOB_ID
---------------------------------------- -------- --------------------
    SALARY COMMISSION_PCT MANAGER_ID DEPARTMENT_ID
---------- -------------- ---------- -------------
        123 Shanta
Vollman
SVOLLMAN

EMPLOYEE_ID FIRST_NAME
----------- ----------------------------------------
LAST_NAME
--------------------------------------------------
EMAIL
--------------------------------------------------
PHONE_NUMBER                             HIRE_DAT JOB_ID
---------------------------------------- -------- --------------------
    SALARY COMMISSION_PCT MANAGER_ID DEPARTMENT_ID
---------- -------------- ---------- -------------
650.123.4234                             05/10/10 ST_MAN
      6500                       100            50


EMPLOYEE_ID FIRST_NAME
----------- ----------------------------------------
LAST_NAME
--------------------------------------------------
EMAIL
--------------------------------------------------
PHONE_NUMBER                             HIRE_DAT JOB_ID
---------------------------------------- -------- --------------------
    SALARY COMMISSION_PCT MANAGER_ID DEPARTMENT_ID
---------- -------------- ---------- -------------
        124 Kevin
Mourgos
KMOURGOS

EMPLOYEE_ID FIRST_NAME
----------- ----------------------------------------
LAST_NAME
--------------------------------------------------
EMAIL
--------------------------------------------------
PHONE_NUMBER                             HIRE_DAT JOB_ID
---------------------------------------- -------- --------------------
    SALARY COMMISSION_PCT MANAGER_ID DEPARTMENT_ID
---------- -------------- ---------- -------------
650.123.5234                             07/11/16 ST_MAN
      5800                       100            50


EMPLOYEE_ID FIRST_NAME
----------- ----------------------------------------
LAST_NAME
--------------------------------------------------
EMAIL
--------------------------------------------------
PHONE_NUMBER                             HIRE_DAT JOB_ID
---------------------------------------- -------- --------------------
    SALARY COMMISSION_PCT MANAGER_ID DEPARTMENT_ID
---------- -------------- ---------- -------------
        125 Julia
Nayer
JNAYER

EMPLOYEE_ID FIRST_NAME
----------- ----------------------------------------
LAST_NAME
--------------------------------------------------
EMAIL
--------------------------------------------------
PHONE_NUMBER                             HIRE_DAT JOB_ID
---------------------------------------- -------- --------------------
    SALARY COMMISSION_PCT MANAGER_ID DEPARTMENT_ID
---------- -------------- ---------- -------------
650.124.1214                             05/07/16 ST_CLERK
      3200                       120            50


EMPLOYEE_ID FIRST_NAME
----------- ----------------------------------------
LAST_NAME
--------------------------------------------------
EMAIL
--------------------------------------------------
PHONE_NUMBER                             HIRE_DAT JOB_ID
---------------------------------------- -------- --------------------
    SALARY COMMISSION_PCT MANAGER_ID DEPARTMENT_ID
---------- -------------- ---------- -------------
        126 Irene
Mikkilineni
IMIKKILI

EMPLOYEE_ID FIRST_NAME
----------- ----------------------------------------
LAST_NAME
--------------------------------------------------
EMAIL
--------------------------------------------------
PHONE_NUMBER                             HIRE_DAT JOB_ID
---------------------------------------- -------- --------------------
    SALARY COMMISSION_PCT MANAGER_ID DEPARTMENT_ID
---------- -------------- ---------- -------------
650.124.1224                             06/09/28 ST_CLERK
      2700                       120            50


EMPLOYEE_ID FIRST_NAME
----------- ----------------------------------------
LAST_NAME
--------------------------------------------------
EMAIL
--------------------------------------------------
PHONE_NUMBER                             HIRE_DAT JOB_ID
---------------------------------------- -------- --------------------
    SALARY COMMISSION_PCT MANAGER_ID DEPARTMENT_ID
---------- -------------- ---------- -------------
        127 James
Landry
JLANDRY

EMPLOYEE_ID FIRST_NAME
----------- ----------------------------------------
LAST_NAME
--------------------------------------------------
EMAIL
--------------------------------------------------
PHONE_NUMBER                             HIRE_DAT JOB_ID
---------------------------------------- -------- --------------------
    SALARY COMMISSION_PCT MANAGER_ID DEPARTMENT_ID
---------- -------------- ---------- -------------
650.124.1334                             07/01/14 ST_CLERK
      2400                       120            50


EMPLOYEE_ID FIRST_NAME
----------- ----------------------------------------
LAST_NAME
--------------------------------------------------
EMAIL
--------------------------------------------------
PHONE_NUMBER                             HIRE_DAT JOB_ID
---------------------------------------- -------- --------------------
    SALARY COMMISSION_PCT MANAGER_ID DEPARTMENT_ID
---------- -------------- ---------- -------------
        128 Steven
Markle
SMARKLE

EMPLOYEE_ID FIRST_NAME
----------- ----------------------------------------
LAST_NAME
--------------------------------------------------
EMAIL
--------------------------------------------------
PHONE_NUMBER                             HIRE_DAT JOB_ID
---------------------------------------- -------- --------------------
    SALARY COMMISSION_PCT MANAGER_ID DEPARTMENT_ID
---------- -------------- ---------- -------------
650.124.1434                             08/03/08 ST_CLERK
      2200                       120            50


EMPLOYEE_ID FIRST_NAME
----------- ----------------------------------------
LAST_NAME
--------------------------------------------------
EMAIL
--------------------------------------------------
PHONE_NUMBER                             HIRE_DAT JOB_ID
---------------------------------------- -------- --------------------
    SALARY COMMISSION_PCT MANAGER_ID DEPARTMENT_ID
---------- -------------- ---------- -------------
        129 Laura
Bissot
LBISSOT



107 rows selected.



SQL> SELECT employee_id, first_name, job_id, salary, hire_date FROM employees WHERE employee_id IN (123,135,192,205);

EMPLOYEE_ID FIRST_NAME                               JOB_ID
----------- ---------------------------------------- --------------------
    SALARY HIRE_DAT
---------- --------
        123 Shanta                                   ST_MAN
      6500 05/10/10

        135 Ki                                       ST_CLERK
      2400 07/12/12

        192 Sarah                                    SH_CLERK
      4000 04/02/04


EMPLOYEE_ID FIRST_NAME                               JOB_ID
----------- ---------------------------------------- --------------------
    SALARY HIRE_DAT
---------- --------
        205 Shelley                                  AC_MGR
     12008 02/06/07